[Licensing::Module] Trying to connect to existing licensing client channel...
Built from '6000.3/staging' branch; Version is '6000.3.3f1 (ef04196de0d6) revision 15664153'; Using compiler version '194234433'; Build Type 'Release'
OS: 'Windows 11  (10.0.26200) 64bit Core' Language: 'cs' Physical Memory: 31701 MB
BatchMode: 1, IsHumanControllingUs: 0, StartBugReporterOnCrash: 0, Is64bit: 1
[Licensing::IpcConnector] Successfully connected to: "LicenseClient-Martin" at "2026-02-01T20:47:28.9972806Z"
Date: 2026-02-01T20:47:28Z

COMMAND LINE ARGUMENTS:
C:\Program Files\Unity\Hub\Editor\6000.3.3f1\Editor\Unity.exe
-adb2
-batchMode
-noUpm
-name
AssetImportWorker0
-projectPath
C:/Users/Martin/Downloads/dominik_repo/maturitniprace/devGame
-logFile
Logs/AssetImportWorker0.log
-srvPort
53519
-licensingIpc
LicenseClient-Martin
-job-worker-count
5
-background-job-worker-count
8
-gc-helper-count
1
-name
AssetImport
Successfully changed project path to: C:/Users/Martin/Downloads/dominik_repo/maturitniprace/devGame
C:/Users/Martin/Downloads/dominik_repo/maturitniprace/devGame
[UnityMemory] Configuration Parameters - Can be set up in boot.config
    "memorysetup-temp-allocator-size-nav-mesh-worker=65536"
    "memorysetup-temp-allocator-size-audio-worker=65536"
    "memorysetup-temp-allocator-size-gfx=262144"
    "memorysetup-allocator-temp-initial-block-size-main=262144"
    "memorysetup-allocator-temp-initial-block-size-worker=262144"
    "memorysetup-temp-allocator-size-background-worker=32768"
    "memorysetup-temp-allocator-size-job-worker=262144"
    "memorysetup-temp-allocator-size-preload-manager=33554432"
    "memorysetup-temp-allocator-size-gi-baking-worker=262144"
    "memorysetup-temp-allocator-size-gi-baking-worker=262144"
    "memorysetup-temp-allocator-size-gi-baking-worker=262144"
    "memorysetup-temp-allocator-size-gi-baking-worker=262144"
    "memorysetup-temp-allocator-size-gi-baking-worker=262144"
    "memorysetup-bucket-allocator-granularity=16"
    "memorysetup-bucket-allocator-bucket-count=8"
    "memorysetup-bucket-allocator-block-size=33554432"
    "memorysetup-bucket-allocator-block-count=8"
    "memorysetup-main-allocator-block-size=16777216"
    "memorysetup-thread-allocator-block-size=16777216"
    "memorysetup-gfx-main-allocator-block-size=16777216"
    "memorysetup-gfx-thread-allocator-block-size=16777216"
    "memorysetup-cache-allocator-block-size=4194304"
    "memorysetup-typetree-allocator-block-size=2097152"
    "memorysetup-profiler-bucket-allocator-granularity=16"
    "memorysetup-profiler-bucket-allocator-bucket-count=8"
    "memorysetup-profiler-bucket-allocator-block-size=33554432"
    "memorysetup-profiler-bucket-allocator-block-count=8"
    "memorysetup-profiler-allocator-block-size=16777216"
    "memorysetup-profiler-editor-allocator-block-size=1048576"
    "memorysetup-temp-allocator-size-main=16777216"
    "memorysetup-job-temp-allocator-block-size=2097152"
    "memorysetup-job-temp-allocator-block-size-background=1048576"
    "memorysetup-job-temp-allocator-reduction-small-platforms=262144"
    "memorysetup-temp-allocator-size-cloud-worker=32768"
Player connection [23476]  Target information:

Player connection [23476]  * "[IP] 192.168.68.53 [Port] 0 [Flags] 2 [Guid] 2921323031 [EditorId] 2921323031 [Version] 1048832 [Id] WindowsEditor(7,DESKTOP-BH2HPD8) [Debug] 1 [PackageName] WindowsEditor [ProjectName] Editor" 

Player connection [23476] Host joined multi-casting on [225.0.0.222:54997]...
Player connection [23476] Host joined alternative multi-casting on [225.0.0.222:34997]...
JobSystem: Creating JobQueue using job-worker-count value 5
Input System module state changed to: Initialized.
[Physics::Module] Initialized fallback backend.
[Physics::Module] Id: 0xdecafbad
Library Redirect Path: Library/
[Physics::Module] Selected backend.
[Physics::Module] Name: PhysX
[Physics::Module] Id: 0xf2b8ea05
[Physics::Module] SDK Version: 4.1.2
[Physics::Module] Integration Version: 1.0.0
[Physics::Module] Threading Mode: Multi-Threaded
Refreshing native plugins compatible for Editor in 5.04 ms, found 2 plugins.
Preloading 0 native plugins for Editor in 0.00 ms.
Initialize engine version: 6000.3.3f1 (ef04196de0d6)
[Subsystems] Discovering subsystems at path C:/Program Files/Unity/Hub/Editor/6000.3.3f1/Editor/Data/Resources/UnitySubsystems
[Subsystems] Discovering subsystems at path C:/Users/Martin/Downloads/dominik_repo/maturitniprace/devGame/Assets
GfxDevice: creating device client; kGfxThreadingModeNonThreaded
Direct3D:
    Version:  Direct3D 11.0 [level 11.1]
    Renderer: NVIDIA GeForce RTX 3070 (ID=0x2488)
    Vendor:   NVIDIA
    VRAM:     8018 MB
    Driver:   32.0.15.8097
Shader 'WFX/Transparent Diffuse': fallback shader 'Particles/Alpha Blended' not found
Shader 'WFX/Transparent Specular': fallback shader 'Particles/Alpha Blended' not found
Initialize mono
Mono path[0] = 'C:/Program Files/Unity/Hub/Editor/6000.3.3f1/Editor/Data/Managed'
Mono path[1] = 'C:/Program Files/Unity/Hub/Editor/6000.3.3f1/Editor/Data/MonoBleedingEdge/lib/mono/unityjit-win32'
Mono config path = 'C:/Program Files/Unity/Hub/Editor/6000.3.3f1/Editor/Data/MonoBleedingEdge/etc'
Using monoOptions --debugger-agent=transport=dt_socket,embedding=1,server=y,suspend=n,address=127.0.0.1:56800
Begin MonoManager ReloadAssembly
[Licensing::Client] Handshaking with LicensingClient:
  Version:                 1.17.4+4293ba1
  Session Id:              823a27768ffe41d4bd6df6182421a41f
  Correlation Id:          2c907f9bd62b06f11b5b91dc84cae8e9
  External correlation Id: 7977746137145866484
  Machine Id:              00CTUCjZj0TovAVXi7ICp8/DbyI=
[Licensing::Module] Successfully connected to LicensingClient on channel: "LicenseClient-Martin" (connect: 0.00s, validation: 0.00s, handshake: 0.62s)
[Licensing::IpcConnector] Successfully connected to: "LicenseClient-Martin-notifications" at "2026-02-01T20:47:29.6220537Z"
[Licensing::Module] Licensing Background thread has ended after 0.62s
Registering precompiled unity dll's ...
Register platform support module: C:/Program Files/Unity/Hub/Editor/6000.3.3f1/Editor/Data/PlaybackEngines/WindowsStandaloneSupport/UnityEditor.WindowsStandalone.Extensions.dll
Registered in 0.001143 seconds.
- Loaded All Assemblies, in  0.275 seconds
Native extension for WindowsStandalone target not found
Mono: successfully reloaded assembly
- Finished resetting the current domain, in  0.267 seconds
Domain Reload Profiling: 540ms
	BeginReloadAssembly (85ms)
		ExecutionOrderSort (0ms)
		DisableScriptedObjects (0ms)
		BackupInstance (0ms)
		ReleaseScriptingObjects (0ms)
		CreateAndSetChildDomain (0ms)
	RebuildCommonClasses (28ms)
	RebuildNativeTypeToScriptingClass (12ms)
	initialDomainReloadingComplete (29ms)
	LoadAllAssembliesAndSetupDomain (119ms)
		LoadAssemblies (82ms)
		RebuildTransferFunctionScriptingTraits (0ms)
		AnalyzeDomain (117ms)
			TypeCache.Refresh (115ms)
				TypeCache.ScanAssembly (106ms)
			BuildScriptInfoCaches (0ms)
			ResolveRequiredComponents (0ms)
	FinalizeReload (267ms)
		ReleaseScriptCaches (0ms)
		RebuildScriptCaches (0ms)
		SetupLoadedEditorAssemblies (244ms)
			LogAssemblyErrors (0ms)
			InitializePlatformSupportModulesInManaged (31ms)
			SetLoadedEditorAssemblies (2ms)
			BeforeProcessingInitializeOnLoad (52ms)
			ProcessInitializeOnLoadAttributes (105ms)
			ProcessInitializeOnLoadMethodAttributes (53ms)
			AfterProcessingInitializeOnLoad (0ms)
			EditorAssembliesLoaded (0ms)
		ExecutionOrderSort2 (0ms)
		AwakeInstancesAfterBackupRestoration (0ms)
========================================================================
Worker process is ready to serve import requests
Import Worker Mode flag is 0x00
Begin MonoManager ReloadAssembly
[Licensing::Client] Successfully resolved entitlement details
[Licensing::Module] License group:
  Id: 1374554797541-UnityPersXXXX
  Product: Unity Personal
  Type: Assigned
  Expiration: Unlimited
Symbol file LoadedFromMemory is not a mono symbol file
- Loaded All Assemblies, in  0.635 seconds
Refreshing native plugins compatible for Editor in 3.04 ms, found 2 plugins.
Native extension for WindowsStandalone target not found
Package Manager log level set to [2]
[Package Manager] Failed to launch server process. Reason: Unity was launched with the -noUpm command-line argument
[Package Manager] Unable to send message (not connected to server process).
[Package Manager] Cannot connect to Unity Package Manager local server
Refreshing native plugins compatible for Editor in 3.30 ms, found 2 plugins.
Mono: successfully reloaded assembly
- Finished resetting the current domain, in  0.671 seconds
Domain Reload Profiling: 1301ms
	BeginReloadAssembly (149ms)
		ExecutionOrderSort (0ms)
		DisableScriptedObjects (4ms)
		BackupInstance (0ms)
		ReleaseScriptingObjects (0ms)
		CreateAndSetChildDomain (37ms)
	RebuildCommonClasses (30ms)
	RebuildNativeTypeToScriptingClass (9ms)
	initialDomainReloadingComplete (31ms)
	LoadAllAssembliesAndSetupDomain (411ms)
		LoadAssemblies (284ms)
		RebuildTransferFunctionScriptingTraits (0ms)
		AnalyzeDomain (198ms)
			TypeCache.Refresh (142ms)
				TypeCache.ScanAssembly (131ms)
			BuildScriptInfoCaches (45ms)
			ResolveRequiredComponents (7ms)
	FinalizeReload (671ms)
		ReleaseScriptCaches (0ms)
		RebuildScriptCaches (0ms)
		SetupLoadedEditorAssemblies (532ms)
			LogAssemblyErrors (0ms)
			InitializePlatformSupportModulesInManaged (1ms)
			SetLoadedEditorAssemblies (3ms)
			BeforeProcessingInitializeOnLoad (109ms)
			ProcessInitializeOnLoadAttributes (264ms)
			ProcessInitializeOnLoadMethodAttributes (150ms)
			AfterProcessingInitializeOnLoad (4ms)
			EditorAssembliesLoaded (0ms)
		ExecutionOrderSort2 (0ms)
		AwakeInstancesAfterBackupRestoration (5ms)
Shader 'WFX/Transparent Specular': fallback shader 'Particles/Alpha Blended' not found
Shader 'WFX/Transparent Diffuse': fallback shader 'Particles/Alpha Blended' not found
Launched and connected shader compiler UnityShaderCompiler.exe after 0.01 seconds
Refreshing native plugins compatible for Editor in 3.20 ms, found 2 plugins.
Preloading 0 native plugins for Editor in 0.00 ms.
Unloading 17 Unused Serialized files (Serialized files now loaded: 0)
Unloading 6088 unused Assets / (4.2 MB). Loaded Objects now: 6884.
Memory consumption went from 151.9 MB to 147.7 MB.
Total: 9.382300 ms (FindLiveObjects: 0.521900 ms CreateObjectMapping: 0.271900 ms MarkObjects: 7.113900 ms  DeleteObjects: 1.473800 ms)

========================================================================
Received Import Request.
  Time since last request: 730719.885076 seconds.
  path: Assets/B-hips_B-hipsAction.anim
  artifactKey: Guid(1d0e7e9669d608d47ac6d3146af492d9) Importer(2089858483,b0f066a214c2f5e87bad3c948f4d605d)
Start importing Assets/B-hips_B-hipsAction.anim using Guid(1d0e7e9669d608d47ac6d3146af492d9) Importer(2089858483,b0f066a214c2f5e87bad3c948f4d605d) (ScriptedImporter) -> (artifact id: '21d249345d97bbccf3f3e4d926a7c96e') in 0.0675277 seconds
Number of updated asset objects reloaded before import = 0Number of asset objects unloaded after import = 1

========================================================================
Received Import Request.
  Time since last request: 0.273354 seconds.
  path: Assets/EnemyNPC.prefab
  artifactKey: Guid(bfed9c4a5a9aa6f40ae884b560d7e071) Importer(815301076,1909f56bfc062723c751e8b465ee728b)
Start importing Assets/EnemyNPC.prefab using Guid(bfed9c4a5a9aa6f40ae884b560d7e071) Importer(815301076,1909f56bfc062723c751e8b465ee728b) (PreviewImporter) -> (artifact id: 'dd0fa419fff2e932fbcebbdd0eda6dfc') in 0.2708238 seconds
Number of updated asset objects reloaded before import = 0Number of asset objects unloaded after import = 143

========================================================================
Received Import Request.
  Time since last request: 1.275766 seconds.
  path: Assets/B-hips_B-hipsAction.anim
  artifactKey: Guid(1d0e7e9669d608d47ac6d3146af492d9) Importer(815301076,1909f56bfc062723c751e8b465ee728b)
Start importing Assets/B-hips_B-hipsAction.anim using Guid(1d0e7e9669d608d47ac6d3146af492d9) Importer(815301076,1909f56bfc062723c751e8b465ee728b) (PreviewImporter) -> (artifact id: 'd4758369c06a04b4ead239c51ede17a1') in 0.0018703 seconds
Number of updated asset objects reloaded before import = 0Number of asset objects unloaded after import = 1

========================================================================
Received Import Request.
  Time since last request: 20.668117 seconds.
  path: Assets/World/Environment/Prefabs/Furniture/3Seat.prefab
  artifactKey: Guid(4da9f6017c5c2954282fe23c8f297ec2) Importer(815301076,1909f56bfc062723c751e8b465ee728b)
Start importing Assets/World/Environment/Prefabs/Furniture/3Seat.prefab using Guid(4da9f6017c5c2954282fe23c8f297ec2) Importer(815301076,1909f56bfc062723c751e8b465ee728b) (PreviewImporter) -> (artifact id: '5eb4603d5eea320df49aa213fef71b1f') in 0.5344233 seconds
Number of updated asset objects reloaded before import = 0Number of asset objects unloaded after import = 13

========================================================================
Received Import Request.
  Time since last request: 0.000039 seconds.
  path: Assets/World/Environment/Prefabs/Furniture/3Seat2.prefab
  artifactKey: Guid(bd72486aa780d7c488fce4c5de88266f) Importer(815301076,1909f56bfc062723c751e8b465ee728b)
Start importing Assets/World/Environment/Prefabs/Furniture/3Seat2.prefab using Guid(bd72486aa780d7c488fce4c5de88266f) Importer(815301076,1909f56bfc062723c751e8b465ee728b) (PreviewImporter) -> (artifact id: '77d6b310a8bb8a6d3dfe556f6bb83412') in 0.0397302 seconds
Number of updated asset objects reloaded before import = 0Number of asset objects unloaded after import = 12

========================================================================
Received Import Request.
  Time since last request: 0.000030 seconds.
  path: Assets/World/Environment/Prefabs/Furniture/3Seat3.prefab
  artifactKey: Guid(d9e6213ffc5943b4db8396985aa3f894) Importer(815301076,1909f56bfc062723c751e8b465ee728b)
Start importing Assets/World/Environment/Prefabs/Furniture/3Seat3.prefab using Guid(d9e6213ffc5943b4db8396985aa3f894) Importer(815301076,1909f56bfc062723c751e8b465ee728b) (PreviewImporter) -> (artifact id: 'ab2446d6aa9fa4f7186538df2c5510ca') in 0.0529276 seconds
Number of updated asset objects reloaded before import = 0Number of asset objects unloaded after import = 12

========================================================================
Received Import Request.
  Time since last request: 0.000022 seconds.
  path: Assets/World/Environment/Models/Furniture/3Seat2.fbx
  artifactKey: Guid(fd8712e1a3b95bf408cf1bf15fb9a131) Importer(815301076,1909f56bfc062723c751e8b465ee728b)
Start importing Assets/World/Environment/Models/Furniture/3Seat2.fbx using Guid(fd8712e1a3b95bf408cf1bf15fb9a131) Importer(815301076,1909f56bfc062723c751e8b465ee728b) (PreviewImporter) -> (artifact id: '2ce4e74b90d9f550b61fbeae95707867') in 0.0346296 seconds
Number of updated asset objects reloaded before import = 0Number of asset objects unloaded after import = 12

========================================================================
Received Import Request.
  Time since last request: 1.620381 seconds.
  path: Assets/World/Environment/Prefabs/Building1/All.obj
  artifactKey: Guid(f62b0587c83d49a4ab1186ff5d37822c) Importer(815301076,1909f56bfc062723c751e8b465ee728b)
Start importing Assets/World/Environment/Prefabs/Building1/All.obj using Guid(f62b0587c83d49a4ab1186ff5d37822c) Importer(815301076,1909f56bfc062723c751e8b465ee728b) (PreviewImporter) -> (artifact id: '72e1bcc48997de489af8ad4df50df9f4') in 2.1424975 seconds
Number of updated asset objects reloaded before import = 0Number of asset objects unloaded after import = 1541

========================================================================
Received Import Request.
  Time since last request: 0.000045 seconds.
  path: Assets/World/Environment/Models/Books/BookOpen_04.fbx
  artifactKey: Guid(e5545fb76235f7643ae07bb64d5b27d7) Importer(815301076,1909f56bfc062723c751e8b465ee728b)
Start importing Assets/World/Environment/Models/Books/BookOpen_04.fbx using Guid(e5545fb76235f7643ae07bb64d5b27d7) Importer(815301076,1909f56bfc062723c751e8b465ee728b) (PreviewImporter) -> (artifact id: 'a6ad05121d8427ba6c4be18ac860d5e4') in 0.0188736 seconds
Number of updated asset objects reloaded before import = 0Number of asset objects unloaded after import = 11

========================================================================
Received Import Request.
  Time since last request: 0.000041 seconds.
  path: Assets/World/Environment/Prefabs/Building1/Box_350x250x200_Prefab.prefab
  artifactKey: Guid(7b846d8f536f007498c941069487ce81) Importer(815301076,1909f56bfc062723c751e8b465ee728b)
Start importing Assets/World/Environment/Prefabs/Building1/Box_350x250x200_Prefab.prefab using Guid(7b846d8f536f007498c941069487ce81) Importer(815301076,1909f56bfc062723c751e8b465ee728b) (PreviewImporter) -> (artifact id: '2f8ff220b506be2bf2f1f5a76e8fab37') in 0.0124808 seconds
Number of updated asset objects reloaded before import = 0Number of asset objects unloaded after import = 8

========================================================================
Received Import Request.
  Time since last request: 0.000018 seconds.
  path: Assets/World/Environment/Models/Books/Books_05.fbx
  artifactKey: Guid(c4b688838c05ff143904dd026b927b5d) Importer(815301076,1909f56bfc062723c751e8b465ee728b)
Start importing Assets/World/Environment/Models/Books/Books_05.fbx using Guid(c4b688838c05ff143904dd026b927b5d) Importer(815301076,1909f56bfc062723c751e8b465ee728b) (PreviewImporter) -> (artifact id: 'd4d8088e29d9f2481da007d270bb2477') in 0.0201724 seconds
Number of updated asset objects reloaded before import = 0Number of asset objects unloaded after import = 11

========================================================================
Received Import Request.
  Time since last request: 0.000019 seconds.
  path: Assets/World/Environment/Models/Books/Books_35.fbx
  artifactKey: Guid(423fbb7e675ea294fbdb2080c334e533) Importer(815301076,1909f56bfc062723c751e8b465ee728b)
Start importing Assets/World/Environment/Models/Books/Books_35.fbx using Guid(423fbb7e675ea294fbdb2080c334e533) Importer(815301076,1909f56bfc062723c751e8b465ee728b) (PreviewImporter) -> (artifact id: '3a63459ce283425ac9569a73045e5da9') in 0.0213296 seconds
Number of updated asset objects reloaded before import = 0Number of asset objects unloaded after import = 15

========================================================================
Received Import Request.
  Time since last request: 0.000018 seconds.
  path: Assets/World/Environment/Prefabs/Books/Book_57.prefab
  artifactKey: Guid(c9af877c9e2ef964baffd5ad3713c982) Importer(815301076,1909f56bfc062723c751e8b465ee728b)
Start importing Assets/World/Environment/Prefabs/Books/Book_57.prefab using Guid(c9af877c9e2ef964baffd5ad3713c982) Importer(815301076,1909f56bfc062723c751e8b465ee728b) (PreviewImporter) -> (artifact id: 'b668de4e02064e71d16d70dd3da3a6a7') in 0.0155804 seconds
Number of updated asset objects reloaded before import = 0Number of asset objects unloaded after import = 12

========================================================================
Received Import Request.
  Time since last request: 0.000018 seconds.
  path: Assets/World/Environment/Prefabs/Books/Books_35.prefab
  artifactKey: Guid(bae62b4c52157a5458cd20065bea1c1b) Importer(815301076,1909f56bfc062723c751e8b465ee728b)
Start importing Assets/World/Environment/Prefabs/Books/Books_35.prefab using Guid(bae62b4c52157a5458cd20065bea1c1b) Importer(815301076,1909f56bfc062723c751e8b465ee728b) (PreviewImporter) -> (artifact id: '1d1f1542f0b1c2de465323a9a22d95b5') in 0.0200852 seconds
Number of updated asset objects reloaded before import = 0Number of asset objects unloaded after import = 16

========================================================================
Received Import Request.
  Time since last request: 0.000024 seconds.
  path: Assets/World/Environment/Prefabs/Lanterns/Candle2.prefab
  artifactKey: Guid(6b93fd896c90c094c8577de7399669b5) Importer(815301076,1909f56bfc062723c751e8b465ee728b)
Start importing Assets/World/Environment/Prefabs/Lanterns/Candle2.prefab using Guid(6b93fd896c90c094c8577de7399669b5) Importer(815301076,1909f56bfc062723c751e8b465ee728b) (PreviewImporter) -> (artifact id: '89949ada359b5cc091c388184741bd1f') in 0.298324 seconds
Number of updated asset objects reloaded before import = 0Number of asset objects unloaded after import = 52

========================================================================
Received Import Request.
  Time since last request: 0.000033 seconds.
  path: Assets/World/Environment/Models/Books/Book_54.fbx
  artifactKey: Guid(16a01d9b51a3e474090487a520a478a7) Importer(815301076,1909f56bfc062723c751e8b465ee728b)
Start importing Assets/World/Environment/Models/Books/Book_54.fbx using Guid(16a01d9b51a3e474090487a520a478a7) Importer(815301076,1909f56bfc062723c751e8b465ee728b) (PreviewImporter) -> (artifact id: '1b5845cf5e51cc1e17a69c7924d58629') in 0.0249317 seconds
Number of updated asset objects reloaded before import = 0Number of asset objects unloaded after import = 11

========================================================================
Received Import Request.
  Time since last request: 0.000019 seconds.
  path: Assets/World/Environment/Prefabs/Books/Book_43.prefab
  artifactKey: Guid(4a659989bfe2e50459a178b9cb924616) Importer(815301076,1909f56bfc062723c751e8b465ee728b)
Start importing Assets/World/Environment/Prefabs/Books/Book_43.prefab using Guid(4a659989bfe2e50459a178b9cb924616) Importer(815301076,1909f56bfc062723c751e8b465ee728b) (PreviewImporter) -> (artifact id: '2618ef73dbf72e1bfda2ab0815f412bb') in 0.0140392 seconds
Number of updated asset objects reloaded before import = 0Number of asset objects unloaded after import = 12

========================================================================
Received Import Request.
  Time since last request: 0.000018 seconds.
  path: Assets/World/Environment/Prefabs/Books/Book_12.prefab
  artifactKey: Guid(c04c60cb87ebdc8458571b190fb2255d) Importer(815301076,1909f56bfc062723c751e8b465ee728b)
Start importing Assets/World/Environment/Prefabs/Books/Book_12.prefab using Guid(c04c60cb87ebdc8458571b190fb2255d) Importer(815301076,1909f56bfc062723c751e8b465ee728b) (PreviewImporter) -> (artifact id: 'e3dc84c2280a51fc4a286038daec6977') in 0.0158488 seconds
Number of updated asset objects reloaded before import = 0Number of asset objects unloaded after import = 12

========================================================================
Received Import Request.
  Time since last request: 0.000016 seconds.
  path: Assets/World/Environment/Models/Lanterns/candlestick.fbx
  artifactKey: Guid(084da560759559f4995810207469e30a) Importer(815301076,1909f56bfc062723c751e8b465ee728b)
Start importing Assets/World/Environment/Models/Lanterns/candlestick.fbx using Guid(084da560759559f4995810207469e30a) Importer(815301076,1909f56bfc062723c751e8b465ee728b) (PreviewImporter) -> (artifact id: 'fe36e66934071a996287888c462b38e3') in 0.0408128 seconds
Number of updated asset objects reloaded before import = 0Number of asset objects unloaded after import = 22

========================================================================
Received Import Request.
  Time since last request: 0.000018 seconds.
  path: Assets/World/Environment/Prefabs/Building2/Brick_Corner_2.prefab
  artifactKey: Guid(eeb795e89cd0c134d81741635b437e72) Importer(815301076,1909f56bfc062723c751e8b465ee728b)
Start importing Assets/World/Environment/Prefabs/Building2/Brick_Corner_2.prefab using Guid(eeb795e89cd0c134d81741635b437e72) Importer(815301076,1909f56bfc062723c751e8b465ee728b) (PreviewImporter) -> (artifact id: 'c59542811d61e2976e9e06fb29bf426a') in 0.0143835 seconds
Number of updated asset objects reloaded before import = 0Number of asset objects unloaded after import = 13

========================================================================
Received Import Request.
  Time since last request: 0.000027 seconds.
  path: Assets/World/Environment/Models/Furniture/Basket.FBX
  artifactKey: Guid(0fa50460b7a044db1bcfa8610508be36) Importer(815301076,1909f56bfc062723c751e8b465ee728b)
Start importing Assets/World/Environment/Models/Furniture/Basket.FBX using Guid(0fa50460b7a044db1bcfa8610508be36) Importer(815301076,1909f56bfc062723c751e8b465ee728b) (PreviewImporter) -> (artifact id: '9a363ef3af08c6f990c070737a13b3f8') in 0.0129406 seconds
Number of updated asset objects reloaded before import = 0Number of asset objects unloaded after import = 7

========================================================================
Received Import Request.
  Time since last request: 0.000016 seconds.
  path: Assets/World/Environment/Models/Books/Book_28.fbx
  artifactKey: Guid(c495e72221444844bb9ded8e4b762cd2) Importer(815301076,1909f56bfc062723c751e8b465ee728b)
Start importing Assets/World/Environment/Models/Books/Book_28.fbx using Guid(c495e72221444844bb9ded8e4b762cd2) Importer(815301076,1909f56bfc062723c751e8b465ee728b) (PreviewImporter) -> (artifact id: '1665ae9363e094f158417fba319e3441') in 0.0183217 seconds
Number of updated asset objects reloaded before import = 0Number of asset objects unloaded after import = 11

========================================================================
Received Import Request.
  Time since last request: 0.000019 seconds.
  path: Assets/World/Environment/Prefabs/Furniture/Carpets/CarpetBlack.prefab
  artifactKey: Guid(6efa26a90797c6c4e8bba4340893408e) Importer(815301076,1909f56bfc062723c751e8b465ee728b)
Start importing Assets/World/Environment/Prefabs/Furniture/Carpets/CarpetBlack.prefab using Guid(6efa26a90797c6c4e8bba4340893408e) Importer(815301076,1909f56bfc062723c751e8b465ee728b) (PreviewImporter) -> (artifact id: '70662260a770867c86a76dcef887922d') in 0.0288407 seconds
Number of updated asset objects reloaded before import = 0Number of asset objects unloaded after import = 9

========================================================================
Received Import Request.
  Time since last request: 0.000029 seconds.
  path: Assets/World/Environment/Models/Books/Book_11.fbx
  artifactKey: Guid(1bbfcf9d3ed9d4046b4b322e05952604) Importer(815301076,1909f56bfc062723c751e8b465ee728b)
Start importing Assets/World/Environment/Models/Books/Book_11.fbx using Guid(1bbfcf9d3ed9d4046b4b322e05952604) Importer(815301076,1909f56bfc062723c751e8b465ee728b) (PreviewImporter) -> (artifact id: 'c8e2046f4b700b3e1be2456bf4dcc593') in 0.0161595 seconds
Number of updated asset objects reloaded before import = 0Number of asset objects unloaded after import = 11

========================================================================
Received Import Request.
  Time since last request: 0.000017 seconds.
  path: Assets/World/Environment/Prefabs/Books/BookOpen_02.prefab
  artifactKey: Guid(8938ad57525142549a65f9a4b0768bed) Importer(815301076,1909f56bfc062723c751e8b465ee728b)
Start importing Assets/World/Environment/Prefabs/Books/BookOpen_02.prefab using Guid(8938ad57525142549a65f9a4b0768bed) Importer(815301076,1909f56bfc062723c751e8b465ee728b) (PreviewImporter) -> (artifact id: 'ca7fddc0eb4945c5cd269dc2eee95660') in 0.018494 seconds
Number of updated asset objects reloaded before import = 0Number of asset objects unloaded after import = 16

========================================================================
Received Import Request.
  Time since last request: 0.000021 seconds.
  path: Assets/World/Environment/Models/Books/Books_14.fbx
  artifactKey: Guid(5442419abc214b546aebbfce7cf66439) Importer(815301076,1909f56bfc062723c751e8b465ee728b)
Start importing Assets/World/Environment/Models/Books/Books_14.fbx using Guid(5442419abc214b546aebbfce7cf66439) Importer(815301076,1909f56bfc062723c751e8b465ee728b) (PreviewImporter) -> (artifact id: '90a124b22aa1f7fb1ca75fe1da4f3488') in 0.01773 seconds
Number of updated asset objects reloaded before import = 0Number of asset objects unloaded after import = 11

========================================================================
Received Import Request.
  Time since last request: 0.000024 seconds.
  path: Assets/World/Environment/Prefabs/Books/Book_02.prefab
  artifactKey: Guid(7eeab333ed7416f498139b2846cbb10d) Importer(815301076,1909f56bfc062723c751e8b465ee728b)
Start importing Assets/World/Environment/Prefabs/Books/Book_02.prefab using Guid(7eeab333ed7416f498139b2846cbb10d) Importer(815301076,1909f56bfc062723c751e8b465ee728b) (PreviewImporter) -> (artifact id: '330dd61594c5d0344dfa13443f1b358a') in 0.0167132 seconds
Number of updated asset objects reloaded before import = 0Number of asset objects unloaded after import = 12

========================================================================
Received Import Request.
  Time since last request: 0.000015 seconds.
  path: Assets/World/Environment/Models/Lanterns/CarvedPost2.fbx
  artifactKey: Guid(4c09d887a9821bd4fbf5c56c4bb3477d) Importer(815301076,1909f56bfc062723c751e8b465ee728b)
Start importing Assets/World/Environment/Models/Lanterns/CarvedPost2.fbx using Guid(4c09d887a9821bd4fbf5c56c4bb3477d) Importer(815301076,1909f56bfc062723c751e8b465ee728b) (PreviewImporter) -> (artifact id: 'd72d659d380a886a0674dd1b3a13a3bd') in 0.0283723 seconds
Number of updated asset objects reloaded before import = 0Number of asset objects unloaded after import = 16

========================================================================
Received Import Request.
  Time since last request: 348.190505 seconds.
  path: Assets/Game/Animations/NPC/NPC.controller
  artifactKey: Guid(34d59b3f373f31b4eb1cccc2fbc70167) Importer(815301076,1909f56bfc062723c751e8b465ee728b)
Start importing Assets/Game/Animations/NPC/NPC.controller using Guid(34d59b3f373f31b4eb1cccc2fbc70167) Importer(815301076,1909f56bfc062723c751e8b465ee728b) (PreviewImporter) -> (artifact id: '744086a47336385c3ab142a1293d8d94') in 0.0030487 seconds
Number of updated asset objects reloaded before import = 0Number of asset objects unloaded after import = 14

========================================================================
Received Import Request.
  Time since last request: 52.628951 seconds.
  path: Assets/EnemyNPC.prefab
  artifactKey: Guid(bfed9c4a5a9aa6f40ae884b560d7e071) Importer(815301076,1909f56bfc062723c751e8b465ee728b)
Start importing Assets/EnemyNPC.prefab using Guid(bfed9c4a5a9aa6f40ae884b560d7e071) Importer(815301076,1909f56bfc062723c751e8b465ee728b) (PreviewImporter) -> (artifact id: '5792c46e579619affb72c48f87194de5') in 0.0116901 seconds
Number of updated asset objects reloaded before import = 0Number of asset objects unloaded after import = 143

