[Licensing::Module] Trying to connect to existing licensing client channel...
Built from '6000.3/staging' branch; Version is '6000.3.3f1 (ef04196de0d6) revision 15664153'; Using compiler version '194234433'; Build Type 'Release'
OS: 'Windows 10  (10.0.19045) 64bit Core' Language: 'en' Physical Memory: 16004 MB
BatchMode: 1, IsHumanControllingUs: 0, StartBugReporterOnCrash: 0, Is64bit: 1
Date: 2026-04-16T19:30:43Z
[Licensing::IpcConnector] Successfully connected to: "LicenseClient-Hopic" at "2026-04-16T19:30:43.8571732Z"
[Licensing::Client] Code 10 while verifying Licensing Client signature (process Id: 15744, path: "C:/Program Files/Unity Hub/UnityLicensingClient_V1/Unity.Licensing.Client.exe")
[Licensing::Module] LicensingClient has failed validation; ignoring
[Licensing::Client] Error: HandshakeResponse reported an error:
	ResponseCode: 505
	ResponseStatus: Unsupported protocol version '1.17.4'.
[Licensing::Module] Error: Failed to handshake to channel: "LicenseClient-Hopic"
[Licensing::IpcConnector] LicenseClient-Hopic channel disconnected successfully.
[Licensing::IpcConnector] Successfully connected to: "LicenseClient-Hopic-6000.3.3" at "2026-04-16T19:30:43.9504454Z"

COMMAND LINE ARGUMENTS:
C:\Program Files\Unity\Hub\Editor\6000.3.3f1\Editor\Unity.exe
-adb2
-batchMode
-noUpm
-name
AssetImportWorker18
-projectPath
E:/unity/maturitniprace/active/devGame
-logFile
Logs/AssetImportWorker18.log
-srvPort
60137
-licensingIpc
LicenseClient-Hopic
-job-worker-count
7
-background-job-worker-count
8
-gc-helper-count
1
-name
AssetImport
Successfully changed project path to: E:/unity/maturitniprace/active/devGame
E:/unity/maturitniprace/active/devGame
[UnityMemory] Configuration Parameters - Can be set up in boot.config
    "memorysetup-temp-allocator-size-nav-mesh-worker=65536"
    "memorysetup-temp-allocator-size-audio-worker=65536"
    "memorysetup-temp-allocator-size-gfx=262144"
    "memorysetup-allocator-temp-initial-block-size-main=262144"
    "memorysetup-allocator-temp-initial-block-size-worker=262144"
    "memorysetup-temp-allocator-size-background-worker=32768"
    "memorysetup-temp-allocator-size-job-worker=262144"
    "memorysetup-temp-allocator-size-preload-manager=33554432"
    "memorysetup-temp-allocator-size-gi-baking-worker=262144"
    "memorysetup-temp-allocator-size-gi-baking-worker=262144"
    "memorysetup-temp-allocator-size-gi-baking-worker=262144"
    "memorysetup-temp-allocator-size-gi-baking-worker=262144"
    "memorysetup-temp-allocator-size-gi-baking-worker=262144"
    "memorysetup-bucket-allocator-granularity=16"
    "memorysetup-bucket-allocator-bucket-count=8"
    "memorysetup-bucket-allocator-block-size=33554432"
    "memorysetup-bucket-allocator-block-count=8"
    "memorysetup-main-allocator-block-size=16777216"
    "memorysetup-thread-allocator-block-size=16777216"
    "memorysetup-gfx-main-allocator-block-size=16777216"
    "memorysetup-gfx-thread-allocator-block-size=16777216"
    "memorysetup-cache-allocator-block-size=4194304"
    "memorysetup-typetree-allocator-block-size=2097152"
    "memorysetup-profiler-bucket-allocator-granularity=16"
    "memorysetup-profiler-bucket-allocator-bucket-count=8"
    "memorysetup-profiler-bucket-allocator-block-size=33554432"
    "memorysetup-profiler-bucket-allocator-block-count=8"
    "memorysetup-profiler-allocator-block-size=16777216"
    "memorysetup-profiler-editor-allocator-block-size=1048576"
    "memorysetup-temp-allocator-size-main=16777216"
    "memorysetup-job-temp-allocator-block-size=2097152"
    "memorysetup-job-temp-allocator-block-size-background=1048576"
    "memorysetup-job-temp-allocator-reduction-small-platforms=262144"
    "memorysetup-temp-allocator-size-cloud-worker=32768"
Player connection [15548]  Target information:

Player connection [15548]  * "[IP] 192.168.56.1 [Port] 0 [Flags] 2 [Guid] 4287870409 [EditorId] 4287870409 [Version] 1048832 [Id] WindowsEditor(7,DESKTOP-HOPICEKCZ) [Debug] 1 [PackageName] WindowsEditor [ProjectName] Editor" 

Player connection [15548]  * "[IP] 26.18.104.236 [Port] 0 [Flags] 2 [Guid] 4287870409 [EditorId] 4287870409 [Version] 1048832 [Id] WindowsEditor(7,DESKTOP-HOPICEKCZ) [Debug] 1 [PackageName] WindowsEditor [ProjectName] Editor" 

Player connection [15548]  * "[IP] 10.0.1.28 [Port] 0 [Flags] 2 [Guid] 4287870409 [EditorId] 4287870409 [Version] 1048832 [Id] WindowsEditor(7,DESKTOP-HOPICEKCZ) [Debug] 1 [PackageName] WindowsEditor [ProjectName] Editor" 

Player connection [15548] Host joined multi-casting on [225.0.0.222:54997]...
Player connection [15548] Host joined alternative multi-casting on [225.0.0.222:34997]...
JobSystem: Creating JobQueue using job-worker-count value 7
Input System module state changed to: Initialized.
[Physics::Module] Initialized fallback backend.
[Physics::Module] Id: 0xdecafbad
Library Redirect Path: Library/
[Physics::Module] Selected backend.
[Physics::Module] Name: PhysX
[Physics::Module] Id: 0xf2b8ea05
[Physics::Module] SDK Version: 4.1.2
[Physics::Module] Integration Version: 1.0.0
[Physics::Module] Threading Mode: Multi-Threaded
Refreshing native plugins compatible for Editor in 8.88 ms, found 2 plugins.
Preloading 0 native plugins for Editor in 0.00 ms.
Initialize engine version: 6000.3.3f1 (ef04196de0d6)
[Subsystems] Discovering subsystems at path C:/Program Files/Unity/Hub/Editor/6000.3.3f1/Editor/Data/Resources/UnitySubsystems
[Subsystems] Discovering subsystems at path E:/unity/maturitniprace/active/devGame/Assets
GfxDevice: creating device client; kGfxThreadingModeNonThreaded
Direct3D:
    Version:  Direct3D 11.0 [level 11.1]
    Renderer: NVIDIA GeForce RTX 3060 Laptop GPU (ID=0x2520)
    Vendor:   NVIDIA
    VRAM:     5994 MB
    Driver:   32.0.15.9597
Shader 'WFX/Transparent Diffuse': fallback shader 'Particles/Alpha Blended' not found
Shader 'WFX/Transparent Specular': fallback shader 'Particles/Alpha Blended' not found
Initialize mono
Mono path[0] = 'C:/Program Files/Unity/Hub/Editor/6000.3.3f1/Editor/Data/Managed'
Mono path[1] = 'C:/Program Files/Unity/Hub/Editor/6000.3.3f1/Editor/Data/MonoBleedingEdge/lib/mono/unityjit-win32'
Mono config path = 'C:/Program Files/Unity/Hub/Editor/6000.3.3f1/Editor/Data/MonoBleedingEdge/etc'
Using monoOptions --debugger-agent=transport=dt_socket,embedding=1,server=y,suspend=n,address=127.0.0.1:56560
Begin MonoManager ReloadAssembly
Registering precompiled unity dll's ...
Register platform support module: C:/Program Files/Unity/Hub/Editor/6000.3.3f1/Editor/Data/PlaybackEngines/WindowsStandaloneSupport/UnityEditor.WindowsStandalone.Extensions.dll
Registered in 0.004239 seconds.
- Loaded All Assemblies, in  0.883 seconds
Native extension for WindowsStandalone target not found
[Licensing::Client] Handshaking with LicensingClient:
  Version:                 1.17.4+4293ba1
  Session Id:              dc9247e6b2014870b99e323dcda6dd09
  Correlation Id:          efa0ef6635cf8aca8ce6fedf1e6f3586
  External correlation Id: 8586361869153687258
  Machine Id:              4VB2xDT1CV9zqVbIIZWsGa/FyKA=
[Licensing::Module] Successfully connected to LicensingClient on channel: "LicenseClient-Hopic-6000.3.3" (connect: 0.00s, validation: 0.00s, handshake: 2.38s)
[Licensing::IpcConnector] Successfully connected to: "LicenseClient-Hopic-6000.3.3-notifications" at "2026-04-16T19:30:46.3279013Z"
[Licensing::Module] Licensing Background thread has ended after 2.47s
Mono: successfully reloaded assembly
- Finished resetting the current domain, in  0.724 seconds
Domain Reload Profiling: 1602ms
	BeginReloadAssembly (336ms)
		ExecutionOrderSort (0ms)
		DisableScriptedObjects (0ms)
		BackupInstance (0ms)
		ReleaseScriptingObjects (0ms)
		CreateAndSetChildDomain (1ms)
	RebuildCommonClasses (60ms)
	RebuildNativeTypeToScriptingClass (38ms)
	initialDomainReloadingComplete (98ms)
	LoadAllAssembliesAndSetupDomain (346ms)
		LoadAssemblies (328ms)
		RebuildTransferFunctionScriptingTraits (0ms)
		AnalyzeDomain (341ms)
			TypeCache.Refresh (339ms)
				TypeCache.ScanAssembly (286ms)
			BuildScriptInfoCaches (1ms)
			ResolveRequiredComponents (1ms)
	FinalizeReload (725ms)
		ReleaseScriptCaches (0ms)
		RebuildScriptCaches (0ms)
		SetupLoadedEditorAssemblies (656ms)
			LogAssemblyErrors (0ms)
			InitializePlatformSupportModulesInManaged (105ms)
			SetLoadedEditorAssemblies (4ms)
			BeforeProcessingInitializeOnLoad (178ms)
			ProcessInitializeOnLoadAttributes (253ms)
			ProcessInitializeOnLoadMethodAttributes (116ms)
			AfterProcessingInitializeOnLoad (0ms)
			EditorAssembliesLoaded (0ms)
		ExecutionOrderSort2 (0ms)
		AwakeInstancesAfterBackupRestoration (0ms)
========================================================================
Worker process is ready to serve import requests
Import Worker Mode flag is 0x00
Begin MonoManager ReloadAssembly
[Licensing::Client] Successfully resolved entitlement details
[Licensing::Module] License group:
  Id: F4-W4H8-9NJQ-FYFT-38SD-XXXX
  Product: Unity Personal
  Type: ULF
  Expiration: Unlimited
[Licensing::Module] License group:
  Id: 7971629442671-UnityPersXXXX
  Product: Unity Personal
  Type: Assigned
  Expiration: Unlimited
Symbol file LoadedFromMemory is not a mono symbol file
- Loaded All Assemblies, in  1.176 seconds
Refreshing native plugins compatible for Editor in 5.98 ms, found 2 plugins.
Native extension for WindowsStandalone target not found
Package Manager log level set to [2]
[Package Manager] Failed to launch server process. Reason: Unity was launched with the -noUpm command-line argument
[Package Manager] Unable to send message (not connected to server process).
[Package Manager] Cannot connect to Unity Package Manager local server
[MODES] ModeService[none].Initialize
[MODES] ModeService[none].LoadModes
[MODES] Loading mode Default (0) for mode-current-id-Cool It, Cowboy
Refreshing native plugins compatible for Editor in 7.57 ms, found 2 plugins.
Your project uses Compatibility Mode, which disables the render graph system. Compatibility Mode is deprecated. Migrate your ScriptableRenderPasses to the Render Graph API instead. After you migrate, go to Edit > Project Settings > Player and remove the URP_COMPATIBILITY_MODE define from the Scripting Define Symbols. If you don't remove the define, build time and build size are slightly increased.
UnityEngine.Debug:ExtractStackTraceNoAlloc (byte*,int,string)
UnityEngine.StackTraceUtility:ExtractStackTrace ()
UnityEngine.DebugLogHandler:Internal_Log (UnityEngine.LogType,UnityEngine.LogOption,string,UnityEngine.Object)
UnityEngine.DebugLogHandler:LogFormat (UnityEngine.LogType,UnityEngine.Object,string,object[])
UnityEngine.Logger:Log (UnityEngine.LogType,object)
UnityEngine.Debug:LogWarning (object)
UnityEngine.Rendering.Universal.WarnUsingNonRenderGraph:EmitConsoleWarning () (at ./Library/PackageCache/com.unity.render-pipelines.universal@f70afd0d2146/Runtime/Data/UniversalRenderPipelineAsset.cs:440)
System.Reflection.RuntimeMethodInfo:Invoke (object,System.Reflection.BindingFlags,System.Reflection.Binder,object[],System.Globalization.CultureInfo)
System.Reflection.MethodBase:Invoke (object,object[])
UnityEditor.EditorAssemblies:ProcessInitializeOnLoadMethodAttributes ()

(Filename: ./Library/PackageCache/com.unity.render-pipelines.universal@f70afd0d2146/Runtime/Data/UniversalRenderPipelineAsset.cs Line: 440)

Mono: successfully reloaded assembly
- Finished resetting the current domain, in  1.355 seconds
Domain Reload Profiling: 2525ms
	BeginReloadAssembly (252ms)
		ExecutionOrderSort (0ms)
		DisableScriptedObjects (8ms)
		BackupInstance (0ms)
		ReleaseScriptingObjects (0ms)
		CreateAndSetChildDomain (40ms)
	RebuildCommonClasses (49ms)
	RebuildNativeTypeToScriptingClass (18ms)
	initialDomainReloadingComplete (61ms)
	LoadAllAssembliesAndSetupDomain (790ms)
		LoadAssemblies (571ms)
		RebuildTransferFunctionScriptingTraits (0ms)
		AnalyzeDomain (361ms)
			TypeCache.Refresh (263ms)
				TypeCache.ScanAssembly (242ms)
			BuildScriptInfoCaches (78ms)
			ResolveRequiredComponents (14ms)
	FinalizeReload (1356ms)
		ReleaseScriptCaches (0ms)
		RebuildScriptCaches (0ms)
		SetupLoadedEditorAssemblies (1094ms)
			LogAssemblyErrors (0ms)
			InitializePlatformSupportModulesInManaged (2ms)
			SetLoadedEditorAssemblies (4ms)
			BeforeProcessingInitializeOnLoad (190ms)
			ProcessInitializeOnLoadAttributes (575ms)
			ProcessInitializeOnLoadMethodAttributes (308ms)
			AfterProcessingInitializeOnLoad (14ms)
			EditorAssembliesLoaded (0ms)
		ExecutionOrderSort2 (0ms)
		AwakeInstancesAfterBackupRestoration (15ms)
Shader 'WFX/Transparent Specular': fallback shader 'Particles/Alpha Blended' not found
Shader 'WFX/Transparent Diffuse': fallback shader 'Particles/Alpha Blended' not found
Launched and connected shader compiler UnityShaderCompiler.exe after 0.01 seconds
Refreshing native plugins compatible for Editor in 7.83 ms, found 2 plugins.
Preloading 0 native plugins for Editor in 0.00 ms.
Unloading 17 Unused Serialized files (Serialized files now loaded: 0)
Unloading 6212 unused Assets / (4.1 MB). Loaded Objects now: 7064.
Memory consumption went from 267.3 MB to 263.1 MB.
Total: 16.276600 ms (FindLiveObjects: 0.997000 ms CreateObjectMapping: 0.570400 ms MarkObjects: 12.944400 ms  DeleteObjects: 1.763400 ms)

========================================================================
Received Import Request.
  Time since last request: 264431.465516 seconds.
  path: Assets/World/Environment/Prefabs/Building3/Keg_low.prefab
  artifactKey: Guid(d506c825aeaa56249a333dfc5922ec84) Importer(815301076,1909f56bfc062723c751e8b465ee728b)
Start importing Assets/World/Environment/Prefabs/Building3/Keg_low.prefab using Guid(d506c825aeaa56249a333dfc5922ec84) Importer(815301076,1909f56bfc062723c751e8b465ee728b) (PreviewImporter)CommandBuffer: temporary render texture  not found while executing  (Copy source)
UnityEngine.Debug:ExtractStackTraceNoAlloc (byte*,int,string)
UnityEngine.StackTraceUtility:ExtractStackTrace ()
UnityEngine.Rendering.ScriptableRenderContext:Submit ()
UnityEngine.Rendering.Universal.UniversalRenderPipeline:RenderSingleCamera (UnityEngine.Rendering.ScriptableRenderContext,UnityEngine.Rendering.Universal.UniversalCameraData) (at ./Library/PackageCache/com.unity.render-pipelines.universal@f70afd0d2146/Runtime/UniversalRenderPipeline.cs:921)
UnityEngine.Rendering.Universal.UniversalRenderPipeline:RenderSingleCameraInternal (UnityEngine.Rendering.ScriptableRenderContext,UnityEngine.Camera,UnityEngine.Rendering.Universal.UniversalAdditionalCameraData&,bool) (at ./Library/PackageCache/com.unity.render-pipelines.universal@f70afd0d2146/Runtime/UniversalRenderPipeline.cs:720)
UnityEngine.Rendering.Universal.UniversalRenderPipeline:RenderSingleCameraInternal (UnityEngine.Rendering.ScriptableRenderContext,UnityEngine.Camera,bool) (at ./Library/PackageCache/com.unity.render-pipelines.universal@f70afd0d2146/Runtime/UniversalRenderPipeline.cs:695)
UnityEngine.Rendering.Universal.UniversalRenderPipeline:Render (UnityEngine.Rendering.ScriptableRenderContext,System.Collections.Generic.List`1<UnityEngine.Camera>) (at ./Library/PackageCache/com.unity.render-pipelines.universal@f70afd0d2146/Runtime/UniversalRenderPipeline.cs:512)
UnityEngine.Rendering.RenderPipeline:InternalRender (UnityEngine.Rendering.ScriptableRenderContext,System.Collections.Generic.List`1<UnityEngine.Camera>)
UnityEngine.Rendering.RenderPipelineManager:DoRenderLoop_Internal (UnityEngine.Rendering.RenderPipelineAsset,intptr,UnityEngine.Object,Unity.Collections.LowLevel.Unsafe.AtomicSafetyHandle)
UnityEngine.Camera:Render ()
UnityEditor.PreviewRenderUtility:Render (bool,bool)
UnityEditor.GameObjectInspector:DoRenderPreview (UnityEditor.GameObjectInspector/PreviewData)
UnityEditor.GameObjectInspector:RenderStaticPreview (string,UnityEngine.Object[],int,int)
UnityEditor.AssetPreviewUpdater:CreatePreview (UnityEngine.Object,UnityEngine.Object[],string,int,int)
UnityEditor.AssetPreviewUpdater:CreatePreviewForAsset (UnityEngine.Object,UnityEngine.Object[],string)

[./Library/PackageCache/com.unity.render-pipelines.universal@f70afd0d2146/Runtime/UniversalRenderPipeline.cs line 921]

CommandBuffer: temporary render texture  not found while executing  (Copy destination)
UnityEngine.Debug:ExtractStackTraceNoAlloc (byte*,int,string)
UnityEngine.StackTraceUtility:ExtractStackTrace ()
UnityEngine.Rendering.ScriptableRenderContext:Submit ()
UnityEngine.Rendering.Universal.UniversalRenderPipeline:RenderSingleCamera (UnityEngine.Rendering.ScriptableRenderContext,UnityEngine.Rendering.Universal.UniversalCameraData) (at ./Library/PackageCache/com.unity.render-pipelines.universal@f70afd0d2146/Runtime/UniversalRenderPipeline.cs:921)
UnityEngine.Rendering.Universal.UniversalRenderPipeline:RenderSingleCameraInternal (UnityEngine.Rendering.ScriptableRenderContext,UnityEngine.Camera,UnityEngine.Rendering.Universal.UniversalAdditionalCameraData&,bool) (at ./Library/PackageCache/com.unity.render-pipelines.universal@f70afd0d2146/Runtime/UniversalRenderPipeline.cs:720)
UnityEngine.Rendering.Universal.UniversalRenderPipeline:RenderSingleCameraInternal (UnityEngine.Rendering.ScriptableRenderContext,UnityEngine.Camera,bool) (at ./Library/PackageCache/com.unity.render-pipelines.universal@f70afd0d2146/Runtime/UniversalRenderPipeline.cs:695)
UnityEngine.Rendering.Universal.UniversalRenderPipeline:Render (UnityEngine.Rendering.ScriptableRenderContext,System.Collections.Generic.List`1<UnityEngine.Camera>) (at ./Library/PackageCache/com.unity.render-pipelines.universal@f70afd0d2146/Runtime/UniversalRenderPipeline.cs:512)
UnityEngine.Rendering.RenderPipeline:InternalRender (UnityEngine.Rendering.ScriptableRenderContext,System.Collections.Generic.List`1<UnityEngine.Camera>)
UnityEngine.Rendering.RenderPipelineManager:DoRenderLoop_Internal (UnityEngine.Rendering.RenderPipelineAsset,intptr,UnityEngine.Object,Unity.Collections.LowLevel.Unsafe.AtomicSafetyHandle)
UnityEngine.Camera:Render ()
UnityEditor.PreviewRenderUtility:Render (bool,bool)
UnityEditor.GameObjectInspector:DoRenderPreview (UnityEditor.GameObjectInspector/PreviewData)
UnityEditor.GameObjectInspector:RenderStaticPreview (string,UnityEngine.Object[],int,int)
UnityEditor.AssetPreviewUpdater:CreatePreview (UnityEngine.Object,UnityEngine.Object[],string,int,int)
UnityEditor.AssetPreviewUpdater:CreatePreviewForAsset (UnityEngine.Object,UnityEngine.Object[],string)

[./Library/PackageCache/com.unity.render-pipelines.universal@f70afd0d2146/Runtime/UniversalRenderPipeline.cs line 921]

 -> (artifact id: 'ae08a9af54fb285ab40b3d1e7879efe1') in 0.4518606 seconds
Number of updated asset objects reloaded before import = 0Number of asset objects unloaded after import = 14

========================================================================
Received Import Request.
  Time since last request: 0.000033 seconds.
  path: Assets/World/Environment/Prefabs/Building3/RoundGlass_low.prefab
  artifactKey: Guid(bd7c7798e1bfb4c4eabdd2c687b563db) Importer(815301076,1909f56bfc062723c751e8b465ee728b)
Start importing Assets/World/Environment/Prefabs/Building3/RoundGlass_low.prefab using Guid(bd7c7798e1bfb4c4eabdd2c687b563db) Importer(815301076,1909f56bfc062723c751e8b465ee728b) (PreviewImporter) -> (artifact id: '8a6a8cc905faed3a27b799d6aeee113f') in 0.0158269 seconds
Number of updated asset objects reloaded before import = 0Number of asset objects unloaded after import = 10

========================================================================
Received Import Request.
  Time since last request: 0.000033 seconds.
  path: Assets/World/Environment/Prefabs/Building3/WantedPoster010.prefab
  artifactKey: Guid(b466c63c932682741ac6b8200cddd433) Importer(815301076,1909f56bfc062723c751e8b465ee728b)
Start importing Assets/World/Environment/Prefabs/Building3/WantedPoster010.prefab using Guid(b466c63c932682741ac6b8200cddd433) Importer(815301076,1909f56bfc062723c751e8b465ee728b) (PreviewImporter) -> (artifact id: '3d0bae3f60c5c13d71197fcbf99953ef') in 0.0153051 seconds
Number of updated asset objects reloaded before import = 0Number of asset objects unloaded after import = 13

========================================================================
Received Import Request.
  Time since last request: 0.000033 seconds.
  path: Assets/World/Environment/Prefabs/Building3/PokerTable_low.prefab
  artifactKey: Guid(9cb566192e7c4ad4d9f005b638995e45) Importer(815301076,1909f56bfc062723c751e8b465ee728b)
Start importing Assets/World/Environment/Prefabs/Building3/PokerTable_low.prefab using Guid(9cb566192e7c4ad4d9f005b638995e45) Importer(815301076,1909f56bfc062723c751e8b465ee728b) (PreviewImporter) -> (artifact id: 'd0d8971bbb182ad22787ec5ad1873c4c') in 0.0175982 seconds
Number of updated asset objects reloaded before import = 0Number of asset objects unloaded after import = 14

========================================================================
Received Import Request.
  Time since last request: 0.000034 seconds.
  path: Assets/World/Environment/Prefabs/Building3/RoundGlass_low004.prefab
  artifactKey: Guid(9710021530fa0c34e9d9017adff1bbef) Importer(815301076,1909f56bfc062723c751e8b465ee728b)
Start importing Assets/World/Environment/Prefabs/Building3/RoundGlass_low004.prefab using Guid(9710021530fa0c34e9d9017adff1bbef) Importer(815301076,1909f56bfc062723c751e8b465ee728b) (PreviewImporter) -> (artifact id: '4470e2ac65b9aab675f8f0a0375fdca3') in 0.0087793 seconds
Number of updated asset objects reloaded before import = 0Number of asset objects unloaded after import = 8

========================================================================
Received Import Request.
  Time since last request: 0.000029 seconds.
  path: Assets/World/Environment/Prefabs/Building3/WantedPoster011.prefab
  artifactKey: Guid(49b9ddad84fe6174da7a97cf195c6054) Importer(815301076,1909f56bfc062723c751e8b465ee728b)
Start importing Assets/World/Environment/Prefabs/Building3/WantedPoster011.prefab using Guid(49b9ddad84fe6174da7a97cf195c6054) Importer(815301076,1909f56bfc062723c751e8b465ee728b) (PreviewImporter) -> (artifact id: '370f9abd013dd31fae0c00f32c0d3fac') in 0.0121655 seconds
Number of updated asset objects reloaded before import = 0Number of asset objects unloaded after import = 13

========================================================================
Received Import Request.
  Time since last request: 0.000035 seconds.
  path: Assets/World/Environment/Prefabs/Building3/WantedPoster2.prefab
  artifactKey: Guid(19a0eaacced2d7241b13475e75972089) Importer(815301076,1909f56bfc062723c751e8b465ee728b)
Start importing Assets/World/Environment/Prefabs/Building3/WantedPoster2.prefab using Guid(19a0eaacced2d7241b13475e75972089) Importer(815301076,1909f56bfc062723c751e8b465ee728b) (PreviewImporter) -> (artifact id: '556b17b3ae6e7c83be3fa5f3075f2114') in 0.0129663 seconds
Number of updated asset objects reloaded before import = 0Number of asset objects unloaded after import = 13

========================================================================
Received Import Request.
  Time since last request: 0.000027 seconds.
  path: Assets/World/Environment/Prefabs/Building3/Moonshine004_low001.prefab
  artifactKey: Guid(7c19a57bc01e7354a9b61cdcb95893c3) Importer(815301076,1909f56bfc062723c751e8b465ee728b)
Start importing Assets/World/Environment/Prefabs/Building3/Moonshine004_low001.prefab using Guid(7c19a57bc01e7354a9b61cdcb95893c3) Importer(815301076,1909f56bfc062723c751e8b465ee728b) (PreviewImporter) -> (artifact id: 'e9f7353f0983691c86685d00913d9e45') in 0.0092887 seconds
Number of updated asset objects reloaded before import = 0Number of asset objects unloaded after import = 10

========================================================================
Received Import Request.
  Time since last request: 0.000024 seconds.
  path: Assets/World/Environment/Prefabs/Building3/SheriffHat_low001.prefab
  artifactKey: Guid(407a3ad1e23e3464b831270af8904199) Importer(815301076,1909f56bfc062723c751e8b465ee728b)
Start importing Assets/World/Environment/Prefabs/Building3/SheriffHat_low001.prefab using Guid(407a3ad1e23e3464b831270af8904199) Importer(815301076,1909f56bfc062723c751e8b465ee728b) (PreviewImporter) -> (artifact id: '22671652f360fd61d161a75f57b1642c') in 0.0131136 seconds
Number of updated asset objects reloaded before import = 0Number of asset objects unloaded after import = 13

========================================================================
Received Import Request.
  Time since last request: 0.000028 seconds.
  path: Assets/World/Environment/Prefabs/Building3/RoundGlass_low001.prefab
  artifactKey: Guid(7ad6d8572f7b21d4a9947e9b1bda871a) Importer(815301076,1909f56bfc062723c751e8b465ee728b)
Start importing Assets/World/Environment/Prefabs/Building3/RoundGlass_low001.prefab using Guid(7ad6d8572f7b21d4a9947e9b1bda871a) Importer(815301076,1909f56bfc062723c751e8b465ee728b) (PreviewImporter) -> (artifact id: '08cc48d1747d2e71e786d308eb214b07') in 0.008617 seconds
Number of updated asset objects reloaded before import = 0Number of asset objects unloaded after import = 10

========================================================================
Received Import Request.
  Time since last request: 0.747169 seconds.
  path: Assets/World/Environment/Prefabs/Building3/WhiskyGlass_low009.prefab
  artifactKey: Guid(9e5a0989467d3364d97a24c6b73b46aa) Importer(2089858483,b0f066a214c2f5e87bad3c948f4d605d)
Start importing Assets/World/Environment/Prefabs/Building3/WhiskyGlass_low009.prefab using Guid(9e5a0989467d3364d97a24c6b73b46aa) Importer(2089858483,b0f066a214c2f5e87bad3c948f4d605d) (ScriptedImporter) -> (artifact id: '7e644c245aa4ac8ef1a8306d42fdd582') in 0.1428614 seconds
Number of updated asset objects reloaded before import = 0Number of asset objects unloaded after import = 8

========================================================================
Received Import Request.
  Time since last request: 0.000045 seconds.
  path: Assets/World/Environment/Prefabs/Building3/WantedBoard_low.prefab
  artifactKey: Guid(28066b5e4ef08e24ea4098184200147f) Importer(2089858483,b0f066a214c2f5e87bad3c948f4d605d)
Start importing Assets/World/Environment/Prefabs/Building3/WantedBoard_low.prefab using Guid(28066b5e4ef08e24ea4098184200147f) Importer(2089858483,b0f066a214c2f5e87bad3c948f4d605d) (ScriptedImporter) -> (artifact id: 'b39e80ee9dac86886d2985de83482a5e') in 0.0086163 seconds
Number of updated asset objects reloaded before import = 0Number of asset objects unloaded after import = 8

========================================================================
Received Import Request.
  Time since last request: 0.000036 seconds.
  path: Assets/World/Environment/Prefabs/Building3/ChairBackRest_low008.prefab
  artifactKey: Guid(8a338bdaa66cb3d4a829fbc76bcdf49c) Importer(2089858483,b0f066a214c2f5e87bad3c948f4d605d)
Start importing Assets/World/Environment/Prefabs/Building3/ChairBackRest_low008.prefab using Guid(8a338bdaa66cb3d4a829fbc76bcdf49c) Importer(2089858483,b0f066a214c2f5e87bad3c948f4d605d) (ScriptedImporter) -> (artifact id: '00000000000000000000000000000000') in 0.0078047 seconds
Import Error Code:(4)
Message: Build asset version error: assets/world/environment/prefabs/building3/chairbackrest_low008.prefab in SourceAssetDB has modification time of '2026-04-16T19:30:52.8523036Z' while content on disk has modification time of '2026-04-16T19:30:55.4807747Z'
  ERROR: Build asset version error: assets/world/environment/prefabs/building3/chairbackrest_low008.prefab in SourceAssetDB has modification time of '2026-04-16T19:30:52.8523036Z' while content on disk has modification time of '2026-04-16T19:30:55.4807747Z'
Number of updated asset objects reloaded before import = 0Number of asset objects unloaded after import = 2

========================================================================
Received Import Request.
  Time since last request: 0.000023 seconds.
  path: Assets/World/Environment/Prefabs/Building3/SheriffBadgeHook_low001.prefab
  artifactKey: Guid(1d5e7009fc4e6824594be2e924b78564) Importer(2089858483,b0f066a214c2f5e87bad3c948f4d605d)
Start importing Assets/World/Environment/Prefabs/Building3/SheriffBadgeHook_low001.prefab using Guid(1d5e7009fc4e6824594be2e924b78564) Importer(2089858483,b0f066a214c2f5e87bad3c948f4d605d) (ScriptedImporter) -> (artifact id: 'afd39997ac61c6d274d6982da074d9a9') in 0.0081349 seconds
Number of updated asset objects reloaded before import = 0Number of asset objects unloaded after import = 8

========================================================================
Received Import Request.
  Time since last request: 0.396659 seconds.
  path: Assets/World/Environment/Prefabs/Building3/Keg_low.prefab
  artifactKey: Guid(d506c825aeaa56249a333dfc5922ec84) Importer(815301076,1909f56bfc062723c751e8b465ee728b)
Start importing Assets/World/Environment/Prefabs/Building3/Keg_low.prefab using Guid(d506c825aeaa56249a333dfc5922ec84) Importer(815301076,1909f56bfc062723c751e8b465ee728b) (PreviewImporter) -> (artifact id: '3358c99357cb5ed5cb5321b782c11d5a') in 0.0188955 seconds
Number of updated asset objects reloaded before import = 0Number of asset objects unloaded after import = 14

========================================================================
Received Import Request.
  Time since last request: 0.000029 seconds.
  path: Assets/World/Environment/Prefabs/Building3/WantedPoster012.prefab
  artifactKey: Guid(4e2336f93d5f7bb41bc41e19ec2741c2) Importer(815301076,1909f56bfc062723c751e8b465ee728b)
Start importing Assets/World/Environment/Prefabs/Building3/WantedPoster012.prefab using Guid(4e2336f93d5f7bb41bc41e19ec2741c2) Importer(815301076,1909f56bfc062723c751e8b465ee728b) (PreviewImporter) -> (artifact id: 'ddfa6b05f0310e23e6efa787878b2313') in 0.0126516 seconds
Number of updated asset objects reloaded before import = 0Number of asset objects unloaded after import = 13

========================================================================
Received Import Request.
  Time since last request: 0.000035 seconds.
  path: Assets/World/Environment/Prefabs/Building3/RoundGlass_low002.prefab
  artifactKey: Guid(ed866c1182296d54aa64fbcc9f50c445) Importer(815301076,1909f56bfc062723c751e8b465ee728b)
Start importing Assets/World/Environment/Prefabs/Building3/RoundGlass_low002.prefab using Guid(ed866c1182296d54aa64fbcc9f50c445) Importer(815301076,1909f56bfc062723c751e8b465ee728b) (PreviewImporter) -> (artifact id: '6a76c664e749af497bae3eb14b795c4f') in 0.0097906 seconds
Number of updated asset objects reloaded before import = 0Number of asset objects unloaded after import = 10

========================================================================
Received Import Request.
  Time since last request: 0.000041 seconds.
  path: Assets/World/Environment/Prefabs/Building3/SheriffBadgeHook_low001.prefab
  artifactKey: Guid(1d5e7009fc4e6824594be2e924b78564) Importer(815301076,1909f56bfc062723c751e8b465ee728b)
Start importing Assets/World/Environment/Prefabs/Building3/SheriffBadgeHook_low001.prefab using Guid(1d5e7009fc4e6824594be2e924b78564) Importer(815301076,1909f56bfc062723c751e8b465ee728b) (PreviewImporter) -> (artifact id: 'bca682c0ab58b304b4fcc3e134d94cdb') in 0.0118933 seconds
Number of updated asset objects reloaded before import = 0Number of asset objects unloaded after import = 13

========================================================================
Received Import Request.
  Time since last request: 0.000022 seconds.
  path: Assets/World/Environment/Prefabs/Building3/RoundGlass_low.prefab
  artifactKey: Guid(bd7c7798e1bfb4c4eabdd2c687b563db) Importer(815301076,1909f56bfc062723c751e8b465ee728b)
Start importing Assets/World/Environment/Prefabs/Building3/RoundGlass_low.prefab using Guid(bd7c7798e1bfb4c4eabdd2c687b563db) Importer(815301076,1909f56bfc062723c751e8b465ee728b) (PreviewImporter) -> (artifact id: 'cd334c2a76d611c05b3e89f43ef83dfb') in 0.0084165 seconds
Number of updated asset objects reloaded before import = 0Number of asset objects unloaded after import = 10

========================================================================
Received Import Request.
  Time since last request: 0.000023 seconds.
  path: Assets/World/Environment/Prefabs/Building3/WantedPoster010.prefab
  artifactKey: Guid(b466c63c932682741ac6b8200cddd433) Importer(815301076,1909f56bfc062723c751e8b465ee728b)
Start importing Assets/World/Environment/Prefabs/Building3/WantedPoster010.prefab using Guid(b466c63c932682741ac6b8200cddd433) Importer(815301076,1909f56bfc062723c751e8b465ee728b) (PreviewImporter) -> (artifact id: '3949b5f246191aeee5c849adad978092') in 0.0166173 seconds
Number of updated asset objects reloaded before import = 0Number of asset objects unloaded after import = 13

========================================================================
Received Import Request.
  Time since last request: 0.000041 seconds.
  path: Assets/World/Environment/Prefabs/Building3/SheriffBadgeHook_low.prefab
  artifactKey: Guid(4b41ab12e37e7eb4f90e89741bcfb298) Importer(815301076,1909f56bfc062723c751e8b465ee728b)
Start importing Assets/World/Environment/Prefabs/Building3/SheriffBadgeHook_low.prefab using Guid(4b41ab12e37e7eb4f90e89741bcfb298) Importer(815301076,1909f56bfc062723c751e8b465ee728b) (PreviewImporter) -> (artifact id: '7611cb1ddab95f43fa8b0286b676a80b') in 0.0159295 seconds
Number of updated asset objects reloaded before import = 0Number of asset objects unloaded after import = 13

========================================================================
Received Import Request.
  Time since last request: 0.000039 seconds.
  path: Assets/World/Environment/Prefabs/Building3/RoundGlass_low004.prefab
  artifactKey: Guid(9710021530fa0c34e9d9017adff1bbef) Importer(815301076,1909f56bfc062723c751e8b465ee728b)
Start importing Assets/World/Environment/Prefabs/Building3/RoundGlass_low004.prefab using Guid(9710021530fa0c34e9d9017adff1bbef) Importer(815301076,1909f56bfc062723c751e8b465ee728b) (PreviewImporter) -> (artifact id: '8de303803781fa9122d0285fef368c0d') in 0.0107265 seconds
Number of updated asset objects reloaded before import = 0Number of asset objects unloaded after import = 8

========================================================================
Received Import Request.
  Time since last request: 0.000028 seconds.
  path: Assets/World/Environment/Prefabs/Building3/WantedPoster011.prefab
  artifactKey: Guid(49b9ddad84fe6174da7a97cf195c6054) Importer(815301076,1909f56bfc062723c751e8b465ee728b)
Start importing Assets/World/Environment/Prefabs/Building3/WantedPoster011.prefab using Guid(49b9ddad84fe6174da7a97cf195c6054) Importer(815301076,1909f56bfc062723c751e8b465ee728b) (PreviewImporter) -> (artifact id: '6f045222e33a15c226b15ddbb80a601e') in 0.0145059 seconds
Number of updated asset objects reloaded before import = 0Number of asset objects unloaded after import = 13

========================================================================
Received Import Request.
  Time since last request: 0.000027 seconds.
  path: Assets/World/Environment/Prefabs/Building3/OilLampBot_low.prefab
  artifactKey: Guid(cbc293ceacc969249bf4194326c9f8f8) Importer(815301076,1909f56bfc062723c751e8b465ee728b)
Start importing Assets/World/Environment/Prefabs/Building3/OilLampBot_low.prefab using Guid(cbc293ceacc969249bf4194326c9f8f8) Importer(815301076,1909f56bfc062723c751e8b465ee728b) (PreviewImporter) -> (artifact id: 'dfd2bccbc27fe9a9a6c05a00506f62f9') in 0.0145469 seconds
Number of updated asset objects reloaded before import = 0Number of asset objects unloaded after import = 12

========================================================================
Received Import Request.
  Time since last request: 0.000031 seconds.
  path: Assets/World/Environment/Prefabs/Building3/Moonshine004_low001.prefab
  artifactKey: Guid(7c19a57bc01e7354a9b61cdcb95893c3) Importer(815301076,1909f56bfc062723c751e8b465ee728b)
Start importing Assets/World/Environment/Prefabs/Building3/Moonshine004_low001.prefab using Guid(7c19a57bc01e7354a9b61cdcb95893c3) Importer(815301076,1909f56bfc062723c751e8b465ee728b) (PreviewImporter) -> (artifact id: '76e6c8d7d3c9cd70cc527756a776d9b4') in 0.0090554 seconds
Number of updated asset objects reloaded before import = 0Number of asset objects unloaded after import = 10

========================================================================
Received Import Request.
  Time since last request: 0.000033 seconds.
  path: Assets/World/Environment/Prefabs/Building3/WhiskyGlass_low006.prefab
  artifactKey: Guid(a49ad9b43a3cd98499d19e628efa948b) Importer(815301076,1909f56bfc062723c751e8b465ee728b)
Start importing Assets/World/Environment/Prefabs/Building3/WhiskyGlass_low006.prefab using Guid(a49ad9b43a3cd98499d19e628efa948b) Importer(815301076,1909f56bfc062723c751e8b465ee728b) (PreviewImporter) -> (artifact id: '9ecf0826e75c0060bae29dcc9dff40fe') in 0.008783 seconds
Number of updated asset objects reloaded before import = 0Number of asset objects unloaded after import = 10

========================================================================
Received Import Request.
  Time since last request: 0.000032 seconds.
  path: Assets/World/Environment/Prefabs/Building3/Shelf_low.prefab
  artifactKey: Guid(2eeeff8db8415b2478b5bd5d40f684b5) Importer(815301076,1909f56bfc062723c751e8b465ee728b)
Start importing Assets/World/Environment/Prefabs/Building3/Shelf_low.prefab using Guid(2eeeff8db8415b2478b5bd5d40f684b5) Importer(815301076,1909f56bfc062723c751e8b465ee728b) (PreviewImporter) -> (artifact id: '20b513e4f2fc9e808c3064fa02fc1116') in 0.022098 seconds
Number of updated asset objects reloaded before import = 0Number of asset objects unloaded after import = 14

========================================================================
Received Import Request.
  Time since last request: 1.306902 seconds.
  path: Assets/World/Environment/Prefabs/Building3/Keg_low.prefab
  artifactKey: Guid(d506c825aeaa56249a333dfc5922ec84) Importer(815301076,1909f56bfc062723c751e8b465ee728b)
Start importing Assets/World/Environment/Prefabs/Building3/Keg_low.prefab using Guid(d506c825aeaa56249a333dfc5922ec84) Importer(815301076,1909f56bfc062723c751e8b465ee728b) (PreviewImporter) -> (artifact id: '8cbbb3f032024c3c0627107a5e8f19ac') in 0.0169388 seconds
Number of updated asset objects reloaded before import = 0Number of asset objects unloaded after import = 14

========================================================================
Received Import Request.
  Time since last request: 0.000026 seconds.
  path: Assets/World/Environment/Prefabs/Building3/WhiskyGlass_low009.prefab
  artifactKey: Guid(9e5a0989467d3364d97a24c6b73b46aa) Importer(815301076,1909f56bfc062723c751e8b465ee728b)
Start importing Assets/World/Environment/Prefabs/Building3/WhiskyGlass_low009.prefab using Guid(9e5a0989467d3364d97a24c6b73b46aa) Importer(815301076,1909f56bfc062723c751e8b465ee728b) (PreviewImporter) -> (artifact id: 'ab501fb462f43f405e1f2259f08ad2b7') in 0.0253597 seconds
Number of updated asset objects reloaded before import = 0Number of asset objects unloaded after import = 10

========================================================================
Received Import Request.
  Time since last request: 0.000032 seconds.
  path: Assets/World/Environment/Prefabs/Building3/OilLampHandle_low.prefab
  artifactKey: Guid(7041acea8cbeca844a1a7c49e6911447) Importer(815301076,1909f56bfc062723c751e8b465ee728b)
Start importing Assets/World/Environment/Prefabs/Building3/OilLampHandle_low.prefab using Guid(7041acea8cbeca844a1a7c49e6911447) Importer(815301076,1909f56bfc062723c751e8b465ee728b) (PreviewImporter) -> (artifact id: '95b0ebda467d56aeac609a1a27540f34') in 0.0181094 seconds
Number of updated asset objects reloaded before import = 0Number of asset objects unloaded after import = 12

========================================================================
Received Import Request.
  Time since last request: 0.000021 seconds.
  path: Assets/World/Environment/Prefabs/Building3/SheriffBadgePin_low.prefab
  artifactKey: Guid(28b25de9fb6bc13428a9952023274d65) Importer(815301076,1909f56bfc062723c751e8b465ee728b)
Start importing Assets/World/Environment/Prefabs/Building3/SheriffBadgePin_low.prefab using Guid(28b25de9fb6bc13428a9952023274d65) Importer(815301076,1909f56bfc062723c751e8b465ee728b) (PreviewImporter) -> (artifact id: '581f74c1d4755c9df478d43af4e9797a') in 0.0143528 seconds
Number of updated asset objects reloaded before import = 0Number of asset objects unloaded after import = 13

========================================================================
Received Import Request.
  Time since last request: 0.000021 seconds.
  path: Assets/World/Environment/Prefabs/Building3/WhiskyGlass_low008.prefab
  artifactKey: Guid(9e39ad165df219c429f865dad660450c) Importer(815301076,1909f56bfc062723c751e8b465ee728b)
Start importing Assets/World/Environment/Prefabs/Building3/WhiskyGlass_low008.prefab using Guid(9e39ad165df219c429f865dad660450c) Importer(815301076,1909f56bfc062723c751e8b465ee728b) (PreviewImporter) -> (artifact id: '2afc3bf88a8335c65a60fb13d1a27557') in 0.0103931 seconds
Number of updated asset objects reloaded before import = 0Number of asset objects unloaded after import = 10

========================================================================
Received Import Request.
  Time since last request: 0.000031 seconds.
  path: Assets/World/Environment/Prefabs/Building3/WantedPoster1.prefab
  artifactKey: Guid(499f0fce6215e194a862a10f24ae5087) Importer(815301076,1909f56bfc062723c751e8b465ee728b)
Start importing Assets/World/Environment/Prefabs/Building3/WantedPoster1.prefab using Guid(499f0fce6215e194a862a10f24ae5087) Importer(815301076,1909f56bfc062723c751e8b465ee728b) (PreviewImporter) -> (artifact id: '06f5a6aa346e40909e4c472b0999641e') in 0.0142817 seconds
Number of updated asset objects reloaded before import = 0Number of asset objects unloaded after import = 13

========================================================================
Received Import Request.
  Time since last request: 0.000036 seconds.
  path: Assets/World/Environment/Prefabs/Building3/SheriffBadgeHook_low.prefab
  artifactKey: Guid(4b41ab12e37e7eb4f90e89741bcfb298) Importer(815301076,1909f56bfc062723c751e8b465ee728b)
Start importing Assets/World/Environment/Prefabs/Building3/SheriffBadgeHook_low.prefab using Guid(4b41ab12e37e7eb4f90e89741bcfb298) Importer(815301076,1909f56bfc062723c751e8b465ee728b) (PreviewImporter) -> (artifact id: '9133e734880dfa496fcf5bc0662ff8aa') in 0.012183 seconds
Number of updated asset objects reloaded before import = 0Number of asset objects unloaded after import = 13

========================================================================
Received Import Request.
  Time since last request: 0.000023 seconds.
  path: Assets/World/Environment/Prefabs/Building3/WantedBoard_low001.prefab
  artifactKey: Guid(41e868878061acb42af66947b960830d) Importer(815301076,1909f56bfc062723c751e8b465ee728b)
Start importing Assets/World/Environment/Prefabs/Building3/WantedBoard_low001.prefab using Guid(41e868878061acb42af66947b960830d) Importer(815301076,1909f56bfc062723c751e8b465ee728b) (PreviewImporter) -> (artifact id: 'a63a46183bc22d30cf3467f125f97119') in 0.0125301 seconds
Number of updated asset objects reloaded before import = 0Number of asset objects unloaded after import = 13

========================================================================
Received Import Request.
  Time since last request: 0.000025 seconds.
  path: Assets/World/Environment/Prefabs/Building3/WantedPoster4.prefab
  artifactKey: Guid(6b9c7b788d47afc4eb96336da808ebc4) Importer(815301076,1909f56bfc062723c751e8b465ee728b)
Start importing Assets/World/Environment/Prefabs/Building3/WantedPoster4.prefab using Guid(6b9c7b788d47afc4eb96336da808ebc4) Importer(815301076,1909f56bfc062723c751e8b465ee728b) (PreviewImporter) -> (artifact id: 'b6447d57a5561263bac16213d9a229f7') in 0.0135285 seconds
Number of updated asset objects reloaded before import = 0Number of asset objects unloaded after import = 13

========================================================================
Received Import Request.
  Time since last request: 0.000027 seconds.
  path: Assets/World/Environment/Prefabs/Building3/OilLampBot_low.prefab
  artifactKey: Guid(cbc293ceacc969249bf4194326c9f8f8) Importer(815301076,1909f56bfc062723c751e8b465ee728b)
Start importing Assets/World/Environment/Prefabs/Building3/OilLampBot_low.prefab using Guid(cbc293ceacc969249bf4194326c9f8f8) Importer(815301076,1909f56bfc062723c751e8b465ee728b) (PreviewImporter) -> (artifact id: 'cd1cde0f5378f2b8be1e0027d873903c') in 0.0144028 seconds
Number of updated asset objects reloaded before import = 0Number of asset objects unloaded after import = 12

========================================================================
Received Import Request.
  Time since last request: 0.000036 seconds.
  path: Assets/World/Environment/Prefabs/Building3/WhiskyGlass_low007.prefab
  artifactKey: Guid(975e4c5b27d1050439e4048577a61118) Importer(815301076,1909f56bfc062723c751e8b465ee728b)
Start importing Assets/World/Environment/Prefabs/Building3/WhiskyGlass_low007.prefab using Guid(975e4c5b27d1050439e4048577a61118) Importer(815301076,1909f56bfc062723c751e8b465ee728b) (PreviewImporter) -> (artifact id: 'e88ad809e8dd4647f01349e254d3c938') in 0.0110545 seconds
Number of updated asset objects reloaded before import = 0Number of asset objects unloaded after import = 10

========================================================================
Received Import Request.
  Time since last request: 0.000025 seconds.
  path: Assets/World/Environment/Prefabs/Building3/WhiskyGlass_low001.prefab
  artifactKey: Guid(4237d010826302a4b8646ee699ce433f) Importer(815301076,1909f56bfc062723c751e8b465ee728b)
Start importing Assets/World/Environment/Prefabs/Building3/WhiskyGlass_low001.prefab using Guid(4237d010826302a4b8646ee699ce433f) Importer(815301076,1909f56bfc062723c751e8b465ee728b) (PreviewImporter) -> (artifact id: '0e9ec2a37939837e019ae9fd85da5442') in 0.0088417 seconds
Number of updated asset objects reloaded before import = 0Number of asset objects unloaded after import = 10

========================================================================
Received Import Request.
  Time since last request: 0.000033 seconds.
  path: Assets/World/Environment/Prefabs/Building3/Shelf_low.prefab
  artifactKey: Guid(2eeeff8db8415b2478b5bd5d40f684b5) Importer(815301076,1909f56bfc062723c751e8b465ee728b)
Start importing Assets/World/Environment/Prefabs/Building3/Shelf_low.prefab using Guid(2eeeff8db8415b2478b5bd5d40f684b5) Importer(815301076,1909f56bfc062723c751e8b465ee728b) (PreviewImporter) -> (artifact id: 'b17b4c8aa3d42b8409d132642c90f757') in 0.0134572 seconds
Number of updated asset objects reloaded before import = 0Number of asset objects unloaded after import = 14

========================================================================
Received Import Request.
  Time since last request: 3.295257 seconds.
  path: Assets/World/Environment/Prefabs/Building3/Keg_low.prefab
  artifactKey: Guid(d506c825aeaa56249a333dfc5922ec84) Importer(815301076,1909f56bfc062723c751e8b465ee728b)
Start importing Assets/World/Environment/Prefabs/Building3/Keg_low.prefab using Guid(d506c825aeaa56249a333dfc5922ec84) Importer(815301076,1909f56bfc062723c751e8b465ee728b) (PreviewImporter) -> (artifact id: '06245b118361e90ff771120fb06606b7') in 0.0159554 seconds
Number of updated asset objects reloaded before import = 0Number of asset objects unloaded after import = 15

========================================================================
Received Import Request.
  Time since last request: 0.000025 seconds.
  path: Assets/World/Environment/Prefabs/Building3/WhiskyGlass_low002.prefab
  artifactKey: Guid(a17ab17b4852c534fa89452368a1faef) Importer(815301076,1909f56bfc062723c751e8b465ee728b)
Start importing Assets/World/Environment/Prefabs/Building3/WhiskyGlass_low002.prefab using Guid(a17ab17b4852c534fa89452368a1faef) Importer(815301076,1909f56bfc062723c751e8b465ee728b) (PreviewImporter) -> (artifact id: '281dfe17ef6c4b3098de50a96c0d976e') in 0.0092505 seconds
Number of updated asset objects reloaded before import = 0Number of asset objects unloaded after import = 11

========================================================================
Received Import Request.
  Time since last request: 0.000035 seconds.
  path: Assets/World/Environment/Prefabs/Building3/StandardTable_low.prefab
  artifactKey: Guid(70428a6b0f0c9fc49adf86822dfdbc53) Importer(815301076,1909f56bfc062723c751e8b465ee728b)
Start importing Assets/World/Environment/Prefabs/Building3/StandardTable_low.prefab using Guid(70428a6b0f0c9fc49adf86822dfdbc53) Importer(815301076,1909f56bfc062723c751e8b465ee728b) (PreviewImporter) -> (artifact id: '45f0334861a65406afa98e603e1e2213') in 0.0149168 seconds
Number of updated asset objects reloaded before import = 0Number of asset objects unloaded after import = 15

========================================================================
Received Import Request.
  Time since last request: 0.000022 seconds.
  path: Assets/World/Environment/Prefabs/Building3/WantedPoster013.prefab
  artifactKey: Guid(ae2970ed69ebd5840b7bd3940ef9d223) Importer(815301076,1909f56bfc062723c751e8b465ee728b)
Start importing Assets/World/Environment/Prefabs/Building3/WantedPoster013.prefab using Guid(ae2970ed69ebd5840b7bd3940ef9d223) Importer(815301076,1909f56bfc062723c751e8b465ee728b) (PreviewImporter) -> (artifact id: 'e269a75ebea999cf818c51d8bc730ff1') in 0.0125308 seconds
Number of updated asset objects reloaded before import = 0Number of asset objects unloaded after import = 14

========================================================================
Received Import Request.
  Time since last request: 0.000026 seconds.
  path: Assets/World/Environment/Prefabs/Building3/Moonshine004_low.prefab
  artifactKey: Guid(b62a711ab89501f40ad1eeaf755022ff) Importer(815301076,1909f56bfc062723c751e8b465ee728b)
Start importing Assets/World/Environment/Prefabs/Building3/Moonshine004_low.prefab using Guid(b62a711ab89501f40ad1eeaf755022ff) Importer(815301076,1909f56bfc062723c751e8b465ee728b) (PreviewImporter) -> (artifact id: 'f91cf3ee34179e8f33eeb334c81b1392') in 0.0092304 seconds
Number of updated asset objects reloaded before import = 0Number of asset objects unloaded after import = 11

========================================================================
Received Import Request.
  Time since last request: 0.000028 seconds.
  path: Assets/World/Environment/Prefabs/Building3/SheriffBadgePin_low001.prefab
  artifactKey: Guid(b0bb0fdf31835474b92853b3d6d37709) Importer(815301076,1909f56bfc062723c751e8b465ee728b)
Start importing Assets/World/Environment/Prefabs/Building3/SheriffBadgePin_low001.prefab using Guid(b0bb0fdf31835474b92853b3d6d37709) Importer(815301076,1909f56bfc062723c751e8b465ee728b) (PreviewImporter) -> (artifact id: '67a2e240661c0f97a2d99669d5d84453') in 0.0131984 seconds
Number of updated asset objects reloaded before import = 0Number of asset objects unloaded after import = 14

========================================================================
Received Import Request.
  Time since last request: 0.000036 seconds.
  path: Assets/World/Environment/Prefabs/Building3/StandardTable_low001.prefab
  artifactKey: Guid(08ec3713e3ce76440af60ffd5d5323f1) Importer(815301076,1909f56bfc062723c751e8b465ee728b)
Start importing Assets/World/Environment/Prefabs/Building3/StandardTable_low001.prefab using Guid(08ec3713e3ce76440af60ffd5d5323f1) Importer(815301076,1909f56bfc062723c751e8b465ee728b) (PreviewImporter) -> (artifact id: '31c81cb60eb690902e4e3a4922ca7bd1') in 0.0151256 seconds
Number of updated asset objects reloaded before import = 0Number of asset objects unloaded after import = 14

========================================================================
Received Import Request.
  Time since last request: 0.000025 seconds.
  path: Assets/World/Environment/Prefabs/Building3/RoundGlass_low004.prefab
  artifactKey: Guid(9710021530fa0c34e9d9017adff1bbef) Importer(815301076,1909f56bfc062723c751e8b465ee728b)
Start importing Assets/World/Environment/Prefabs/Building3/RoundGlass_low004.prefab using Guid(9710021530fa0c34e9d9017adff1bbef) Importer(815301076,1909f56bfc062723c751e8b465ee728b) (PreviewImporter) -> (artifact id: 'c09f6edfb759335bd0f8b76c3b6a1595') in 0.0142969 seconds
Number of updated asset objects reloaded before import = 0Number of asset objects unloaded after import = 9

========================================================================
Received Import Request.
  Time since last request: 0.000024 seconds.
  path: Assets/World/Environment/Prefabs/Building3/WantedPoster011.prefab
  artifactKey: Guid(49b9ddad84fe6174da7a97cf195c6054) Importer(815301076,1909f56bfc062723c751e8b465ee728b)
Start importing Assets/World/Environment/Prefabs/Building3/WantedPoster011.prefab using Guid(49b9ddad84fe6174da7a97cf195c6054) Importer(815301076,1909f56bfc062723c751e8b465ee728b) (PreviewImporter) -> (artifact id: '932597ac00b25133f5b12a5332bc90fd') in 0.0175698 seconds
Number of updated asset objects reloaded before import = 0Number of asset objects unloaded after import = 14

========================================================================
Received Import Request.
  Time since last request: 0.000030 seconds.
  path: Assets/World/Environment/Prefabs/Building3/WantedPoster2.prefab
  artifactKey: Guid(19a0eaacced2d7241b13475e75972089) Importer(815301076,1909f56bfc062723c751e8b465ee728b)
Start importing Assets/World/Environment/Prefabs/Building3/WantedPoster2.prefab using Guid(19a0eaacced2d7241b13475e75972089) Importer(815301076,1909f56bfc062723c751e8b465ee728b) (PreviewImporter) -> (artifact id: '471a60a46ac783c5f58f46c55de68593') in 0.0123882 seconds
Number of updated asset objects reloaded before import = 0Number of asset objects unloaded after import = 14

========================================================================
Received Import Request.
  Time since last request: 0.000041 seconds.
  path: Assets/World/Environment/Prefabs/Building3/Moonshine004_low001.prefab
  artifactKey: Guid(7c19a57bc01e7354a9b61cdcb95893c3) Importer(815301076,1909f56bfc062723c751e8b465ee728b)
Start importing Assets/World/Environment/Prefabs/Building3/Moonshine004_low001.prefab using Guid(7c19a57bc01e7354a9b61cdcb95893c3) Importer(815301076,1909f56bfc062723c751e8b465ee728b) (PreviewImporter) -> (artifact id: '64cd327a4fbf727742b42dc28a0a83d4') in 0.0088103 seconds
Number of updated asset objects reloaded before import = 0Number of asset objects unloaded after import = 11

========================================================================
Received Import Request.
  Time since last request: 0.000028 seconds.
  path: Assets/World/Environment/Prefabs/Building3/WhiskyGlass_low006.prefab
  artifactKey: Guid(a49ad9b43a3cd98499d19e628efa948b) Importer(815301076,1909f56bfc062723c751e8b465ee728b)
Start importing Assets/World/Environment/Prefabs/Building3/WhiskyGlass_low006.prefab using Guid(a49ad9b43a3cd98499d19e628efa948b) Importer(815301076,1909f56bfc062723c751e8b465ee728b) (PreviewImporter) -> (artifact id: 'dec1ba552659e9ab072a66f5ec1d05e3') in 0.0090533 seconds
Number of updated asset objects reloaded before import = 0Number of asset objects unloaded after import = 11

========================================================================
Received Import Request.
  Time since last request: 0.000031 seconds.
  path: Assets/World/Environment/Prefabs/Building3/RoundGlass_low007.prefab
  artifactKey: Guid(8db22c5816700834ab468340aa7edab1) Importer(815301076,1909f56bfc062723c751e8b465ee728b)
Start importing Assets/World/Environment/Prefabs/Building3/RoundGlass_low007.prefab using Guid(8db22c5816700834ab468340aa7edab1) Importer(815301076,1909f56bfc062723c751e8b465ee728b) (PreviewImporter) -> (artifact id: '931ab531e7a34808bae17e24076daeba') in 0.0095406 seconds
Number of updated asset objects reloaded before import = 0Number of asset objects unloaded after import = 11

========================================================================
Received Import Request.
  Time since last request: 2.298267 seconds.
  path: Assets/World/Environment/Prefabs/Building3/WhiskyGlass_low009.prefab
  artifactKey: Guid(9e5a0989467d3364d97a24c6b73b46aa) Importer(2089858483,b0f066a214c2f5e87bad3c948f4d605d)
Start importing Assets/World/Environment/Prefabs/Building3/WhiskyGlass_low009.prefab using Guid(9e5a0989467d3364d97a24c6b73b46aa) Importer(2089858483,b0f066a214c2f5e87bad3c948f4d605d) (ScriptedImporter) -> (artifact id: 'ab14fbf104c24df77a85fbba95c35bf3') in 0.0191561 seconds
Number of updated asset objects reloaded before import = 0Number of asset objects unloaded after import = 9

========================================================================
Received Import Request.
  Time since last request: 0.000033 seconds.
  path: Assets/World/Environment/Prefabs/Building3/WantedPoster1.prefab
  artifactKey: Guid(499f0fce6215e194a862a10f24ae5087) Importer(2089858483,b0f066a214c2f5e87bad3c948f4d605d)
Start importing Assets/World/Environment/Prefabs/Building3/WantedPoster1.prefab using Guid(499f0fce6215e194a862a10f24ae5087) Importer(2089858483,b0f066a214c2f5e87bad3c948f4d605d) (ScriptedImporter) -> (artifact id: '2fb5e715e506e10519d79d7c3a1f4fa3') in 0.0110515 seconds
Number of updated asset objects reloaded before import = 0Number of asset objects unloaded after import = 9

========================================================================
Received Import Request.
  Time since last request: 0.000031 seconds.
  path: Assets/World/Environment/Prefabs/Building3/WhiskyGlass_low007.prefab
  artifactKey: Guid(975e4c5b27d1050439e4048577a61118) Importer(2089858483,b0f066a214c2f5e87bad3c948f4d605d)
Start importing Assets/World/Environment/Prefabs/Building3/WhiskyGlass_low007.prefab using Guid(975e4c5b27d1050439e4048577a61118) Importer(2089858483,b0f066a214c2f5e87bad3c948f4d605d) (ScriptedImporter) -> (artifact id: '51685d08fee1614fafe5651fd761b139') in 0.0099754 seconds
Number of updated asset objects reloaded before import = 0Number of asset objects unloaded after import = 9

========================================================================
Received Import Request.
  Time since last request: 0.000031 seconds.
  path: Assets/World/Environment/Prefabs/Building3/ChairBackRest_low008.prefab
  artifactKey: Guid(8a338bdaa66cb3d4a829fbc76bcdf49c) Importer(2089858483,b0f066a214c2f5e87bad3c948f4d605d)
Start importing Assets/World/Environment/Prefabs/Building3/ChairBackRest_low008.prefab using Guid(8a338bdaa66cb3d4a829fbc76bcdf49c) Importer(2089858483,b0f066a214c2f5e87bad3c948f4d605d) (ScriptedImporter) -> (artifact id: '10411bc38382275d130e0596d2061ec8') in 0.0108713 seconds
Number of updated asset objects reloaded before import = 0Number of asset objects unloaded after import = 9

========================================================================
Received Import Request.
  Time since last request: 0.000032 seconds.
  path: Assets/World/Environment/Prefabs/Building3/ChairSeat_low001.prefab
  artifactKey: Guid(a450c58392f1c264db117c58630f3893) Importer(2089858483,b0f066a214c2f5e87bad3c948f4d605d)
Start importing Assets/World/Environment/Prefabs/Building3/ChairSeat_low001.prefab using Guid(a450c58392f1c264db117c58630f3893) Importer(2089858483,b0f066a214c2f5e87bad3c948f4d605d) (ScriptedImporter) -> (artifact id: 'd0998a1e0aa7cce56b79c6bf4bfc71b4') in 0.0093334 seconds
Number of updated asset objects reloaded before import = 0Number of asset objects unloaded after import = 9

========================================================================
Received Import Request.
  Time since last request: 0.000098 seconds.
  path: Assets/World/Environment/Prefabs/Building3/ChairLegs_low004.prefab
  artifactKey: Guid(94721cb41bb5ba241a2bb5c8af2e94df) Importer(2089858483,b0f066a214c2f5e87bad3c948f4d605d)
Start importing Assets/World/Environment/Prefabs/Building3/ChairLegs_low004.prefab using Guid(94721cb41bb5ba241a2bb5c8af2e94df) Importer(2089858483,b0f066a214c2f5e87bad3c948f4d605d) (ScriptedImporter) -> (artifact id: '24001f7d8cb743cf854af458b668ec5b') in 0.009512 seconds
Number of updated asset objects reloaded before import = 0Number of asset objects unloaded after import = 9

========================================================================
Received Import Request.
  Time since last request: 0.000030 seconds.
  path: Assets/World/Environment/Prefabs/Building3/AlcoholBottle008_low003.prefab
  artifactKey: Guid(956f6652c3c8dd74eb24319d9a7079e2) Importer(2089858483,b0f066a214c2f5e87bad3c948f4d605d)
Start importing Assets/World/Environment/Prefabs/Building3/AlcoholBottle008_low003.prefab using Guid(956f6652c3c8dd74eb24319d9a7079e2) Importer(2089858483,b0f066a214c2f5e87bad3c948f4d605d) (ScriptedImporter) -> (artifact id: '47ac3ae62bd8cdb12243e710898c9a91') in 0.0089305 seconds
Number of updated asset objects reloaded before import = 0Number of asset objects unloaded after import = 9

========================================================================
Received Import Request.
  Time since last request: 0.000024 seconds.
  path: Assets/World/Environment/Prefabs/Building3/WhiskyGlass_low006.prefab
  artifactKey: Guid(a49ad9b43a3cd98499d19e628efa948b) Importer(2089858483,b0f066a214c2f5e87bad3c948f4d605d)
Start importing Assets/World/Environment/Prefabs/Building3/WhiskyGlass_low006.prefab using Guid(a49ad9b43a3cd98499d19e628efa948b) Importer(2089858483,b0f066a214c2f5e87bad3c948f4d605d) (ScriptedImporter) -> (artifact id: 'f8e6c4cf8e3ba2a18bf2a086757d36e0') in 0.0090032 seconds
Number of updated asset objects reloaded before import = 0Number of asset objects unloaded after import = 9

========================================================================
Received Import Request.
  Time since last request: 0.000030 seconds.
  path: Assets/World/Environment/Prefabs/Building3/RoundGlass_low007.prefab
  artifactKey: Guid(8db22c5816700834ab468340aa7edab1) Importer(2089858483,b0f066a214c2f5e87bad3c948f4d605d)
Start importing Assets/World/Environment/Prefabs/Building3/RoundGlass_low007.prefab using Guid(8db22c5816700834ab468340aa7edab1) Importer(2089858483,b0f066a214c2f5e87bad3c948f4d605d) (ScriptedImporter) -> (artifact id: '7585e9525b4763dc7bcce41611073d28') in 0.0091528 seconds
Number of updated asset objects reloaded before import = 0Number of asset objects unloaded after import = 9

========================================================================
Received Import Request.
  Time since last request: 0.000041 seconds.
  path: Assets/World/Environment/Prefabs/Building3/WantedPoster4.prefab
  artifactKey: Guid(6b9c7b788d47afc4eb96336da808ebc4) Importer(2089858483,b0f066a214c2f5e87bad3c948f4d605d)
Start importing Assets/World/Environment/Prefabs/Building3/WantedPoster4.prefab using Guid(6b9c7b788d47afc4eb96336da808ebc4) Importer(2089858483,b0f066a214c2f5e87bad3c948f4d605d) (ScriptedImporter) -> (artifact id: '9b2343d11e5ffb562020a7b91ab6d54d') in 0.0092932 seconds
Number of updated asset objects reloaded before import = 0Number of asset objects unloaded after import = 9

========================================================================
Received Import Request.
  Time since last request: 0.000022 seconds.
  path: Assets/World/Environment/Prefabs/Building3/BarStool_low.prefab
  artifactKey: Guid(76cc46f127bc0ed4688bacfc4c599b20) Importer(2089858483,b0f066a214c2f5e87bad3c948f4d605d)
Start importing Assets/World/Environment/Prefabs/Building3/BarStool_low.prefab using Guid(76cc46f127bc0ed4688bacfc4c599b20) Importer(2089858483,b0f066a214c2f5e87bad3c948f4d605d) (ScriptedImporter) -> (artifact id: 'b5c8c37efde44a4e394dc6a0d1f97479') in 0.0097598 seconds
Number of updated asset objects reloaded before import = 0Number of asset objects unloaded after import = 9

========================================================================
Received Import Request.
  Time since last request: 0.000024 seconds.
  path: Assets/World/Environment/Prefabs/Building3/ChairFeetRests_low005.prefab
  artifactKey: Guid(fae630c1bd52a8841a4fc907bf8af2c7) Importer(2089858483,b0f066a214c2f5e87bad3c948f4d605d)
Start importing Assets/World/Environment/Prefabs/Building3/ChairFeetRests_low005.prefab using Guid(fae630c1bd52a8841a4fc907bf8af2c7) Importer(2089858483,b0f066a214c2f5e87bad3c948f4d605d) (ScriptedImporter) -> (artifact id: '5228779a45eb7a01986c1a1bc1f8e48d') in 0.0103652 seconds
Number of updated asset objects reloaded before import = 0Number of asset objects unloaded after import = 9

========================================================================
Received Import Request.
  Time since last request: 0.000023 seconds.
  path: Assets/World/Environment/Prefabs/Building3/WhiskyGlass_low004.prefab
  artifactKey: Guid(49088701f08a69041883468fadbcbd5c) Importer(2089858483,b0f066a214c2f5e87bad3c948f4d605d)
Start importing Assets/World/Environment/Prefabs/Building3/WhiskyGlass_low004.prefab using Guid(49088701f08a69041883468fadbcbd5c) Importer(2089858483,b0f066a214c2f5e87bad3c948f4d605d) (ScriptedImporter) -> (artifact id: '256a3ac64142fa1debfe20fd09c46332') in 0.0178921 seconds
Number of updated asset objects reloaded before import = 0Number of asset objects unloaded after import = 9

========================================================================
Received Import Request.
  Time since last request: 0.000028 seconds.
  path: Assets/World/Environment/Prefabs/Building3/RoundGlass_low005.prefab
  artifactKey: Guid(dc9ec995cc7a84b4e845a49b4cdd9e6b) Importer(2089858483,b0f066a214c2f5e87bad3c948f4d605d)
Start importing Assets/World/Environment/Prefabs/Building3/RoundGlass_low005.prefab using Guid(dc9ec995cc7a84b4e845a49b4cdd9e6b) Importer(2089858483,b0f066a214c2f5e87bad3c948f4d605d) (ScriptedImporter) -> (artifact id: 'cffacaa8c0389919601e5eb3342806ed') in 0.0088027 seconds
Number of updated asset objects reloaded before import = 0Number of asset objects unloaded after import = 9

========================================================================
Received Import Request.
  Time since last request: 0.000106 seconds.
  path: Assets/World/Environment/Prefabs/Building3/WantedBoard_low001.prefab
  artifactKey: Guid(41e868878061acb42af66947b960830d) Importer(2089858483,b0f066a214c2f5e87bad3c948f4d605d)
Start importing Assets/World/Environment/Prefabs/Building3/WantedBoard_low001.prefab using Guid(41e868878061acb42af66947b960830d) Importer(2089858483,b0f066a214c2f5e87bad3c948f4d605d) (ScriptedImporter) -> (artifact id: '25e3a760caadb30d42461190f0d26e67') in 0.008792 seconds
Number of updated asset objects reloaded before import = 0Number of asset objects unloaded after import = 9

========================================================================
Received Import Request.
  Time since last request: 0.000031 seconds.
  path: Assets/World/Environment/Prefabs/Building3/WhiskyGlass_low005.prefab
  artifactKey: Guid(fdea2317cf34ed94fbfd38511a343ec9) Importer(2089858483,b0f066a214c2f5e87bad3c948f4d605d)
Start importing Assets/World/Environment/Prefabs/Building3/WhiskyGlass_low005.prefab using Guid(fdea2317cf34ed94fbfd38511a343ec9) Importer(2089858483,b0f066a214c2f5e87bad3c948f4d605d) (ScriptedImporter) -> (artifact id: '27b2285f19d8f86bf34efa537541a0d8') in 0.0088356 seconds
Number of updated asset objects reloaded before import = 0Number of asset objects unloaded after import = 9

========================================================================
Received Import Request.
  Time since last request: 0.000027 seconds.
  path: Assets/World/Environment/Prefabs/Building3/WantedPoster012.prefab
  artifactKey: Guid(4e2336f93d5f7bb41bc41e19ec2741c2) Importer(2089858483,b0f066a214c2f5e87bad3c948f4d605d)
Start importing Assets/World/Environment/Prefabs/Building3/WantedPoster012.prefab using Guid(4e2336f93d5f7bb41bc41e19ec2741c2) Importer(2089858483,b0f066a214c2f5e87bad3c948f4d605d) (ScriptedImporter) -> (artifact id: 'b768fc7b0bc5af55868d2310f040fc69') in 0.0087177 seconds
Number of updated asset objects reloaded before import = 0Number of asset objects unloaded after import = 9

========================================================================
Received Import Request.
  Time since last request: 0.000038 seconds.
  path: Assets/World/Environment/Prefabs/Building3/ChairSeat_low007.prefab
  artifactKey: Guid(b6a7fee02744d3448bf34aa414010594) Importer(2089858483,b0f066a214c2f5e87bad3c948f4d605d)
Start importing Assets/World/Environment/Prefabs/Building3/ChairSeat_low007.prefab using Guid(b6a7fee02744d3448bf34aa414010594) Importer(2089858483,b0f066a214c2f5e87bad3c948f4d605d) (ScriptedImporter) -> (artifact id: '5e8f858b2d0ec05b9d2eeccb96939e41') in 0.0095219 seconds
Number of updated asset objects reloaded before import = 0Number of asset objects unloaded after import = 9

========================================================================
Received Import Request.
  Time since last request: 0.000039 seconds.
  path: Assets/World/Environment/Prefabs/Building3/CandleHolder_low001.prefab
  artifactKey: Guid(5eae6f2f77b72a440b8ef9f87bcc7923) Importer(2089858483,b0f066a214c2f5e87bad3c948f4d605d)
Start importing Assets/World/Environment/Prefabs/Building3/CandleHolder_low001.prefab using Guid(5eae6f2f77b72a440b8ef9f87bcc7923) Importer(2089858483,b0f066a214c2f5e87bad3c948f4d605d) (ScriptedImporter) -> (artifact id: '45f798766c4c648db34171f728d8d2c2') in 0.0101209 seconds
Number of updated asset objects reloaded before import = 0Number of asset objects unloaded after import = 9

========================================================================
Received Import Request.
  Time since last request: 0.000041 seconds.
  path: Assets/World/Environment/Prefabs/Building3/ChairBackRest_low001.prefab
  artifactKey: Guid(d8b623e6ccf26b04e80a3079989d5fd0) Importer(2089858483,b0f066a214c2f5e87bad3c948f4d605d)
Start importing Assets/World/Environment/Prefabs/Building3/ChairBackRest_low001.prefab using Guid(d8b623e6ccf26b04e80a3079989d5fd0) Importer(2089858483,b0f066a214c2f5e87bad3c948f4d605d) (ScriptedImporter) -> (artifact id: 'fc9058bbc71aef78643229bbf0015644') in 0.0089719 seconds
Number of updated asset objects reloaded before import = 0Number of asset objects unloaded after import = 9

========================================================================
Received Import Request.
  Time since last request: 0.000025 seconds.
  path: Assets/World/Environment/Prefabs/Building3/Shelf_low.prefab
  artifactKey: Guid(2eeeff8db8415b2478b5bd5d40f684b5) Importer(2089858483,b0f066a214c2f5e87bad3c948f4d605d)
Start importing Assets/World/Environment/Prefabs/Building3/Shelf_low.prefab using Guid(2eeeff8db8415b2478b5bd5d40f684b5) Importer(2089858483,b0f066a214c2f5e87bad3c948f4d605d) (ScriptedImporter) -> (artifact id: '96fa129885489e34c1cef19fbcf9a39c') in 0.0094876 seconds
Number of updated asset objects reloaded before import = 0Number of asset objects unloaded after import = 9

========================================================================
Received Import Request.
  Time since last request: 0.000024 seconds.
  path: Assets/World/Environment/Prefabs/Building3/Crate_low003.prefab
  artifactKey: Guid(0f14c6697d83fab43a056eec28c697e5) Importer(815301076,1909f56bfc062723c751e8b465ee728b)
Start importing Assets/World/Environment/Prefabs/Building3/Crate_low003.prefab using Guid(0f14c6697d83fab43a056eec28c697e5) Importer(815301076,1909f56bfc062723c751e8b465ee728b) (PreviewImporter) -> (artifact id: '0cb32f0210e7275cfcde8d5819115891') in 0.0176717 seconds
Number of updated asset objects reloaded before import = 0Number of asset objects unloaded after import = 11

========================================================================
Received Import Request.
  Time since last request: 0.000023 seconds.
  path: Assets/World/Environment/Prefabs/Building3/ChairBackRest_low001.prefab
  artifactKey: Guid(d8b623e6ccf26b04e80a3079989d5fd0) Importer(815301076,1909f56bfc062723c751e8b465ee728b)
Start importing Assets/World/Environment/Prefabs/Building3/ChairBackRest_low001.prefab using Guid(d8b623e6ccf26b04e80a3079989d5fd0) Importer(815301076,1909f56bfc062723c751e8b465ee728b) (PreviewImporter) -> (artifact id: '50ac3cdae47e047ce5e99ae3712e739d') in 0.0163782 seconds
Number of updated asset objects reloaded before import = 0Number of asset objects unloaded after import = 14

========================================================================
Received Import Request.
  Time since last request: 0.000034 seconds.
  path: Assets/World/Environment/Prefabs/Building3/CandleHolderHandle_low001.prefab
  artifactKey: Guid(7b56c21a53da57b40871fde8627445c7) Importer(815301076,1909f56bfc062723c751e8b465ee728b)
Start importing Assets/World/Environment/Prefabs/Building3/CandleHolderHandle_low001.prefab using Guid(7b56c21a53da57b40871fde8627445c7) Importer(815301076,1909f56bfc062723c751e8b465ee728b) (PreviewImporter) -> (artifact id: 'c7db20193cf2048f27cbe4da4e92a261') in 0.0151426 seconds
Number of updated asset objects reloaded before import = 0Number of asset objects unloaded after import = 13

========================================================================
Received Import Request.
  Time since last request: 0.000038 seconds.
  path: Assets/World/Environment/Prefabs/Building3/ChairBackRest_low.prefab
  artifactKey: Guid(030aa3879a808a245ae47347199cc4e3) Importer(815301076,1909f56bfc062723c751e8b465ee728b)
Start importing Assets/World/Environment/Prefabs/Building3/ChairBackRest_low.prefab using Guid(030aa3879a808a245ae47347199cc4e3) Importer(815301076,1909f56bfc062723c751e8b465ee728b) (PreviewImporter) -> (artifact id: 'ba008f1e15d8f7e8e7a5b2458f7cbf85') in 0.0160648 seconds
Number of updated asset objects reloaded before import = 0Number of asset objects unloaded after import = 14

========================================================================
Received Import Request.
  Time since last request: 0.000041 seconds.
  path: Assets/World/Environment/Prefabs/Building3/ChairBackRest_low005.prefab
  artifactKey: Guid(d370d64ca49105a409c6b1f5595bc988) Importer(815301076,1909f56bfc062723c751e8b465ee728b)
Start importing Assets/World/Environment/Prefabs/Building3/ChairBackRest_low005.prefab using Guid(d370d64ca49105a409c6b1f5595bc988) Importer(815301076,1909f56bfc062723c751e8b465ee728b) (PreviewImporter) -> (artifact id: '3f317b686d0eba8bf9f274aedd86b902') in 0.0170679 seconds
Number of updated asset objects reloaded before import = 0Number of asset objects unloaded after import = 14

========================================================================
Received Import Request.
  Time since last request: 0.000023 seconds.
  path: Assets/World/Environment/Prefabs/Building3/ChairLegs_low001.prefab
  artifactKey: Guid(65c274f9691aa5b40a34373a12f06032) Importer(815301076,1909f56bfc062723c751e8b465ee728b)
Start importing Assets/World/Environment/Prefabs/Building3/ChairLegs_low001.prefab using Guid(65c274f9691aa5b40a34373a12f06032) Importer(815301076,1909f56bfc062723c751e8b465ee728b) (PreviewImporter) -> (artifact id: '675cd62b95f1f4ceab82087d311bec07') in 0.0152856 seconds
Number of updated asset objects reloaded before import = 0Number of asset objects unloaded after import = 14

========================================================================
Received Import Request.
  Time since last request: 0.000027 seconds.
  path: Assets/World/Environment/Prefabs/Building3/ChairBackRest_low008.prefab
  artifactKey: Guid(8a338bdaa66cb3d4a829fbc76bcdf49c) Importer(815301076,1909f56bfc062723c751e8b465ee728b)
Start importing Assets/World/Environment/Prefabs/Building3/ChairBackRest_low008.prefab using Guid(8a338bdaa66cb3d4a829fbc76bcdf49c) Importer(815301076,1909f56bfc062723c751e8b465ee728b) (PreviewImporter) -> (artifact id: 'af200f31fae590410949e831c3df176c') in 0.0160954 seconds
Number of updated asset objects reloaded before import = 0Number of asset objects unloaded after import = 14

========================================================================
Received Import Request.
  Time since last request: 0.000049 seconds.
  path: Assets/World/Environment/Prefabs/Building3/BarStool_low002.prefab
  artifactKey: Guid(c60836cd170536a479fdbc3ac5815803) Importer(815301076,1909f56bfc062723c751e8b465ee728b)
Start importing Assets/World/Environment/Prefabs/Building3/BarStool_low002.prefab using Guid(c60836cd170536a479fdbc3ac5815803) Importer(815301076,1909f56bfc062723c751e8b465ee728b) (PreviewImporter) -> (artifact id: 'ae8e93364043ad57cef1945bfd09d570') in 0.0108609 seconds
Number of updated asset objects reloaded before import = 0Number of asset objects unloaded after import = 15

========================================================================
Received Import Request.
  Time since last request: 0.000025 seconds.
  path: Assets/World/Environment/Prefabs/Building3/ChairSeat_low003.prefab
  artifactKey: Guid(5c2666b10dba9dc4a9977c6ee1ed2a09) Importer(815301076,1909f56bfc062723c751e8b465ee728b)
Start importing Assets/World/Environment/Prefabs/Building3/ChairSeat_low003.prefab using Guid(5c2666b10dba9dc4a9977c6ee1ed2a09) Importer(815301076,1909f56bfc062723c751e8b465ee728b) (PreviewImporter) -> (artifact id: 'c7d461d5a9045c73eb518d64c5bb5f4b') in 0.0167688 seconds
Number of updated asset objects reloaded before import = 0Number of asset objects unloaded after import = 14

========================================================================
Received Import Request.
  Time since last request: 0.000024 seconds.
  path: Assets/World/Environment/Prefabs/Building3/Shelf_low001.prefab
  artifactKey: Guid(7f4e38396d04b894b922d5de604279c6) Importer(2089858483,b0f066a214c2f5e87bad3c948f4d605d)
Start importing Assets/World/Environment/Prefabs/Building3/Shelf_low001.prefab using Guid(7f4e38396d04b894b922d5de604279c6) Importer(2089858483,b0f066a214c2f5e87bad3c948f4d605d) (ScriptedImporter) -> (artifact id: '068d7c4a6ea9ac6941655965084eacd1') in 0.0094325 seconds
Number of updated asset objects reloaded before import = 0Number of asset objects unloaded after import = 9

========================================================================
Received Import Request.
  Time since last request: 0.000025 seconds.
  path: Assets/World/Environment/Prefabs/Building3/ChairSeat_low008.prefab
  artifactKey: Guid(86d2e7f6005611d4aa332be18e4fe166) Importer(2089858483,b0f066a214c2f5e87bad3c948f4d605d)
Start importing Assets/World/Environment/Prefabs/Building3/ChairSeat_low008.prefab using Guid(86d2e7f6005611d4aa332be18e4fe166) Importer(2089858483,b0f066a214c2f5e87bad3c948f4d605d) (ScriptedImporter) -> (artifact id: '85778ae8ee364d852bde68916518ffd2') in 0.0098745 seconds
Number of updated asset objects reloaded before import = 0Number of asset objects unloaded after import = 9

========================================================================
Received Import Request.
  Time since last request: 0.000026 seconds.
  path: Assets/World/Environment/Prefabs/Building3/ChairFeetRests_low001.prefab
  artifactKey: Guid(c5a4b9abe9db08b4d96926f7217e270a) Importer(815301076,1909f56bfc062723c751e8b465ee728b)
Start importing Assets/World/Environment/Prefabs/Building3/ChairFeetRests_low001.prefab using Guid(c5a4b9abe9db08b4d96926f7217e270a) Importer(815301076,1909f56bfc062723c751e8b465ee728b) (PreviewImporter) -> (artifact id: '9d46183a460a7dd6514d8d602fe641ea') in 0.0148683 seconds
Number of updated asset objects reloaded before import = 0Number of asset objects unloaded after import = 14

========================================================================
Received Import Request.
  Time since last request: 0.000035 seconds.
  path: Assets/World/Environment/Prefabs/Building3/ChairLegs_low007.prefab
  artifactKey: Guid(47093a4eb6e91eb40bb0b8c5ce551157) Importer(2089858483,b0f066a214c2f5e87bad3c948f4d605d)
Start importing Assets/World/Environment/Prefabs/Building3/ChairLegs_low007.prefab using Guid(47093a4eb6e91eb40bb0b8c5ce551157) Importer(2089858483,b0f066a214c2f5e87bad3c948f4d605d) (ScriptedImporter) -> (artifact id: 'bdc73a6f9111fb5158bd4581c16f5117') in 0.0105671 seconds
Number of updated asset objects reloaded before import = 0Number of asset objects unloaded after import = 9

========================================================================
Received Import Request.
  Time since last request: 0.000029 seconds.
  path: Assets/World/Environment/Prefabs/Building3/OilLampBot_low.prefab
  artifactKey: Guid(cbc293ceacc969249bf4194326c9f8f8) Importer(2089858483,b0f066a214c2f5e87bad3c948f4d605d)
Start importing Assets/World/Environment/Prefabs/Building3/OilLampBot_low.prefab using Guid(cbc293ceacc969249bf4194326c9f8f8) Importer(2089858483,b0f066a214c2f5e87bad3c948f4d605d) (ScriptedImporter) -> (artifact id: 'e938f671f8f1f768276bfcddab73f414') in 0.0101659 seconds
Number of updated asset objects reloaded before import = 0Number of asset objects unloaded after import = 9

========================================================================
Received Import Request.
  Time since last request: 0.000025 seconds.
  path: Assets/World/Environment/Prefabs/Building3/KegSwitch_low.prefab
  artifactKey: Guid(e4730499c94663a4d98df7e6ced09975) Importer(2089858483,b0f066a214c2f5e87bad3c948f4d605d)
Start importing Assets/World/Environment/Prefabs/Building3/KegSwitch_low.prefab using Guid(e4730499c94663a4d98df7e6ced09975) Importer(2089858483,b0f066a214c2f5e87bad3c948f4d605d) (ScriptedImporter) -> (artifact id: '132a858205abc9bd6639da237fcdf732') in 0.010015 seconds
Number of updated asset objects reloaded before import = 0Number of asset objects unloaded after import = 9

========================================================================
Received Import Request.
  Time since last request: 0.000033 seconds.
  path: Assets/World/Environment/Prefabs/Building3/AlcoholBottle010_low.prefab
  artifactKey: Guid(f8861a88f78577b40a07c80d5415d273) Importer(2089858483,b0f066a214c2f5e87bad3c948f4d605d)
Start importing Assets/World/Environment/Prefabs/Building3/AlcoholBottle010_low.prefab using Guid(f8861a88f78577b40a07c80d5415d273) Importer(2089858483,b0f066a214c2f5e87bad3c948f4d605d) (ScriptedImporter) -> (artifact id: 'abf990f7f7aa7c184fd19da6db1acbb4') in 0.0091179 seconds
Number of updated asset objects reloaded before import = 0Number of asset objects unloaded after import = 9

========================================================================
Received Import Request.
  Time since last request: 0.000047 seconds.
  path: Assets/World/Environment/Prefabs/Building3/Bar_low001.prefab
  artifactKey: Guid(3d66e2e47b6d4e440bdaa7ea5d953621) Importer(2089858483,b0f066a214c2f5e87bad3c948f4d605d)
Start importing Assets/World/Environment/Prefabs/Building3/Bar_low001.prefab using Guid(3d66e2e47b6d4e440bdaa7ea5d953621) Importer(2089858483,b0f066a214c2f5e87bad3c948f4d605d) (ScriptedImporter) -> (artifact id: 'dcc432ba685f4c05236b7ed11527d660') in 0.0105507 seconds
Number of updated asset objects reloaded before import = 0Number of asset objects unloaded after import = 9

========================================================================
Received Import Request.
  Time since last request: 0.000039 seconds.
  path: Assets/World/Environment/Prefabs/Building3/ChairFeetRests_low004.prefab
  artifactKey: Guid(0e4e305bad3a91c4ba0e1e026ee2a973) Importer(815301076,1909f56bfc062723c751e8b465ee728b)
Start importing Assets/World/Environment/Prefabs/Building3/ChairFeetRests_low004.prefab using Guid(0e4e305bad3a91c4ba0e1e026ee2a973) Importer(815301076,1909f56bfc062723c751e8b465ee728b) (PreviewImporter) -> (artifact id: '19197138cf4313b68eddc5e687f34e40') in 0.0131905 seconds
Number of updated asset objects reloaded before import = 0Number of asset objects unloaded after import = 14

========================================================================
Received Import Request.
  Time since last request: 0.000028 seconds.
  path: Assets/World/Environment/Prefabs/Building3/AlcoholBottle008_low005.prefab
  artifactKey: Guid(d9a3465e6e6e7784d8d15f0890372620) Importer(2089858483,b0f066a214c2f5e87bad3c948f4d605d)
Start importing Assets/World/Environment/Prefabs/Building3/AlcoholBottle008_low005.prefab using Guid(d9a3465e6e6e7784d8d15f0890372620) Importer(2089858483,b0f066a214c2f5e87bad3c948f4d605d) (ScriptedImporter) -> (artifact id: 'f31e9bdd8b557dc1371756a394a83998') in 0.0089215 seconds
Number of updated asset objects reloaded before import = 0Number of asset objects unloaded after import = 9

========================================================================
Received Import Request.
  Time since last request: 0.000033 seconds.
  path: Assets/World/Environment/Prefabs/Building3/BarStool_low001.prefab
  artifactKey: Guid(9f9d6414d39ad24479a7377c77252d02) Importer(2089858483,b0f066a214c2f5e87bad3c948f4d605d)
Start importing Assets/World/Environment/Prefabs/Building3/BarStool_low001.prefab using Guid(9f9d6414d39ad24479a7377c77252d02) Importer(2089858483,b0f066a214c2f5e87bad3c948f4d605d) (ScriptedImporter) -> (artifact id: 'fe9d61a6c7ba7e1a471f058af2ca99f5') in 0.0178166 seconds
Number of updated asset objects reloaded before import = 0Number of asset objects unloaded after import = 9

========================================================================
Received Import Request.
  Time since last request: 0.626004 seconds.
  path: Assets/World/Environment/Prefabs/Building3/RoundGlass_low006.prefab
  artifactKey: Guid(4a19c6f0ff9db1a49956769f7bc6d25f) Importer(2089858483,b0f066a214c2f5e87bad3c948f4d605d)
Start importing Assets/World/Environment/Prefabs/Building3/RoundGlass_low006.prefab using Guid(4a19c6f0ff9db1a49956769f7bc6d25f) Importer(2089858483,b0f066a214c2f5e87bad3c948f4d605d) (ScriptedImporter) -> (artifact id: 'bb27aeaeb8849cf622e806ca66f9f553') in 0.011478 seconds
Number of updated asset objects reloaded before import = 0Number of asset objects unloaded after import = 9

========================================================================
Received Import Request.
  Time since last request: 10.337674 seconds.
  path: Assets/Materials/SketchfabUploadAllItems-CrateBarrelsKeg.mat
  artifactKey: Guid(d634f0b5e7a416f4f88bb6fd2b04bfcc) Importer(815301076,1909f56bfc062723c751e8b465ee728b)
Start importing Assets/Materials/SketchfabUploadAllItems-CrateBarrelsKeg.mat using Guid(d634f0b5e7a416f4f88bb6fd2b04bfcc) Importer(815301076,1909f56bfc062723c751e8b465ee728b) (PreviewImporter) -> (artifact id: '94dbffffd188620675b789ac020b7ad7') in 0.0348234 seconds
Number of updated asset objects reloaded before import = 0Number of asset objects unloaded after import = 6

========================================================================
Received Import Request.
  Time since last request: 21.921689 seconds.
  path: Assets/World/Environment/Prefabs/Building3/AlcoholBottle008_low002.prefab
  artifactKey: Guid(edfb6a2cf0615a748896b1b3aea2f82a) Importer(815301076,1909f56bfc062723c751e8b465ee728b)
Start importing Assets/World/Environment/Prefabs/Building3/AlcoholBottle008_low002.prefab using Guid(edfb6a2cf0615a748896b1b3aea2f82a) Importer(815301076,1909f56bfc062723c751e8b465ee728b) (PreviewImporter) -> (artifact id: 'f67209663d837849f76f92b8ffbb1728') in 0.014937 seconds
Number of updated asset objects reloaded before import = 0Number of asset objects unloaded after import = 11

========================================================================
Received Import Request.
  Time since last request: 0.000027 seconds.
  path: Assets/World/Environment/Prefabs/Building3/AlcoholBottle010_low.prefab
  artifactKey: Guid(f8861a88f78577b40a07c80d5415d273) Importer(815301076,1909f56bfc062723c751e8b465ee728b)
Start importing Assets/World/Environment/Prefabs/Building3/AlcoholBottle010_low.prefab using Guid(f8861a88f78577b40a07c80d5415d273) Importer(815301076,1909f56bfc062723c751e8b465ee728b) (PreviewImporter) -> (artifact id: 'b4e1e4c9dad1f0b4641f0a472de12426') in 0.0099312 seconds
Number of updated asset objects reloaded before import = 0Number of asset objects unloaded after import = 11

========================================================================
Received Import Request.
  Time since last request: 0.000024 seconds.
  path: Assets/World/Environment/Prefabs/Building3/AlcoholBottle008_low006.prefab
  artifactKey: Guid(d8556921891b9e54b815ce59941e8fa1) Importer(815301076,1909f56bfc062723c751e8b465ee728b)
Start importing Assets/World/Environment/Prefabs/Building3/AlcoholBottle008_low006.prefab using Guid(d8556921891b9e54b815ce59941e8fa1) Importer(815301076,1909f56bfc062723c751e8b465ee728b) (PreviewImporter) -> (artifact id: 'd7cd9a054c85a5398ef54ac0ec585f4d') in 0.0101084 seconds
Number of updated asset objects reloaded before import = 0Number of asset objects unloaded after import = 11

Editor requested this worker to shutdown with reason: Scaling down because of idle timeout
AssetImportWorker is now disconnected from the server
Process exiting
Exiting without the bug reporter. Application will terminate with return code 0