Built from '6000.3/staging' branch; Version is '6000.3.3f1 (ef04196de0d6) revision 15664153'; Using compiler version '194234433'; Build Type 'Release'
OS: 'Windows 10  (10.0.19045) 64bit Core' Language: 'en' Physical Memory: 16004 MB
BatchMode: 1, IsHumanControllingUs: 0, StartBugReporterOnCrash: 0, Is64bit: 1
Date: 2026-02-15T20:46:35Z
[Licensing::Module] Trying to connect to existing licensing client channel...
[Licensing::IpcConnector] Successfully connected to: "LicenseClient-Hopic" at "2026-02-15T20:46:35.9428721Z"
[Licensing::Client] Code 10 while verifying Licensing Client signature (process Id: 1420, path: "C:/Program Files/Unity Hub/UnityLicensingClient_V1/Unity.Licensing.Client.exe")
[Licensing::Module] LicensingClient has failed validation; ignoring
[Licensing::Client] Error: HandshakeResponse reported an error:
	ResponseCode: 505
	ResponseStatus: Unsupported protocol version '1.17.4'.
[Licensing::Module] Error: Failed to handshake to channel: "LicenseClient-Hopic"
[Licensing::IpcConnector] LicenseClient-Hopic channel disconnected successfully.
[Licensing::IpcConnector] Successfully connected to: "LicenseClient-Hopic-6000.3.3" at "2026-02-15T20:46:36.0150476Z"

COMMAND LINE ARGUMENTS:
C:\Program Files\Unity\Hub\Editor\6000.3.3f1\Editor\Unity.exe
-adb2
-batchMode
-noUpm
-name
AssetImportWorker4
-projectPath
E:/unity/maturitniprace/active/devGame
-logFile
Logs/AssetImportWorker4.log
-srvPort
60413
-licensingIpc
LicenseClient-Hopic
-job-worker-count
7
-background-job-worker-count
8
-gc-helper-count
1
-name
AssetImport
Successfully changed project path to: E:/unity/maturitniprace/active/devGame
E:/unity/maturitniprace/active/devGame
[UnityMemory] Configuration Parameters - Can be set up in boot.config
    "memorysetup-temp-allocator-size-nav-mesh-worker=65536"
    "memorysetup-temp-allocator-size-audio-worker=65536"
    "memorysetup-temp-allocator-size-gfx=262144"
    "memorysetup-allocator-temp-initial-block-size-main=262144"
    "memorysetup-allocator-temp-initial-block-size-worker=262144"
    "memorysetup-temp-allocator-size-background-worker=32768"
    "memorysetup-temp-allocator-size-job-worker=262144"
    "memorysetup-temp-allocator-size-preload-manager=33554432"
    "memorysetup-temp-allocator-size-gi-baking-worker=262144"
    "memorysetup-temp-allocator-size-gi-baking-worker=262144"
    "memorysetup-temp-allocator-size-gi-baking-worker=262144"
    "memorysetup-temp-allocator-size-gi-baking-worker=262144"
    "memorysetup-temp-allocator-size-gi-baking-worker=262144"
    "memorysetup-bucket-allocator-granularity=16"
    "memorysetup-bucket-allocator-bucket-count=8"
    "memorysetup-bucket-allocator-block-size=33554432"
    "memorysetup-bucket-allocator-block-count=8"
    "memorysetup-main-allocator-block-size=16777216"
    "memorysetup-thread-allocator-block-size=16777216"
    "memorysetup-gfx-main-allocator-block-size=16777216"
    "memorysetup-gfx-thread-allocator-block-size=16777216"
    "memorysetup-cache-allocator-block-size=4194304"
    "memorysetup-typetree-allocator-block-size=2097152"
    "memorysetup-profiler-bucket-allocator-granularity=16"
    "memorysetup-profiler-bucket-allocator-bucket-count=8"
    "memorysetup-profiler-bucket-allocator-block-size=33554432"
    "memorysetup-profiler-bucket-allocator-block-count=8"
    "memorysetup-profiler-allocator-block-size=16777216"
    "memorysetup-profiler-editor-allocator-block-size=1048576"
    "memorysetup-temp-allocator-size-main=16777216"
    "memorysetup-job-temp-allocator-block-size=2097152"
    "memorysetup-job-temp-allocator-block-size-background=1048576"
    "memorysetup-job-temp-allocator-reduction-small-platforms=262144"
    "memorysetup-temp-allocator-size-cloud-worker=32768"
Player connection [16716]  Target information:

Player connection [16716]  * "[IP] 192.168.56.1 [Port] 0 [Flags] 2 [Guid] 647200964 [EditorId] 647200964 [Version] 1048832 [Id] WindowsEditor(7,DESKTOP-HOPICEKCZ) [Debug] 1 [PackageName] WindowsEditor [ProjectName] Editor" 

Player connection [16716]  * "[IP] 26.18.104.236 [Port] 0 [Flags] 2 [Guid] 647200964 [EditorId] 647200964 [Version] 1048832 [Id] WindowsEditor(7,DESKTOP-HOPICEKCZ) [Debug] 1 [PackageName] WindowsEditor [ProjectName] Editor" 

Player connection [16716]  * "[IP] 10.0.1.28 [Port] 0 [Flags] 2 [Guid] 647200964 [EditorId] 647200964 [Version] 1048832 [Id] WindowsEditor(7,DESKTOP-HOPICEKCZ) [Debug] 1 [PackageName] WindowsEditor [ProjectName] Editor" 

Player connection [16716] Host joined multi-casting on [225.0.0.222:54997]...
Player connection [16716] Host joined alternative multi-casting on [225.0.0.222:34997]...
JobSystem: Creating JobQueue using job-worker-count value 7
Input System module state changed to: Initialized.
[Physics::Module] Initialized fallback backend.
[Physics::Module] Id: 0xdecafbad
Library Redirect Path: Library/
[Physics::Module] Selected backend.
[Physics::Module] Name: PhysX
[Physics::Module] Id: 0xf2b8ea05
[Physics::Module] SDK Version: 4.1.2
[Physics::Module] Integration Version: 1.0.0
[Physics::Module] Threading Mode: Multi-Threaded
Refreshing native plugins compatible for Editor in 12.02 ms, found 2 plugins.
Preloading 0 native plugins for Editor in 0.00 ms.
Initialize engine version: 6000.3.3f1 (ef04196de0d6)
[Subsystems] Discovering subsystems at path C:/Program Files/Unity/Hub/Editor/6000.3.3f1/Editor/Data/Resources/UnitySubsystems
[Subsystems] Discovering subsystems at path E:/unity/maturitniprace/active/devGame/Assets
GfxDevice: creating device client; kGfxThreadingModeNonThreaded
Direct3D:
    Version:  Direct3D 11.0 [level 11.1]
    Renderer: NVIDIA GeForce RTX 3060 Laptop GPU (ID=0x2520)
    Vendor:   NVIDIA
    VRAM:     5994 MB
    Driver:   32.0.15.9174
Shader 'WFX/Transparent Diffuse': fallback shader 'Particles/Alpha Blended' not found
Shader 'WFX/Transparent Specular': fallback shader 'Particles/Alpha Blended' not found
Initialize mono
Mono path[0] = 'C:/Program Files/Unity/Hub/Editor/6000.3.3f1/Editor/Data/Managed'
Mono path[1] = 'C:/Program Files/Unity/Hub/Editor/6000.3.3f1/Editor/Data/MonoBleedingEdge/lib/mono/unityjit-win32'
Mono config path = 'C:/Program Files/Unity/Hub/Editor/6000.3.3f1/Editor/Data/MonoBleedingEdge/etc'
Using monoOptions --debugger-agent=transport=dt_socket,embedding=1,server=y,suspend=n,address=127.0.0.1:56332
Begin MonoManager ReloadAssembly
Registering precompiled unity dll's ...
Register platform support module: C:/Program Files/Unity/Hub/Editor/6000.3.3f1/Editor/Data/PlaybackEngines/WindowsStandaloneSupport/UnityEditor.WindowsStandalone.Extensions.dll
Registered in 0.005734 seconds.
- Loaded All Assemblies, in  0.850 seconds
[Licensing::Client] Handshaking with LicensingClient:
  Version:                 1.17.4+4293ba1
  Session Id:              2a4cf15a67d4458cb5a4cda04765b2d5
  Correlation Id:          44227bc405ff306c8c32171d722796dd
  External correlation Id: 7174958819221922297
  Machine Id:              4VB2xDT1CV9zqVbIIZWsGa/FyKA=
[Licensing::Module] Successfully connected to LicensingClient on channel: "LicenseClient-Hopic-6000.3.3" (connect: 0.00s, validation: 0.01s, handshake: 1.90s)
[Licensing::IpcConnector] Successfully connected to: "LicenseClient-Hopic-6000.3.3-notifications" at "2026-02-15T20:46:37.9225572Z"
[Licensing::Module] Licensing Background thread has ended after 1.98s
Native extension for WindowsStandalone target not found
Mono: successfully reloaded assembly
- Finished resetting the current domain, in  0.697 seconds
Domain Reload Profiling: 1530ms
	BeginReloadAssembly (315ms)
		ExecutionOrderSort (0ms)
		DisableScriptedObjects (0ms)
		BackupInstance (0ms)
		ReleaseScriptingObjects (0ms)
		CreateAndSetChildDomain (3ms)
	RebuildCommonClasses (53ms)
	RebuildNativeTypeToScriptingClass (35ms)
	initialDomainReloadingComplete (101ms)
	LoadAllAssembliesAndSetupDomain (328ms)
		LoadAssemblies (299ms)
		RebuildTransferFunctionScriptingTraits (0ms)
		AnalyzeDomain (324ms)
			TypeCache.Refresh (321ms)
				TypeCache.ScanAssembly (298ms)
			BuildScriptInfoCaches (0ms)
			ResolveRequiredComponents (1ms)
	FinalizeReload (698ms)
		ReleaseScriptCaches (0ms)
		RebuildScriptCaches (0ms)
		SetupLoadedEditorAssemblies (615ms)
			LogAssemblyErrors (0ms)
			InitializePlatformSupportModulesInManaged (79ms)
			SetLoadedEditorAssemblies (4ms)
			BeforeProcessingInitializeOnLoad (142ms)
			ProcessInitializeOnLoadAttributes (253ms)
			ProcessInitializeOnLoadMethodAttributes (137ms)
			AfterProcessingInitializeOnLoad (0ms)
			EditorAssembliesLoaded (0ms)
		ExecutionOrderSort2 (0ms)
		AwakeInstancesAfterBackupRestoration (0ms)
========================================================================
Worker process is ready to serve import requests
Import Worker Mode flag is 0x00
Begin MonoManager ReloadAssembly
[Licensing::Client] Successfully resolved entitlement details
[Licensing::Module] License group:
  Id: F4-W4H8-9NJQ-FYFT-38SD-XXXX
  Product: Unity Personal
  Type: ULF
  Expiration: Unlimited
[Licensing::Module] License group:
  Id: 7971629442671-UnityPersXXXX
  Product: Unity Personal
  Type: Assigned
  Expiration: Unlimited
Symbol file LoadedFromMemory is not a mono symbol file
- Loaded All Assemblies, in  1.598 seconds
Refreshing native plugins compatible for Editor in 14.81 ms, found 2 plugins.
Native extension for WindowsStandalone target not found
Package Manager log level set to [2]
[Package Manager] Failed to launch server process. Reason: Unity was launched with the -noUpm command-line argument
[Package Manager] Unable to send message (not connected to server process).
[Package Manager] Cannot connect to Unity Package Manager local server
Refreshing native plugins compatible for Editor in 7.30 ms, found 2 plugins.
Mono: successfully reloaded assembly
- Finished resetting the current domain, in  1.535 seconds
Domain Reload Profiling: 3125ms
	BeginReloadAssembly (355ms)
		ExecutionOrderSort (0ms)
		DisableScriptedObjects (8ms)
		BackupInstance (0ms)
		ReleaseScriptingObjects (0ms)
		CreateAndSetChildDomain (47ms)
	RebuildCommonClasses (51ms)
	RebuildNativeTypeToScriptingClass (22ms)
	initialDomainReloadingComplete (67ms)
	LoadAllAssembliesAndSetupDomain (1094ms)
		LoadAssemblies (924ms)
		RebuildTransferFunctionScriptingTraits (0ms)
		AnalyzeDomain (394ms)
			TypeCache.Refresh (298ms)
				TypeCache.ScanAssembly (269ms)
			BuildScriptInfoCaches (76ms)
			ResolveRequiredComponents (14ms)
	FinalizeReload (1536ms)
		ReleaseScriptCaches (0ms)
		RebuildScriptCaches (0ms)
		SetupLoadedEditorAssemblies (1170ms)
			LogAssemblyErrors (0ms)
			InitializePlatformSupportModulesInManaged (2ms)
			SetLoadedEditorAssemblies (5ms)
			BeforeProcessingInitializeOnLoad (244ms)
			ProcessInitializeOnLoadAttributes (565ms)
			ProcessInitializeOnLoadMethodAttributes (338ms)
			AfterProcessingInitializeOnLoad (15ms)
			EditorAssembliesLoaded (1ms)
		ExecutionOrderSort2 (0ms)
		AwakeInstancesAfterBackupRestoration (13ms)
Shader 'WFX/Transparent Diffuse': fallback shader 'Particles/Alpha Blended' not found
Shader 'WFX/Transparent Specular': fallback shader 'Particles/Alpha Blended' not found
Launched and connected shader compiler UnityShaderCompiler.exe after 0.03 seconds
Refreshing native plugins compatible for Editor in 8.02 ms, found 2 plugins.
Preloading 0 native plugins for Editor in 0.00 ms.
Unloading 17 Unused Serialized files (Serialized files now loaded: 0)
Unloading 6089 unused Assets / (3.6 MB). Loaded Objects now: 6885.
Memory consumption went from 156.6 MB to 152.9 MB.
Total: 17.523500 ms (FindLiveObjects: 1.171700 ms CreateObjectMapping: 1.182100 ms MarkObjects: 12.716300 ms  DeleteObjects: 2.452100 ms)

========================================================================
Received Import Request.
  Time since last request: 425397.875265 seconds.
  path: Assets/World/Environment/Prefabs/Building2/Door_1 1.prefab
  artifactKey: Guid(7a24cfdc418832b4ab001fedb6ac7066) Importer(815301076,1909f56bfc062723c751e8b465ee728b)
Start importing Assets/World/Environment/Prefabs/Building2/Door_1 1.prefab using Guid(7a24cfdc418832b4ab001fedb6ac7066) Importer(815301076,1909f56bfc062723c751e8b465ee728b) (PreviewImporter) -> (artifact id: '99d564a6be7499b62e13d2aceffc5019') in 0.6325033 seconds
Number of updated asset objects reloaded before import = 0Number of asset objects unloaded after import = 28

========================================================================
Received Import Request.
  Time since last request: 0.000035 seconds.
  path: Assets/World/Environment/Prefabs/Building2/Wood_WallFrame_2x2_2.prefab
  artifactKey: Guid(c4d7f3d574e11fc46b5c770b2ee935b8) Importer(815301076,1909f56bfc062723c751e8b465ee728b)
Start importing Assets/World/Environment/Prefabs/Building2/Wood_WallFrame_2x2_2.prefab using Guid(c4d7f3d574e11fc46b5c770b2ee935b8) Importer(815301076,1909f56bfc062723c751e8b465ee728b) (PreviewImporter) -> (artifact id: 'fe9e90295dbb8cb2ee6108d632d8fa5d') in 0.0260944 seconds
Number of updated asset objects reloaded before import = 0Number of asset objects unloaded after import = 13

========================================================================
Received Import Request.
  Time since last request: 0.000044 seconds.
  path: Assets/World/Environment/Prefabs/Building2/Roof_Wood_Short_Corner.prefab
  artifactKey: Guid(5d7946dd876ddf14481963a9a219eaf0) Importer(815301076,1909f56bfc062723c751e8b465ee728b)
Start importing Assets/World/Environment/Prefabs/Building2/Roof_Wood_Short_Corner.prefab using Guid(5d7946dd876ddf14481963a9a219eaf0) Importer(815301076,1909f56bfc062723c751e8b465ee728b) (PreviewImporter) -> (artifact id: 'd203d078ebb068127ba6c007c99e72c2') in 0.0469567 seconds
Number of updated asset objects reloaded before import = 0Number of asset objects unloaded after import = 17

========================================================================
Received Import Request.
  Time since last request: 0.000026 seconds.
  path: Assets/World/Environment/Prefabs/Building2/Wall_2x3.prefab
  artifactKey: Guid(710155b71dd9ec74fa0a14c9ca53f5bc) Importer(815301076,1909f56bfc062723c751e8b465ee728b)
Start importing Assets/World/Environment/Prefabs/Building2/Wall_2x3.prefab using Guid(710155b71dd9ec74fa0a14c9ca53f5bc) Importer(815301076,1909f56bfc062723c751e8b465ee728b) (PreviewImporter) -> (artifact id: '43910b6f7d243a791f4abc85c410e295') in 0.0429207 seconds
Number of updated asset objects reloaded before import = 0Number of asset objects unloaded after import = 16

========================================================================
Received Import Request.
  Time since last request: 0.000032 seconds.
  path: Assets/World/Environment/Prefabs/Building2/Wood_WallFrame_Single_Top.prefab
  artifactKey: Guid(b100400285e9c7e4982e8424ad2cddba) Importer(815301076,1909f56bfc062723c751e8b465ee728b)
Start importing Assets/World/Environment/Prefabs/Building2/Wood_WallFrame_Single_Top.prefab using Guid(b100400285e9c7e4982e8424ad2cddba) Importer(815301076,1909f56bfc062723c751e8b465ee728b) (PreviewImporter) -> (artifact id: 'f6bb3ac320074dc4b0b46945841e9cc6') in 0.0234142 seconds
Number of updated asset objects reloaded before import = 0Number of asset objects unloaded after import = 13

========================================================================
Received Import Request.
  Time since last request: 0.000058 seconds.
  path: Assets/World/Environment/Prefabs/Building2/Wood_Pole_Frame_1x1_Slope.prefab
  artifactKey: Guid(862363b1aed93be41b1e389b26c2ab3c) Importer(815301076,1909f56bfc062723c751e8b465ee728b)
Start importing Assets/World/Environment/Prefabs/Building2/Wood_Pole_Frame_1x1_Slope.prefab using Guid(862363b1aed93be41b1e389b26c2ab3c) Importer(815301076,1909f56bfc062723c751e8b465ee728b) (PreviewImporter) -> (artifact id: 'a33e81cc39c4873bf32701ba7eb2c7c3') in 0.037186 seconds
Number of updated asset objects reloaded before import = 0Number of asset objects unloaded after import = 17

========================================================================
Received Import Request.
  Time since last request: 0.000029 seconds.
  path: Assets/World/Environment/Prefabs/Building2/Roof_Thatch_End_Cap_Corner_R.prefab
  artifactKey: Guid(bf8d5072649d5e04db19502337e3903c) Importer(815301076,1909f56bfc062723c751e8b465ee728b)
Start importing Assets/World/Environment/Prefabs/Building2/Roof_Thatch_End_Cap_Corner_R.prefab using Guid(bf8d5072649d5e04db19502337e3903c) Importer(815301076,1909f56bfc062723c751e8b465ee728b) (PreviewImporter) -> (artifact id: 'bc90b1501a8590579b948bac58982ec4') in 0.0767756 seconds
Number of updated asset objects reloaded before import = 0Number of asset objects unloaded after import = 26

========================================================================
Received Import Request.
  Time since last request: 0.000036 seconds.
  path: Assets/World/Environment/Prefabs/Building2/Roof_Thatch_Short_End_R.prefab
  artifactKey: Guid(732e4f824f099314badfc31183210372) Importer(815301076,1909f56bfc062723c751e8b465ee728b)
Start importing Assets/World/Environment/Prefabs/Building2/Roof_Thatch_Short_End_R.prefab using Guid(732e4f824f099314badfc31183210372) Importer(815301076,1909f56bfc062723c751e8b465ee728b) (PreviewImporter) -> (artifact id: '5149dcc431807762443e1bc71207384d') in 0.1164289 seconds
Number of updated asset objects reloaded before import = 0Number of asset objects unloaded after import = 34

========================================================================
Received Import Request.
  Time since last request: 0.000083 seconds.
  path: Assets/World/Environment/Prefabs/Building2/Wood_Arch_2.prefab
  artifactKey: Guid(78856d32fa291c144973438b5a960c17) Importer(815301076,1909f56bfc062723c751e8b465ee728b)
Start importing Assets/World/Environment/Prefabs/Building2/Wood_Arch_2.prefab using Guid(78856d32fa291c144973438b5a960c17) Importer(815301076,1909f56bfc062723c751e8b465ee728b) (PreviewImporter) -> (artifact id: '98ae53d605aeca9706a894c79030b899') in 0.0712874 seconds
Number of updated asset objects reloaded before import = 0Number of asset objects unloaded after import = 21

========================================================================
Received Import Request.
  Time since last request: 0.000044 seconds.
  path: Assets/World/Environment/Prefabs/Building2/Stairs_Kerb_Corner.prefab
  artifactKey: Guid(1440782b730df9d439a3381ab718533a) Importer(815301076,1909f56bfc062723c751e8b465ee728b)
Start importing Assets/World/Environment/Prefabs/Building2/Stairs_Kerb_Corner.prefab using Guid(1440782b730df9d439a3381ab718533a) Importer(815301076,1909f56bfc062723c751e8b465ee728b) (PreviewImporter) -> (artifact id: 'e3d32bb0cfa6728f30c7726f7431bdcb') in 0.0375135 seconds
Number of updated asset objects reloaded before import = 0Number of asset objects unloaded after import = 13

========================================================================
Received Import Request.
  Time since last request: 0.000027 seconds.
  path: Assets/World/Environment/Prefabs/Building2/Wood_Joist_Quarter.prefab
  artifactKey: Guid(42098ac8f5c6a94489dbbef7ba2c2c1f) Importer(815301076,1909f56bfc062723c751e8b465ee728b)
Start importing Assets/World/Environment/Prefabs/Building2/Wood_Joist_Quarter.prefab using Guid(42098ac8f5c6a94489dbbef7ba2c2c1f) Importer(815301076,1909f56bfc062723c751e8b465ee728b) (PreviewImporter) -> (artifact id: 'b3f5f77618baf9ad3eb26438251b3b53') in 0.0247871 seconds
Number of updated asset objects reloaded before import = 0Number of asset objects unloaded after import = 13

========================================================================
Received Import Request.
  Time since last request: 0.000039 seconds.
  path: Assets/World/Environment/Prefabs/Building2/Wall_Wood_2x3.prefab
  artifactKey: Guid(c378119a19828bd4094a244ddab3d03b) Importer(815301076,1909f56bfc062723c751e8b465ee728b)
Start importing Assets/World/Environment/Prefabs/Building2/Wall_Wood_2x3.prefab using Guid(c378119a19828bd4094a244ddab3d03b) Importer(815301076,1909f56bfc062723c751e8b465ee728b) (PreviewImporter) -> (artifact id: '64619b50f278652757ae27e5e88990db') in 0.020605 seconds
Number of updated asset objects reloaded before import = 0Number of asset objects unloaded after import = 14

========================================================================
Received Import Request.
  Time since last request: 0.000025 seconds.
  path: Assets/World/Environment/Prefabs/Building2/Wall_Wood_1x3.prefab
  artifactKey: Guid(e89a29bd15c72ae458fcc6c685b485f0) Importer(815301076,1909f56bfc062723c751e8b465ee728b)
Start importing Assets/World/Environment/Prefabs/Building2/Wall_Wood_1x3.prefab using Guid(e89a29bd15c72ae458fcc6c685b485f0) Importer(815301076,1909f56bfc062723c751e8b465ee728b) (PreviewImporter) -> (artifact id: '4310569eb7550686f5c207265000f89f') in 0.0203213 seconds
Number of updated asset objects reloaded before import = 0Number of asset objects unloaded after import = 13

========================================================================
Received Import Request.
  Time since last request: 0.000030 seconds.
  path: Assets/World/Environment/Prefabs/Building2/Wood_Frame_1x2.prefab
  artifactKey: Guid(afa3daf7f801efa438e00c93e50a113a) Importer(815301076,1909f56bfc062723c751e8b465ee728b)
Start importing Assets/World/Environment/Prefabs/Building2/Wood_Frame_1x2.prefab using Guid(afa3daf7f801efa438e00c93e50a113a) Importer(815301076,1909f56bfc062723c751e8b465ee728b) (PreviewImporter) -> (artifact id: '74eba12b64089b96e89969fa5fc5d5ee') in 0.0349965 seconds
Number of updated asset objects reloaded before import = 0Number of asset objects unloaded after import = 17

========================================================================
Received Import Request.
  Time since last request: 0.000047 seconds.
  path: Assets/World/Environment/Prefabs/Building2/Door_5.prefab
  artifactKey: Guid(0e5e87c5727d4d743a2444812a76fe7a) Importer(815301076,1909f56bfc062723c751e8b465ee728b)
Start importing Assets/World/Environment/Prefabs/Building2/Door_5.prefab using Guid(0e5e87c5727d4d743a2444812a76fe7a) Importer(815301076,1909f56bfc062723c751e8b465ee728b) (PreviewImporter) -> (artifact id: '324c69c756af58e156ac056c2602be0c') in 0.0379211 seconds
Number of updated asset objects reloaded before import = 0Number of asset objects unloaded after import = 26

========================================================================
Received Import Request.
  Time since last request: 0.000045 seconds.
  path: Assets/World/Environment/Prefabs/Building2/Roof_Tile_Top_Slope_Cap_Short.prefab
  artifactKey: Guid(69a89024b0b8674498c465391a4bf196) Importer(815301076,1909f56bfc062723c751e8b465ee728b)
Start importing Assets/World/Environment/Prefabs/Building2/Roof_Tile_Top_Slope_Cap_Short.prefab using Guid(69a89024b0b8674498c465391a4bf196) Importer(815301076,1909f56bfc062723c751e8b465ee728b) (PreviewImporter) -> (artifact id: 'fe53b7b6313824320cfa581822a818d3') in 0.0904553 seconds
Number of updated asset objects reloaded before import = 0Number of asset objects unloaded after import = 29

========================================================================
Received Import Request.
  Time since last request: 0.000057 seconds.
  path: Assets/World/Environment/Prefabs/Building2/Roof_Tile_Short_1x1.prefab
  artifactKey: Guid(8015fa00161f661478c3ab678d133b86) Importer(815301076,1909f56bfc062723c751e8b465ee728b)
Start importing Assets/World/Environment/Prefabs/Building2/Roof_Tile_Short_1x1.prefab using Guid(8015fa00161f661478c3ab678d133b86) Importer(815301076,1909f56bfc062723c751e8b465ee728b) (PreviewImporter) -> (artifact id: '686855998fb699b44837fa3b77a67af6') in 0.0493561 seconds
Number of updated asset objects reloaded before import = 0Number of asset objects unloaded after import = 21

========================================================================
Received Import Request.
  Time since last request: 0.000048 seconds.
  path: Assets/World/Environment/Prefabs/Building2/Roof_Wood_Tall_2x1.prefab
  artifactKey: Guid(acb3265a2e65c314c87b0c848ad3e1a8) Importer(815301076,1909f56bfc062723c751e8b465ee728b)
Start importing Assets/World/Environment/Prefabs/Building2/Roof_Wood_Tall_2x1.prefab using Guid(acb3265a2e65c314c87b0c848ad3e1a8) Importer(815301076,1909f56bfc062723c751e8b465ee728b) (PreviewImporter) -> (artifact id: '881d0d3b0998a309e781f934e89e66ff') in 0.0342677 seconds
Number of updated asset objects reloaded before import = 0Number of asset objects unloaded after import = 17

========================================================================
Received Import Request.
  Time since last request: 0.000077 seconds.
  path: Assets/World/Environment/Prefabs/Building2/Roof_Thatch_Med_Top_Slope_End.prefab
  artifactKey: Guid(54ad30ae1dec3514689048a749349c8b) Importer(815301076,1909f56bfc062723c751e8b465ee728b)
Start importing Assets/World/Environment/Prefabs/Building2/Roof_Thatch_Med_Top_Slope_End.prefab using Guid(54ad30ae1dec3514689048a749349c8b) Importer(815301076,1909f56bfc062723c751e8b465ee728b) (PreviewImporter) -> (artifact id: 'b75f86ca952fc5ee7b54fb023f517866') in 0.0953435 seconds
Number of updated asset objects reloaded before import = 0Number of asset objects unloaded after import = 34

========================================================================
Received Import Request.
  Time since last request: 0.000042 seconds.
  path: Assets/World/Environment/Prefabs/Building2/Roof_Tile_Short_2x1.prefab
  artifactKey: Guid(46db27adf0a4d2f43b02c3b7a4c631ff) Importer(815301076,1909f56bfc062723c751e8b465ee728b)
Start importing Assets/World/Environment/Prefabs/Building2/Roof_Tile_Short_2x1.prefab using Guid(46db27adf0a4d2f43b02c3b7a4c631ff) Importer(815301076,1909f56bfc062723c751e8b465ee728b) (PreviewImporter) -> (artifact id: 'bbe225c1b74af3d566c1f812f77c04b2') in 0.2522173 seconds
Number of updated asset objects reloaded before import = 0Number of asset objects unloaded after import = 21

========================================================================
Received Import Request.
  Time since last request: 0.000063 seconds.
  path: Assets/World/Environment/Prefabs/Building2/Wood_Pillar_Narrow_Tall.prefab
  artifactKey: Guid(d4fbcc16d77d2f14db31b34850882a29) Importer(815301076,1909f56bfc062723c751e8b465ee728b)
Start importing Assets/World/Environment/Prefabs/Building2/Wood_Pillar_Narrow_Tall.prefab using Guid(d4fbcc16d77d2f14db31b34850882a29) Importer(815301076,1909f56bfc062723c751e8b465ee728b) (PreviewImporter) -> (artifact id: '8db7275b9bf420917d6bbca7c5973106') in 0.0242516 seconds
Number of updated asset objects reloaded before import = 0Number of asset objects unloaded after import = 13

========================================================================
Received Import Request.
  Time since last request: 0.000041 seconds.
  path: Assets/World/Environment/Prefabs/Building2/Wood_Joist_Half.prefab
  artifactKey: Guid(7ec326b115d38e54ebf160b58bf3bef7) Importer(815301076,1909f56bfc062723c751e8b465ee728b)
Start importing Assets/World/Environment/Prefabs/Building2/Wood_Joist_Half.prefab using Guid(7ec326b115d38e54ebf160b58bf3bef7) Importer(815301076,1909f56bfc062723c751e8b465ee728b) (PreviewImporter) -> (artifact id: 'a55e77fd7b55aa4b9991ba75a38c4930') in 0.0278833 seconds
Number of updated asset objects reloaded before import = 0Number of asset objects unloaded after import = 13

========================================================================
Received Import Request.
  Time since last request: 0.000027 seconds.
  path: Assets/World/Environment/Prefabs/Building2/Roof_Wood_Med_2x1.prefab
  artifactKey: Guid(d863851f94381cc4391bae37b666e611) Importer(815301076,1909f56bfc062723c751e8b465ee728b)
Start importing Assets/World/Environment/Prefabs/Building2/Roof_Wood_Med_2x1.prefab using Guid(d863851f94381cc4391bae37b666e611) Importer(815301076,1909f56bfc062723c751e8b465ee728b) (PreviewImporter) -> (artifact id: '7870f794a878ff11520e4f83a48e678b') in 0.0432255 seconds
Number of updated asset objects reloaded before import = 0Number of asset objects unloaded after import = 17

========================================================================
Received Import Request.
  Time since last request: 0.000037 seconds.
  path: Assets/World/Environment/Prefabs/Building2/Chimney_Slope_Tall_Narrow.prefab
  artifactKey: Guid(777fb414ebeaa0d4f83b36fc14b15159) Importer(815301076,1909f56bfc062723c751e8b465ee728b)
Start importing Assets/World/Environment/Prefabs/Building2/Chimney_Slope_Tall_Narrow.prefab using Guid(777fb414ebeaa0d4f83b36fc14b15159) Importer(815301076,1909f56bfc062723c751e8b465ee728b) (PreviewImporter) -> (artifact id: 'c22eb48bb181f6a5765fc7deba93b925') in 0.041623 seconds
Number of updated asset objects reloaded before import = 0Number of asset objects unloaded after import = 16

========================================================================
Received Import Request.
  Time since last request: 0.000045 seconds.
  path: Assets/World/Environment/Prefabs/Building2/Chimney_Stack.prefab
  artifactKey: Guid(53924915bb6f0ad448e20b10d0201f5b) Importer(815301076,1909f56bfc062723c751e8b465ee728b)
Start importing Assets/World/Environment/Prefabs/Building2/Chimney_Stack.prefab using Guid(53924915bb6f0ad448e20b10d0201f5b) Importer(815301076,1909f56bfc062723c751e8b465ee728b) (PreviewImporter) -> (artifact id: 'db8b601e0e6cb8a0f3b50f4976865c1d') in 0.0357826 seconds
Number of updated asset objects reloaded before import = 0Number of asset objects unloaded after import = 16

========================================================================
Received Import Request.
  Time since last request: 0.000093 seconds.
  path: Assets/World/Environment/Prefabs/Building2/Window_3_Shutter.prefab
  artifactKey: Guid(aa5a1c37cfacee844840fafce6c8b811) Importer(815301076,1909f56bfc062723c751e8b465ee728b)
Start importing Assets/World/Environment/Prefabs/Building2/Window_3_Shutter.prefab using Guid(aa5a1c37cfacee844840fafce6c8b811) Importer(815301076,1909f56bfc062723c751e8b465ee728b) (PreviewImporter) -> (artifact id: '3700461974642dc0aba46c17b28c58c9') in 0.0602637 seconds
Number of updated asset objects reloaded before import = 0Number of asset objects unloaded after import = 17

========================================================================
Received Import Request.
  Time since last request: 0.000029 seconds.
  path: Assets/World/Environment/Prefabs/Building2/Roof_Tile_Tall_End_R1.prefab
  artifactKey: Guid(88a46c58db6d1e149a08fd083df47a46) Importer(815301076,1909f56bfc062723c751e8b465ee728b)
Start importing Assets/World/Environment/Prefabs/Building2/Roof_Tile_Tall_End_R1.prefab using Guid(88a46c58db6d1e149a08fd083df47a46) Importer(815301076,1909f56bfc062723c751e8b465ee728b) (PreviewImporter) -> (artifact id: '07dadb1c3d54a860eaf7ef7aba1543ee') in 0.0893894 seconds
Number of updated asset objects reloaded before import = 0Number of asset objects unloaded after import = 29

========================================================================
Received Import Request.
  Time since last request: 0.000039 seconds.
  path: Assets/World/Environment/Prefabs/Building2/Wood_Pole_Short.prefab
  artifactKey: Guid(1375fb43595e174438eb5ac1e976e087) Importer(815301076,1909f56bfc062723c751e8b465ee728b)
Start importing Assets/World/Environment/Prefabs/Building2/Wood_Pole_Short.prefab using Guid(1375fb43595e174438eb5ac1e976e087) Importer(815301076,1909f56bfc062723c751e8b465ee728b) (PreviewImporter) -> (artifact id: '9b20472f4934c95a73685dfa877af75f') in 0.021629 seconds
Number of updated asset objects reloaded before import = 0Number of asset objects unloaded after import = 13

========================================================================
Received Import Request.
  Time since last request: 0.000097 seconds.
  path: Assets/World/Environment/Prefabs/Building2/Wood_Support_1.prefab
  artifactKey: Guid(01c4e0f0eaee06742b0854fb90f0a815) Importer(815301076,1909f56bfc062723c751e8b465ee728b)
Start importing Assets/World/Environment/Prefabs/Building2/Wood_Support_1.prefab using Guid(01c4e0f0eaee06742b0854fb90f0a815) Importer(815301076,1909f56bfc062723c751e8b465ee728b) (PreviewImporter) -> (artifact id: 'f17b7b120850242447b2ed0c79988832') in 0.0341893 seconds
Number of updated asset objects reloaded before import = 0Number of asset objects unloaded after import = 17

========================================================================
Received Import Request.
  Time since last request: 0.000044 seconds.
  path: Assets/World/Environment/Prefabs/Building2/Roof_Wood_Med_End_R.prefab
  artifactKey: Guid(6f4f9420612088948959e9731ae75c57) Importer(815301076,1909f56bfc062723c751e8b465ee728b)
Start importing Assets/World/Environment/Prefabs/Building2/Roof_Wood_Med_End_R.prefab using Guid(6f4f9420612088948959e9731ae75c57) Importer(815301076,1909f56bfc062723c751e8b465ee728b) (PreviewImporter) -> (artifact id: 'ca017219f7285520ec61572d6a2ff52f') in 0.0650683 seconds
Number of updated asset objects reloaded before import = 0Number of asset objects unloaded after import = 25

========================================================================
Received Import Request.
  Time since last request: 0.000031 seconds.
  path: Assets/World/Environment/Prefabs/Building2/Roof_Wood_Tall_Corner.prefab
  artifactKey: Guid(fad1b0adb74ddc544aee7e4030f20956) Importer(815301076,1909f56bfc062723c751e8b465ee728b)
Start importing Assets/World/Environment/Prefabs/Building2/Roof_Wood_Tall_Corner.prefab using Guid(fad1b0adb74ddc544aee7e4030f20956) Importer(815301076,1909f56bfc062723c751e8b465ee728b) (PreviewImporter) -> (artifact id: '05354c62e50f42cc00b717463a068d1d') in 0.0323193 seconds
Number of updated asset objects reloaded before import = 0Number of asset objects unloaded after import = 17

========================================================================
Received Import Request.
  Time since last request: 0.000042 seconds.
  path: Assets/World/Environment/Prefabs/Building2/Wood_WallFrame_2x3_2.prefab
  artifactKey: Guid(a81165c28b6f6df42861e2b2ddd7e1b4) Importer(815301076,1909f56bfc062723c751e8b465ee728b)
Start importing Assets/World/Environment/Prefabs/Building2/Wood_WallFrame_2x3_2.prefab using Guid(a81165c28b6f6df42861e2b2ddd7e1b4) Importer(815301076,1909f56bfc062723c751e8b465ee728b) (PreviewImporter) -> (artifact id: '7341f01dfa9c1bc8cd6feb414d4b97dc') in 0.0204788 seconds
Number of updated asset objects reloaded before import = 0Number of asset objects unloaded after import = 13

========================================================================
Received Import Request.
  Time since last request: 0.000028 seconds.
  path: Assets/World/Environment/Prefabs/Building2/Stone_Kerb.prefab
  artifactKey: Guid(268e8630a5892c9419672f8393c18a0d) Importer(815301076,1909f56bfc062723c751e8b465ee728b)
Start importing Assets/World/Environment/Prefabs/Building2/Stone_Kerb.prefab using Guid(268e8630a5892c9419672f8393c18a0d) Importer(815301076,1909f56bfc062723c751e8b465ee728b) (PreviewImporter) -> (artifact id: '14b3beec8492a41c234a0f5104553051') in 0.0210463 seconds
Number of updated asset objects reloaded before import = 0Number of asset objects unloaded after import = 13

========================================================================
Received Import Request.
  Time since last request: 0.000041 seconds.
  path: Assets/World/Environment/Prefabs/Building2/HouseFloor.fbx
  artifactKey: Guid(1c6e73e4094546b458ee9d76881bbac0) Importer(815301076,1909f56bfc062723c751e8b465ee728b)
Start importing Assets/World/Environment/Prefabs/Building2/HouseFloor.fbx using Guid(1c6e73e4094546b458ee9d76881bbac0) Importer(815301076,1909f56bfc062723c751e8b465ee728b) (PreviewImporter) -> (artifact id: 'ad133d5c63fe3e432fbccff9380b41dc') in 0.0604248 seconds
Number of updated asset objects reloaded before import = 0Number of asset objects unloaded after import = 8

========================================================================
Received Import Request.
  Time since last request: 0.000043 seconds.
  path: Assets/World/Environment/Prefabs/Building2/Roof_Tile_Med_Corner.prefab
  artifactKey: Guid(2d4139328e89c6f4a86166cf52fa12aa) Importer(815301076,1909f56bfc062723c751e8b465ee728b)
Start importing Assets/World/Environment/Prefabs/Building2/Roof_Tile_Med_Corner.prefab using Guid(2d4139328e89c6f4a86166cf52fa12aa) Importer(815301076,1909f56bfc062723c751e8b465ee728b) (PreviewImporter) -> (artifact id: '010612d7082d4d6b33869e253068d6c1') in 0.0491829 seconds
Number of updated asset objects reloaded before import = 0Number of asset objects unloaded after import = 21

========================================================================
Received Import Request.
  Time since last request: 0.000052 seconds.
  path: Assets/World/Environment/Prefabs/Building2/Door 3.prefab
  artifactKey: Guid(fdad9d94a3da306499f0549fb49c137e) Importer(815301076,1909f56bfc062723c751e8b465ee728b)
Start importing Assets/World/Environment/Prefabs/Building2/Door 3.prefab using Guid(fdad9d94a3da306499f0549fb49c137e) Importer(815301076,1909f56bfc062723c751e8b465ee728b) (PreviewImporter) -> (artifact id: 'e55280dcd5c553aff948182c29c36366') in 0.0553611 seconds
Number of updated asset objects reloaded before import = 0Number of asset objects unloaded after import = 55

========================================================================
Received Import Request.
  Time since last request: 0.000029 seconds.
  path: Assets/World/Environment/Prefabs/Building2/Roof_Thatch_Short_1x1.prefab
  artifactKey: Guid(1a3697a16fac3684e98a1e7e57ffdd68) Importer(815301076,1909f56bfc062723c751e8b465ee728b)
Start importing Assets/World/Environment/Prefabs/Building2/Roof_Thatch_Short_1x1.prefab using Guid(1a3697a16fac3684e98a1e7e57ffdd68) Importer(815301076,1909f56bfc062723c751e8b465ee728b) (PreviewImporter) -> (artifact id: 'c4e7571c89226d82caa10782e201d58d') in 0.0529938 seconds
Number of updated asset objects reloaded before import = 0Number of asset objects unloaded after import = 21

========================================================================
Received Import Request.
  Time since last request: 0.000068 seconds.
  path: Assets/World/Environment/Prefabs/Building2/Railing_Tall_Sloped.prefab
  artifactKey: Guid(2e149186c4b53e34d96e8a3103e4bed8) Importer(815301076,1909f56bfc062723c751e8b465ee728b)
Start importing Assets/World/Environment/Prefabs/Building2/Railing_Tall_Sloped.prefab using Guid(2e149186c4b53e34d96e8a3103e4bed8) Importer(815301076,1909f56bfc062723c751e8b465ee728b) (PreviewImporter) -> (artifact id: 'c790c7c1a2d87172df6d5edd6a168c10') in 0.0256727 seconds
Number of updated asset objects reloaded before import = 0Number of asset objects unloaded after import = 13

========================================================================
Received Import Request.
  Time since last request: 0.000037 seconds.
  path: Assets/World/Environment/Prefabs/Building2/Wood_Pillar_Thick_Half.prefab
  artifactKey: Guid(665fb0c46a7c4924e82ab8708b70af53) Importer(815301076,1909f56bfc062723c751e8b465ee728b)
Start importing Assets/World/Environment/Prefabs/Building2/Wood_Pillar_Thick_Half.prefab using Guid(665fb0c46a7c4924e82ab8708b70af53) Importer(815301076,1909f56bfc062723c751e8b465ee728b) (PreviewImporter) -> (artifact id: 'e5804d98985c907bf84d4d905f004fc1') in 0.0206189 seconds
Number of updated asset objects reloaded before import = 0Number of asset objects unloaded after import = 13

========================================================================
Received Import Request.
  Time since last request: 0.000028 seconds.
  path: Assets/World/Environment/Prefabs/Building2/Wood_Pillar_WBase_Narrow.prefab
  artifactKey: Guid(6d134d4d95ead074b8602755edb9fae0) Importer(815301076,1909f56bfc062723c751e8b465ee728b)
Start importing Assets/World/Environment/Prefabs/Building2/Wood_Pillar_WBase_Narrow.prefab using Guid(6d134d4d95ead074b8602755edb9fae0) Importer(815301076,1909f56bfc062723c751e8b465ee728b) (PreviewImporter) -> (artifact id: '5b4a7d81b4a3bd6f55599fd38a16363b') in 0.0318146 seconds
Number of updated asset objects reloaded before import = 0Number of asset objects unloaded after import = 17

========================================================================
Received Import Request.
  Time since last request: 0.000026 seconds.
  path: Assets/World/Environment/Prefabs/Building2/Floor_Panel_Inv_Corner.prefab
  artifactKey: Guid(1764e4800803cb646b9ca5745f04532a) Importer(815301076,1909f56bfc062723c751e8b465ee728b)
Start importing Assets/World/Environment/Prefabs/Building2/Floor_Panel_Inv_Corner.prefab using Guid(1764e4800803cb646b9ca5745f04532a) Importer(815301076,1909f56bfc062723c751e8b465ee728b) (PreviewImporter) -> (artifact id: '60a29856f12f2f53e52a0b12923aec1c') in 0.0252377 seconds
Number of updated asset objects reloaded before import = 0Number of asset objects unloaded after import = 15

========================================================================
Received Import Request.
  Time since last request: 0.000026 seconds.
  path: Assets/World/Environment/Prefabs/Building2/Wood_WallFrame_1x2_2.prefab
  artifactKey: Guid(74c595fbeb0ef364e8bfaf7723e7ffc2) Importer(815301076,1909f56bfc062723c751e8b465ee728b)
Start importing Assets/World/Environment/Prefabs/Building2/Wood_WallFrame_1x2_2.prefab using Guid(74c595fbeb0ef364e8bfaf7723e7ffc2) Importer(815301076,1909f56bfc062723c751e8b465ee728b) (PreviewImporter) -> (artifact id: 'e9c40451f9c0323c269c5ea6dc535309') in 0.0195458 seconds
Number of updated asset objects reloaded before import = 0Number of asset objects unloaded after import = 13

========================================================================
Received Import Request.
  Time since last request: 0.000052 seconds.
  path: Assets/World/Environment/Prefabs/Building2/Wood_WallFrame_1x3_4.prefab
  artifactKey: Guid(eefe4f6f2677d6b4ea94a30b26ae8643) Importer(815301076,1909f56bfc062723c751e8b465ee728b)
Start importing Assets/World/Environment/Prefabs/Building2/Wood_WallFrame_1x3_4.prefab using Guid(eefe4f6f2677d6b4ea94a30b26ae8643) Importer(815301076,1909f56bfc062723c751e8b465ee728b) (PreviewImporter) -> (artifact id: '5fee055c157f130a7d9b615b55b23cb6') in 0.0223362 seconds
Number of updated asset objects reloaded before import = 0Number of asset objects unloaded after import = 13

========================================================================
Received Import Request.
  Time since last request: 0.000032 seconds.
  path: Assets/World/Environment/Prefabs/Building2/Wood_Pillar_Thick.prefab
  artifactKey: Guid(0b1d56e557f8d0545988d09ccb0a6b09) Importer(815301076,1909f56bfc062723c751e8b465ee728b)
Start importing Assets/World/Environment/Prefabs/Building2/Wood_Pillar_Thick.prefab using Guid(0b1d56e557f8d0545988d09ccb0a6b09) Importer(815301076,1909f56bfc062723c751e8b465ee728b) (PreviewImporter) -> (artifact id: '9522b8353c1e471e55d2c4ab549b3e3d') in 0.0293025 seconds
Number of updated asset objects reloaded before import = 0Number of asset objects unloaded after import = 13

========================================================================
Received Import Request.
  Time since last request: 0.000028 seconds.
  path: Assets/World/Environment/Prefabs/Building2/Chimney_Top_Narrow.prefab
  artifactKey: Guid(49001463fbf97ab45b406a21e9e2aa1c) Importer(815301076,1909f56bfc062723c751e8b465ee728b)
Start importing Assets/World/Environment/Prefabs/Building2/Chimney_Top_Narrow.prefab using Guid(49001463fbf97ab45b406a21e9e2aa1c) Importer(815301076,1909f56bfc062723c751e8b465ee728b) (PreviewImporter) -> (artifact id: '982abe1da8fc4d67f8a65d5230375540') in 0.041215 seconds
Number of updated asset objects reloaded before import = 0Number of asset objects unloaded after import = 20

========================================================================
Received Import Request.
  Time since last request: 0.000036 seconds.
  path: Assets/World/Environment/Prefabs/Building2/Wood_Frame_Diag_2x1.prefab
  artifactKey: Guid(9d75b39db31765c449938262104aabc6) Importer(815301076,1909f56bfc062723c751e8b465ee728b)
Start importing Assets/World/Environment/Prefabs/Building2/Wood_Frame_Diag_2x1.prefab using Guid(9d75b39db31765c449938262104aabc6) Importer(815301076,1909f56bfc062723c751e8b465ee728b) (PreviewImporter) -> (artifact id: '0f149f3f2a810478abe24564075e4c25') in 0.0377549 seconds
Number of updated asset objects reloaded before import = 0Number of asset objects unloaded after import = 17

========================================================================
Received Import Request.
  Time since last request: 0.000050 seconds.
  path: Assets/World/Environment/Prefabs/Building2/Stairs_Wood_2x1_Steep.prefab
  artifactKey: Guid(5f23572b06080ac4f8f9c6de071c9b4b) Importer(815301076,1909f56bfc062723c751e8b465ee728b)
Start importing Assets/World/Environment/Prefabs/Building2/Stairs_Wood_2x1_Steep.prefab using Guid(5f23572b06080ac4f8f9c6de071c9b4b) Importer(815301076,1909f56bfc062723c751e8b465ee728b) (PreviewImporter) -> (artifact id: '3af16da50fc89b36f4faf413de666960') in 0.0333607 seconds
Number of updated asset objects reloaded before import = 0Number of asset objects unloaded after import = 17

========================================================================
Received Import Request.
  Time since last request: 0.000027 seconds.
  path: Assets/World/Environment/Prefabs/Building2/Stone_Wall_Tall.prefab
  artifactKey: Guid(180643d6714b0264aa93f6ded70965f4) Importer(815301076,1909f56bfc062723c751e8b465ee728b)
Start importing Assets/World/Environment/Prefabs/Building2/Stone_Wall_Tall.prefab using Guid(180643d6714b0264aa93f6ded70965f4) Importer(815301076,1909f56bfc062723c751e8b465ee728b) (PreviewImporter) -> (artifact id: '6a280ea7c2eaf4eeaa020a2d3e23f402') in 0.046177 seconds
Number of updated asset objects reloaded before import = 0Number of asset objects unloaded after import = 20

========================================================================
Received Import Request.
  Time since last request: 0.000023 seconds.
  path: Assets/World/Environment/Prefabs/Building2/Wall_1x2.prefab
  artifactKey: Guid(a8a8721cb7aeb594ab735ddc7f2e63f6) Importer(815301076,1909f56bfc062723c751e8b465ee728b)
Start importing Assets/World/Environment/Prefabs/Building2/Wall_1x2.prefab using Guid(a8a8721cb7aeb594ab735ddc7f2e63f6) Importer(815301076,1909f56bfc062723c751e8b465ee728b) (PreviewImporter) -> (artifact id: '269203aa37e259733aca301ff87b5744') in 0.035732 seconds
Number of updated asset objects reloaded before import = 0Number of asset objects unloaded after import = 16

========================================================================
Received Import Request.
  Time since last request: 0.000030 seconds.
  path: Assets/World/Environment/Prefabs/Building2/Roof_Wood_Tall_Inv_Corner.prefab
  artifactKey: Guid(a1aeecf66d193634fa5475c3bf880164) Importer(815301076,1909f56bfc062723c751e8b465ee728b)
Start importing Assets/World/Environment/Prefabs/Building2/Roof_Wood_Tall_Inv_Corner.prefab using Guid(a1aeecf66d193634fa5475c3bf880164) Importer(815301076,1909f56bfc062723c751e8b465ee728b) (PreviewImporter) -> (artifact id: '068d7dd4b1aa69faaea126c75501125a') in 0.0405139 seconds
Number of updated asset objects reloaded before import = 0Number of asset objects unloaded after import = 17

========================================================================
Received Import Request.
  Time since last request: 0.000040 seconds.
  path: Assets/World/Environment/Prefabs/Building2/Stone_Wall_Short_Slope.prefab
  artifactKey: Guid(6bc949b6ae3d6cd43a60cb3ce2057459) Importer(815301076,1909f56bfc062723c751e8b465ee728b)
Start importing Assets/World/Environment/Prefabs/Building2/Stone_Wall_Short_Slope.prefab using Guid(6bc949b6ae3d6cd43a60cb3ce2057459) Importer(815301076,1909f56bfc062723c751e8b465ee728b) (PreviewImporter) -> (artifact id: 'f5caa8594b5787fc2d614d2a63a50c70') in 0.0477682 seconds
Number of updated asset objects reloaded before import = 0Number of asset objects unloaded after import = 20

========================================================================
Received Import Request.
  Time since last request: 0.000047 seconds.
  path: Assets/World/Environment/Prefabs/Building2/Chimney_Slope_Med.prefab
  artifactKey: Guid(8352d4d5c9d328c4db1b95311b8d2a18) Importer(815301076,1909f56bfc062723c751e8b465ee728b)
Start importing Assets/World/Environment/Prefabs/Building2/Chimney_Slope_Med.prefab using Guid(8352d4d5c9d328c4db1b95311b8d2a18) Importer(815301076,1909f56bfc062723c751e8b465ee728b) (PreviewImporter) -> (artifact id: '46a9bcf7f8352e3b24c786b02b920cc6') in 0.0556438 seconds
Number of updated asset objects reloaded before import = 0Number of asset objects unloaded after import = 16

========================================================================
Received Import Request.
  Time since last request: 0.000049 seconds.
  path: Assets/World/Environment/Prefabs/Building2/Roof_Wood_Med_1x1.prefab
  artifactKey: Guid(fee394a546b000c48b490fd611c20eef) Importer(815301076,1909f56bfc062723c751e8b465ee728b)
Start importing Assets/World/Environment/Prefabs/Building2/Roof_Wood_Med_1x1.prefab using Guid(fee394a546b000c48b490fd611c20eef) Importer(815301076,1909f56bfc062723c751e8b465ee728b) (PreviewImporter) -> (artifact id: 'b8cd1e4dfe39150d3d8290ac2af17924') in 0.0401943 seconds
Number of updated asset objects reloaded before import = 0Number of asset objects unloaded after import = 17

========================================================================
Received Import Request.
  Time since last request: 0.000057 seconds.
  path: Assets/World/Environment/Prefabs/Building2/Wall_Window_1x2_2.prefab
  artifactKey: Guid(8e737bb07ec9a414487456af848579b6) Importer(815301076,1909f56bfc062723c751e8b465ee728b)
Start importing Assets/World/Environment/Prefabs/Building2/Wall_Window_1x2_2.prefab using Guid(8e737bb07ec9a414487456af848579b6) Importer(815301076,1909f56bfc062723c751e8b465ee728b) (PreviewImporter) -> (artifact id: '997d4a94a3afde7954a8033e8b9221aa') in 0.0684232 seconds
Number of updated asset objects reloaded before import = 0Number of asset objects unloaded after import = 24

========================================================================
Received Import Request.
  Time since last request: 0.000033 seconds.
  path: Assets/World/Environment/Prefabs/Building2/Roof_Thatch_Tall_Top_Slope.prefab
  artifactKey: Guid(a1b2da2bb5a338849a3d595fefc4f47b) Importer(815301076,1909f56bfc062723c751e8b465ee728b)
Start importing Assets/World/Environment/Prefabs/Building2/Roof_Thatch_Tall_Top_Slope.prefab using Guid(a1b2da2bb5a338849a3d595fefc4f47b) Importer(815301076,1909f56bfc062723c751e8b465ee728b) (PreviewImporter) -> (artifact id: '01cbad86f4f5a25dff86dffc70ae5f80') in 0.0608181 seconds
Number of updated asset objects reloaded before import = 0Number of asset objects unloaded after import = 21

========================================================================
Received Import Request.
  Time since last request: 0.000031 seconds.
  path: Assets/World/Environment/Prefabs/Building2/Roof_Thatch_Med_Top_Slope.prefab
  artifactKey: Guid(0b8b7bc34eff84c49b67cc96b16f45d3) Importer(815301076,1909f56bfc062723c751e8b465ee728b)
Start importing Assets/World/Environment/Prefabs/Building2/Roof_Thatch_Med_Top_Slope.prefab using Guid(0b8b7bc34eff84c49b67cc96b16f45d3) Importer(815301076,1909f56bfc062723c751e8b465ee728b) (PreviewImporter) -> (artifact id: '84613fe42896e5554eaa509b5643bd03') in 0.0635678 seconds
Number of updated asset objects reloaded before import = 0Number of asset objects unloaded after import = 21

========================================================================
Received Import Request.
  Time since last request: 0.000037 seconds.
  path: Assets/World/Environment/Prefabs/Building2/Roof_Wood_ShortInv_Corner.prefab
  artifactKey: Guid(74cf840b2f7641347811c8fdea8a2676) Importer(815301076,1909f56bfc062723c751e8b465ee728b)
Start importing Assets/World/Environment/Prefabs/Building2/Roof_Wood_ShortInv_Corner.prefab using Guid(74cf840b2f7641347811c8fdea8a2676) Importer(815301076,1909f56bfc062723c751e8b465ee728b) (PreviewImporter) -> (artifact id: 'e864ce8011eb9220933dfbcf38f7fa1b') in 0.0469003 seconds
Number of updated asset objects reloaded before import = 0Number of asset objects unloaded after import = 17

========================================================================
Received Import Request.
  Time since last request: 0.000040 seconds.
  path: Assets/World/Environment/Prefabs/Building2/Roof_Tile_Tall_End_L.prefab
  artifactKey: Guid(2f6de5a4a54ae0349a3ea409031c33ca) Importer(815301076,1909f56bfc062723c751e8b465ee728b)
Start importing Assets/World/Environment/Prefabs/Building2/Roof_Tile_Tall_End_L.prefab using Guid(2f6de5a4a54ae0349a3ea409031c33ca) Importer(815301076,1909f56bfc062723c751e8b465ee728b) (PreviewImporter) -> (artifact id: '0a1bc45ba1556fbdbbb9e6703b0e4c0e') in 0.1098685 seconds
Number of updated asset objects reloaded before import = 0Number of asset objects unloaded after import = 29

========================================================================
Received Import Request.
  Time since last request: 0.000039 seconds.
  path: Assets/World/Environment/Prefabs/Building2/Wall_Window_1x2_4.prefab
  artifactKey: Guid(4395e61f2ab0d6f44a1e68270f1051f8) Importer(815301076,1909f56bfc062723c751e8b465ee728b)
Start importing Assets/World/Environment/Prefabs/Building2/Wall_Window_1x2_4.prefab using Guid(4395e61f2ab0d6f44a1e68270f1051f8) Importer(815301076,1909f56bfc062723c751e8b465ee728b) (PreviewImporter) -> (artifact id: 'd991f04181c40995c52014e5897a817e') in 0.0611927 seconds
Number of updated asset objects reloaded before import = 0Number of asset objects unloaded after import = 24

========================================================================
Received Import Request.
  Time since last request: 0.000045 seconds.
  path: Assets/World/Environment/Prefabs/Building2/Roof_Thatch_Med_2x1.prefab
  artifactKey: Guid(831c90572c88e734790a11b2113bea3d) Importer(815301076,1909f56bfc062723c751e8b465ee728b)
Start importing Assets/World/Environment/Prefabs/Building2/Roof_Thatch_Med_2x1.prefab using Guid(831c90572c88e734790a11b2113bea3d) Importer(815301076,1909f56bfc062723c751e8b465ee728b) (PreviewImporter) -> (artifact id: '5c26ba838a55d076f26fb0909a06c76e') in 0.0640628 seconds
Number of updated asset objects reloaded before import = 0Number of asset objects unloaded after import = 21

========================================================================
Received Import Request.
  Time since last request: 0.000054 seconds.
  path: Assets/World/Environment/Prefabs/Building2/Roof_Wood_Short_1x1.prefab
  artifactKey: Guid(5ce001145544ce84697323a070eec6f5) Importer(815301076,1909f56bfc062723c751e8b465ee728b)
Start importing Assets/World/Environment/Prefabs/Building2/Roof_Wood_Short_1x1.prefab using Guid(5ce001145544ce84697323a070eec6f5) Importer(815301076,1909f56bfc062723c751e8b465ee728b) (PreviewImporter) -> (artifact id: '091bded3d51c437027cf5afd93f64b6c') in 0.0500426 seconds
Number of updated asset objects reloaded before import = 0Number of asset objects unloaded after import = 17

========================================================================
Received Import Request.
  Time since last request: 0.000031 seconds.
  path: Assets/World/Environment/Prefabs/Building2/Wood_WallFrame_2x1_3.prefab
  artifactKey: Guid(f156c9acc1d7e5442983406572a14f57) Importer(815301076,1909f56bfc062723c751e8b465ee728b)
Start importing Assets/World/Environment/Prefabs/Building2/Wood_WallFrame_2x1_3.prefab using Guid(f156c9acc1d7e5442983406572a14f57) Importer(815301076,1909f56bfc062723c751e8b465ee728b) (PreviewImporter) -> (artifact id: 'be2c01cbb93700252e3faece899cbd49') in 0.0284852 seconds
Number of updated asset objects reloaded before import = 0Number of asset objects unloaded after import = 13

========================================================================
Received Import Request.
  Time since last request: 0.000056 seconds.
  path: Assets/World/Environment/Prefabs/Building2/Wood_WallFrame_2x2_5.prefab
  artifactKey: Guid(84d4846268d7a90448b513828257e1ec) Importer(815301076,1909f56bfc062723c751e8b465ee728b)
Start importing Assets/World/Environment/Prefabs/Building2/Wood_WallFrame_2x2_5.prefab using Guid(84d4846268d7a90448b513828257e1ec) Importer(815301076,1909f56bfc062723c751e8b465ee728b) (PreviewImporter) -> (artifact id: '80b2673feb28a448733f0cf11efdf50f') in 0.0272955 seconds
Number of updated asset objects reloaded before import = 0Number of asset objects unloaded after import = 13

========================================================================
Received Import Request.
  Time since last request: 0.000030 seconds.
  path: Assets/World/Environment/Prefabs/Building2/Roof_Wood_Tall_Top_Slope.prefab
  artifactKey: Guid(3c2caad285bf4de48a04efd706b42930) Importer(815301076,1909f56bfc062723c751e8b465ee728b)
Start importing Assets/World/Environment/Prefabs/Building2/Roof_Wood_Tall_Top_Slope.prefab using Guid(3c2caad285bf4de48a04efd706b42930) Importer(815301076,1909f56bfc062723c751e8b465ee728b) (PreviewImporter) -> (artifact id: '6bbc2678e43d3869637864dd01200f88') in 0.0341903 seconds
Number of updated asset objects reloaded before import = 0Number of asset objects unloaded after import = 17

========================================================================
Received Import Request.
  Time since last request: 0.000040 seconds.
  path: Assets/World/Environment/Prefabs/Building2/Wood_WallFrame_1x2_4.prefab
  artifactKey: Guid(fa19ed9e6cf958142bf0eb36212a9589) Importer(815301076,1909f56bfc062723c751e8b465ee728b)
Start importing Assets/World/Environment/Prefabs/Building2/Wood_WallFrame_1x2_4.prefab using Guid(fa19ed9e6cf958142bf0eb36212a9589) Importer(815301076,1909f56bfc062723c751e8b465ee728b) (PreviewImporter) -> (artifact id: '63c61687b0a1c042e12300ea762e41d6') in 0.0262791 seconds
Number of updated asset objects reloaded before import = 0Number of asset objects unloaded after import = 13

========================================================================
Received Import Request.
  Time since last request: 0.000042 seconds.
  path: Assets/World/Environment/Prefabs/Building2/Wood_WallFrame_2x3_6.prefab
  artifactKey: Guid(dc1d83bbeae9a264da9d2336f66162bc) Importer(815301076,1909f56bfc062723c751e8b465ee728b)
Start importing Assets/World/Environment/Prefabs/Building2/Wood_WallFrame_2x3_6.prefab using Guid(dc1d83bbeae9a264da9d2336f66162bc) Importer(815301076,1909f56bfc062723c751e8b465ee728b) (PreviewImporter) -> (artifact id: '9efcaf751d42750ba1a85bf3a88d6859') in 0.0226841 seconds
Number of updated asset objects reloaded before import = 0Number of asset objects unloaded after import = 13

========================================================================
Received Import Request.
  Time since last request: 0.000039 seconds.
  path: Assets/World/Environment/Prefabs/Building2/Wood_Pillar_WBase_WTop_Thick.prefab
  artifactKey: Guid(3b996d4864974e142a993c4b151e57c6) Importer(815301076,1909f56bfc062723c751e8b465ee728b)
Start importing Assets/World/Environment/Prefabs/Building2/Wood_Pillar_WBase_WTop_Thick.prefab using Guid(3b996d4864974e142a993c4b151e57c6) Importer(815301076,1909f56bfc062723c751e8b465ee728b) (PreviewImporter) -> (artifact id: 'f89ad00b60d03b5e7a622f60c35f6c7d') in 0.0403818 seconds
Number of updated asset objects reloaded before import = 0Number of asset objects unloaded after import = 17

========================================================================
Received Import Request.
  Time since last request: 0.000029 seconds.
  path: Assets/World/Environment/Prefabs/Building2/Wood_Pole_Frame_2x1_Slope.prefab
  artifactKey: Guid(ae9ee1e94d71bc44dbe7bf07968523e2) Importer(815301076,1909f56bfc062723c751e8b465ee728b)
Start importing Assets/World/Environment/Prefabs/Building2/Wood_Pole_Frame_2x1_Slope.prefab using Guid(ae9ee1e94d71bc44dbe7bf07968523e2) Importer(815301076,1909f56bfc062723c751e8b465ee728b) (PreviewImporter) -> (artifact id: 'dec0f12bdbf3c1d6f85e1106c14ed62e') in 0.0488191 seconds
Number of updated asset objects reloaded before import = 0Number of asset objects unloaded after import = 17

========================================================================
Received Import Request.
  Time since last request: 0.000032 seconds.
  path: Assets/World/Environment/Prefabs/Building2/Rafters_Tall_Bot.prefab
  artifactKey: Guid(5ec3e5acaf6b92447981295bec80ff6d) Importer(815301076,1909f56bfc062723c751e8b465ee728b)
Start importing Assets/World/Environment/Prefabs/Building2/Rafters_Tall_Bot.prefab using Guid(5ec3e5acaf6b92447981295bec80ff6d) Importer(815301076,1909f56bfc062723c751e8b465ee728b) (PreviewImporter) -> (artifact id: '7e272739dbb8b5dc9af4d9637341251d') in 0.0220539 seconds
Number of updated asset objects reloaded before import = 0Number of asset objects unloaded after import = 13

========================================================================
Received Import Request.
  Time since last request: 0.000100 seconds.
  path: Assets/World/Environment/Prefabs/Building2/Wood_Frame_2x1.prefab
  artifactKey: Guid(9d1147973c8126e42985b339db62da44) Importer(815301076,1909f56bfc062723c751e8b465ee728b)
Start importing Assets/World/Environment/Prefabs/Building2/Wood_Frame_2x1.prefab using Guid(9d1147973c8126e42985b339db62da44) Importer(815301076,1909f56bfc062723c751e8b465ee728b) (PreviewImporter) -> (artifact id: '0ca95f181b7ef98a41dbbed49e3e5bcf') in 0.0512837 seconds
Number of updated asset objects reloaded before import = 0Number of asset objects unloaded after import = 17

========================================================================
Received Import Request.
  Time since last request: 0.000058 seconds.
  path: Assets/World/Environment/Prefabs/Building2/Roof_Thatch35.prefab
  artifactKey: Guid(19442b712cf70eb4f894d9cafc64f1cb) Importer(815301076,1909f56bfc062723c751e8b465ee728b)
Start importing Assets/World/Environment/Prefabs/Building2/Roof_Thatch35.prefab using Guid(19442b712cf70eb4f894d9cafc64f1cb) Importer(815301076,1909f56bfc062723c751e8b465ee728b) (PreviewImporter) -> (artifact id: 'aa74c641ed781de371e6df63d0be9f51') in 0.0422607 seconds
Number of updated asset objects reloaded before import = 0Number of asset objects unloaded after import = 13

========================================================================
Received Import Request.
  Time since last request: 0.000063 seconds.
  path: Assets/World/Environment/Prefabs/Building2/Wall_Roof_Support_Tall.prefab
  artifactKey: Guid(01dfd3f0847bcc343a38c911607357b1) Importer(815301076,1909f56bfc062723c751e8b465ee728b)
Start importing Assets/World/Environment/Prefabs/Building2/Wall_Roof_Support_Tall.prefab using Guid(01dfd3f0847bcc343a38c911607357b1) Importer(815301076,1909f56bfc062723c751e8b465ee728b) (PreviewImporter) -> (artifact id: '9cfac867930468b33c82da2779bbfcbd') in 0.0596384 seconds
Number of updated asset objects reloaded before import = 0Number of asset objects unloaded after import = 21

========================================================================
Received Import Request.
  Time since last request: 0.000089 seconds.
  path: Assets/World/Environment/Prefabs/Building2/Wood_WallFrame_1x2_1.prefab
  artifactKey: Guid(5993a38d5bbe89242a2731d6466cfd19) Importer(815301076,1909f56bfc062723c751e8b465ee728b)
Start importing Assets/World/Environment/Prefabs/Building2/Wood_WallFrame_1x2_1.prefab using Guid(5993a38d5bbe89242a2731d6466cfd19) Importer(815301076,1909f56bfc062723c751e8b465ee728b) (PreviewImporter) -> (artifact id: '06e2359e106e659f1e84f1906de0d0b2') in 0.0388795 seconds
Number of updated asset objects reloaded before import = 0Number of asset objects unloaded after import = 13

========================================================================
Received Import Request.
  Time since last request: 0.000048 seconds.
  path: Assets/World/Environment/Prefabs/Building2/Roof_Wood_End_Cap_Corner_R.prefab
  artifactKey: Guid(59256a6a8645a64409cf4cbf80c8c8ad) Importer(815301076,1909f56bfc062723c751e8b465ee728b)
Start importing Assets/World/Environment/Prefabs/Building2/Roof_Wood_End_Cap_Corner_R.prefab using Guid(59256a6a8645a64409cf4cbf80c8c8ad) Importer(815301076,1909f56bfc062723c751e8b465ee728b) (PreviewImporter) -> (artifact id: 'fbbc8b9d25d7a21f0d1afd40e0d4eac5') in 0.0568377 seconds
Number of updated asset objects reloaded before import = 0Number of asset objects unloaded after import = 17

========================================================================
Received Import Request.
  Time since last request: 0.000029 seconds.
  path: Assets/World/Environment/Prefabs/Building2/Wood_WallFrame_1x2_5.prefab
  artifactKey: Guid(d51b4a4ac364ba94c96e8557cb6231d8) Importer(815301076,1909f56bfc062723c751e8b465ee728b)
Start importing Assets/World/Environment/Prefabs/Building2/Wood_WallFrame_1x2_5.prefab using Guid(d51b4a4ac364ba94c96e8557cb6231d8) Importer(815301076,1909f56bfc062723c751e8b465ee728b) (PreviewImporter) -> (artifact id: 'a9b428b7f9267a4b1a8eecbcfaf19a24') in 0.0316437 seconds
Number of updated asset objects reloaded before import = 0Number of asset objects unloaded after import = 13

========================================================================
Received Import Request.
  Time since last request: 0.000042 seconds.
  path: Assets/World/Environment/Prefabs/Building2/Wall_Roof_Support_Med.prefab
  artifactKey: Guid(a42e6bb62d5d2354ca340b16d6f49d47) Importer(815301076,1909f56bfc062723c751e8b465ee728b)
Start importing Assets/World/Environment/Prefabs/Building2/Wall_Roof_Support_Med.prefab using Guid(a42e6bb62d5d2354ca340b16d6f49d47) Importer(815301076,1909f56bfc062723c751e8b465ee728b) (PreviewImporter) -> (artifact id: 'daae55112737c0ed55d20019f744d884') in 0.0679399 seconds
Number of updated asset objects reloaded before import = 0Number of asset objects unloaded after import = 21

========================================================================
Received Import Request.
  Time since last request: 0.000046 seconds.
  path: Assets/World/Environment/Prefabs/Building2/Wall_Corner_1x3.prefab
  artifactKey: Guid(d772077320b89414b8ca749e6016e1a9) Importer(815301076,1909f56bfc062723c751e8b465ee728b)
Start importing Assets/World/Environment/Prefabs/Building2/Wall_Corner_1x3.prefab using Guid(d772077320b89414b8ca749e6016e1a9) Importer(815301076,1909f56bfc062723c751e8b465ee728b) (PreviewImporter) -> (artifact id: '188089a9864484f3bf7b687b446a22fa') in 0.0425868 seconds
Number of updated asset objects reloaded before import = 0Number of asset objects unloaded after import = 16

Editor requested this worker to shutdown with reason: Scaling down because of idle timeout
AssetImportWorker is now disconnected from the server
Process exiting
Exiting without the bug reporter. Application will terminate with return code 0